I/InputDispatcher( 2282): Delivering touch to current input target: action: 0x1

I/InputDispatcher( 2282): Delivering touch to current input target: action: 0x1

I/InputDispatcher( 2282): Delivering touch to current input target: action: 0x1

I/SurfaceFlinger( 1899): id=398(182) createSurf 0x41bfbb4c (144x172),1 flag=0, QopupWindow

I/SurfaceFlinger( 1899): SurfaceFlinger : eMagnificationFactorChanged.  magnificationFactor=1.0

I/SurfaceFlinger( 1899): SurfaceFlinger : eZoomPositionChanged.  zoomX=0.0 zoomY=0.0

D/KeyguardViewMediator( 2282): setHidden false

V/LvOutput( 1902): initCheck: 0

V/LvOutput( 1902): detachEffects: detach processing for output 2, stream 1, session 416

V/LvOutput( 1902): detachEffects: no output processing was attached to this stream

V/AudioPolicyManagerBase( 1902): stopOutput() output 2, stream 1, session 416

V/AudioPolicyManagerBase( 1902): changeRefCount() stream 1, count 0

V/AudioPolicyManagerBase( 1902): getNewDevice() selected device 0

V/AudioPolicyManagerBase( 1902): setOutputDevice() output 2 device 0000 force 0 delayMs 184 

V/AudioPolicyManagerBase( 1902): setOutputDevice() prevDevice 0002

V/AudioPolicyManagerBase( 1902): setOutputDevice() setting same device 0000 or null device for output 2

I/SurfaceFlinger( 1899): id=398 Removed QopupWindow idx=4 MapSz=4

D/KeyguardViewMediator( 2282): setHidden false

I/SurfaceFlinger( 1899): id=398 Removed QopupWindow idx=-2 MapSz=4

I/InputReader( 2282): Touch event's action is 0x0 (deviceType=0) [pCnt=1, s=0.559 ]

I/InputDispatcher( 2282): Delivering touch to current input target: action: 0x0

I/InputDispatcher( 2282): Delivering touch to current input target: action: 0x0

I/InputDispatcher( 2282): Delivering touch to current input target: action: 0x0

E/AudioPolicyService( 1902): getOutput() tid 1902 ++

E/AudioPolicyService( 1902): getOutput() tid 1902 --

V/AudioPolicyManagerBase( 1902): getOutput() stream 1, samplingRate 0, format 0, channelMask 3, flags 0

V/AudioPolicyManagerBase( 1902): getOutputsForDevice device 0002 -> 0002

V/AudioPolicyManagerBase( 1902): getOutput() returns output 2

E/AudioPolicyService( 1902): getOutput() tid 2199 ++

E/AudioPolicyService( 1902): getOutput() tid 2199 --

V/AudioPolicyManagerBase( 1902): getOutput() stream 1, samplingRate 0, format 0, channelMask 3, flags 0

V/AudioPolicyManagerBase( 1902): getOutputsForDevice device 0002 -> 0002

V/AudioPolicyManagerBase( 1902): getOutput() returns output 2

E/AudioPolicyService( 1902): getOutput() tid 2218 ++

E/AudioPolicyService( 1902): getOutput() tid 2218 --

V/AudioPolicyManagerBase( 1902): getOutput() stream 1, samplingRate 44100, format 1, channelMask 3, flags 4

V/AudioPolicyManagerBase( 1902): getOutputsForDevice device 0002 -> 0002

V/AudioPolicyManagerBase( 1902): getOutput() returns output 2

V/LvOutput( 1902): initCheck: 0

V/LvOutput( 1902): attachEffects: attach processing to output 2, stream 1, session 417, mode 0

V/LvOutput( 1902): attachEffects: no output processing needs to be attached to this stream

V/LvOutput( 1902): LvOutput::setAllProcessorEnabled(false) mOutputs.size(0)

V/AudioPolicyManagerBase( 1902): startOutput() output 2, stream 1, session 417

V/AudioPolicyManagerBase( 1902): changeRefCount() stream 1, count 1

V/AudioPolicyManagerBase( 1902): getNewDevice() selected device 2

V/AudioPolicyManagerBase( 1902): setOutputDevice() output 2 device 0002 force 0 delayMs 0 

V/AudioPolicyManagerBase( 1902): setOutputDevice() prevDevice 0002

V/AudioPolicyManagerBase( 1902): setOutputDevice() setting same device 0002 or null device for output 2

V/AudioPolicyManagerBase( 1902): releaseOutput() 2

D/STATUSBAR-NetworkController( 2577): onDataActivity: direction=3

I/AudioMixer( 1902): setParameter(TRACK, FORMAT, 0x1)

E/AudioMixer( 1902): MOON > checkSEC_PCM ++ 1

D/STATUSBAR-NetworkController( 2577): refreshSignalCluster: data=2 bt=false

D/STATUSBAR-SignalClusterView( 2577): mSeparateMobileGroup=0

D/STATUSBAR-SignalClusterView( 2577): mSeparateMobileGroup=0

D/STATUSBAR-SignalClusterView( 2577): mSeparateMobileGroup=0

I/SurfaceFlinger( 1899): id=399(183) createSurf 0x438c823c (172x172),1 flag=0, QopupWindow

I/SurfaceFlinger( 1899): SurfaceFlinger : eMagnificationFactorChanged.  magnificationFactor=1.0

I/SurfaceFlinger( 1899): SurfaceFlinger : eZoomPositionChanged.  zoomX=0.0 zoomY=0.0

D/KeyguardViewMediator( 2282): setHidden false

I/InputReader( 2282): Touch event's action is 0x1 (deviceType=0) [pCnt=1, s=]

I/InputDispatcher( 2282): Delivering touch to current input target: action: 0x1

I/InputDispatcher( 2282): Delivering touch to current input target: action: 0x1

I/InputDispatcher( 2282): Delivering touch to current input target: action: 0x1

V/LvOutput( 1902): initCheck: 0

V/LvOutput( 1902): detachEffects: detach processing for output 2, stream 1, session 417

V/LvOutput( 1902): detachEffects: no output processing was attached to this stream

V/AudioPolicyManagerBase( 1902): stopOutput() output 2, stream 1, session 417

V/AudioPolicyManagerBase( 1902): changeRefCount() stream 1, count 0

V/AudioPolicyManagerBase( 1902): getNewDevice() selected device 0

V/AudioPolicyManagerBase( 1902): setOutputDevice() output 2 device 0000 force 0 delayMs 184 

V/AudioPolicyManagerBase( 1902): setOutputDevice() prevDevice 0002

V/AudioPolicyManagerBase( 1902): setOutputDevice() setting same device 0000 or null device for output 2

D/KeyguardViewMediator( 2282): setHidden false

I/SurfaceFlinger( 1899): id=399 Removed QopupWindow idx=4 MapSz=4

D/KeyguardViewMediator( 2282): setHidden false

I/SurfaceFlinger( 1899): id=399 Removed QopupWindow idx=-2 MapSz=4

I/InputReader( 2282): Touch event's action is 0x0 (deviceType=0) [pCnt=1, s=0.560 ]

I/InputDispatcher( 2282): Delivering touch to current input target: action: 0x0

I/InputDispatcher( 2282): Delivering touch to current input target: action: 0x0

I/InputDispatcher( 2282): Delivering touch to current input target: action: 0x0

E/AudioPolicyService( 1902): getOutput() tid 1902 ++

E/AudioPolicyService( 1902): getOutput() tid 1902 --

V/AudioPolicyManagerBase( 1902): getOutput() stream 1, samplingRate 0, format 0, channelMask 3, flags 0

V/AudioPolicyManagerBase( 1902): getOutputsForDevice device 0002 -> 0002

V/AudioPolicyManagerBase( 1902): getOutput() returns output 2

E/AudioPolicyService( 1902): getOutput() tid 2218 ++

E/AudioPolicyService( 1902): getOutput() tid 2218 --

V/AudioPolicyManagerBase( 1902): getOutput() stream 1, samplingRate 0, format 0, channelMask 3, flags 0

V/AudioPolicyManagerBase( 1902): getOutputsForDevice device 0002 -> 0002

V/AudioPolicyManagerBase( 1902): getOutput() returns output 2

E/AudioPolicyService( 1902): getOutput() tid 2199 ++

E/AudioPolicyService( 1902): getOutput() tid 2199 --

V/AudioPolicyManagerBase( 1902): getOutput() stream 1, samplingRate 44100, format 1, channelMask 3, flags 4

V/AudioPolicyManagerBase( 1902): getOutputsForDevice device 0002 -> 0002

V/AudioPolicyManagerBase( 1902): getOutput() returns output 2

V/LvOutput( 1902): initCheck: 0

V/LvOutput( 1902): attachEffects: attach processing to output 2, stream 1, session 418, mode 0

V/LvOutput( 1902): attachEffects: no output processing needs to be attached to this stream

V/LvOutput( 1902): LvOutput::setAllProcessorEnabled(false) mOutputs.size(0)

V/AudioPolicyManagerBase( 1902): startOutput() output 2, stream 1, session 418

V/AudioPolicyManagerBase( 1902): changeRefCount() stream 1, count 1

V/AudioPolicyManagerBase( 1902): getNewDevice() selected device 2

V/AudioPolicyManagerBase( 1902): setOutputDevice() output 2 device 0002 force 0 delayMs 0 

V/AudioPolicyManagerBase( 1902): setOutputDevice() prevDevice 0002

V/AudioPolicyManagerBase( 1902): setOutputDevice() setting same device 0002 or null device for output 2

V/AudioPolicyManagerBase( 1902): releaseOutput() 2

I/AudioMixer( 1902): setParameter(TRACK, FORMAT, 0x1)

E/AudioMixer( 1902): MOON > checkSEC_PCM ++ 1

I/InputReader( 2282): Touch event's action is 0x1 (deviceType=0) [pCnt=1, s=]

I/InputDispatcher( 2282): Delivering touch to current input target: action: 0x1

I/InputDispatcher( 2282): Delivering touch to current input target: action: 0x1

I/InputDispatcher( 2282): Delivering touch to current input target: action: 0x1

I/SurfaceFlinger( 1899): id=400(184) createSurf 0x438c9dc4 (118x172),1 flag=0, QopupWindow

I/SurfaceFlinger( 1899): SurfaceFlinger : eMagnificationFactorChanged.  magnificationFactor=1.0

I/SurfaceFlinger( 1899): SurfaceFlinger : eZoomPositionChanged.  zoomX=0.0 zoomY=0.0

D/KeyguardViewMediator( 2282): setHidden false

I/SurfaceFlinger( 1899): id=400 Removed QopupWindow idx=4 MapSz=4

D/KeyguardViewMediator( 2282): setHidden false

I/SurfaceFlinger( 1899): id=400 Removed QopupWindow idx=-2 MapSz=4

V/LvOutput( 1902): initCheck: 0

V/LvOutput( 1902): detachEffects: detach processing for output 2, stream 1, session 418

V/LvOutput( 1902): detachEffects: no output processing was attached to this stream

V/AudioPolicyManagerBase( 1902): stopOutput() output 2, stream 1, session 418

V/AudioPolicyManagerBase( 1902): changeRefCount() stream 1, count 0

V/AudioPolicyManagerBase( 1902): getNewDevice() selected device 0

V/AudioPolicyManagerBase( 1902): setOutputDevice() output 2 device 0000 force 0 delayMs 184 

V/AudioPolicyManagerBase( 1902): setOutputDevice() prevDevice 0002

V/AudioPolicyManagerBase( 1902): setOutputDevice() setting same device 0000 or null device for output 2

I/InputReader( 2282): Touch event's action is 0x0 (deviceType=0) [pCnt=1, s=0.561 ]

I/InputDispatcher( 2282): Delivering touch to current input target: action: 0x0

I/InputDispatcher( 2282): Delivering touch to current input target: action: 0x0

I/InputDispatcher( 2282): Delivering touch to current input target: action: 0x0

E/AudioPolicyService( 1902): getOutput() tid 2218 ++

E/AudioPolicyService( 1902): getOutput() tid 2218 --

V/AudioPolicyManagerBase( 1902): getOutput() stream 1, samplingRate 0, format 0, channelMask 3, flags 0

V/AudioPolicyManagerBase( 1902): getOutputsForDevice device 0002 -> 0002

V/AudioPolicyManagerBase( 1902): getOutput() returns output 2

E/AudioPolicyService( 1902): getOutput() tid 2199 ++

E/AudioPolicyService( 1902): getOutput() tid 2199 --

V/AudioPolicyManagerBase( 1902): getOutput() stream 1, samplingRate 0, format 0, channelMask 3, flags 0

V/AudioPolicyManagerBase( 1902): getOutputsForDevice device 0002 -> 0002

V/AudioPolicyManagerBase( 1902): getOutput() returns output 2

E/AudioPolicyService( 1902): getOutput() tid 1902 ++

E/AudioPolicyService( 1902): getOutput() tid 1902 --

V/AudioPolicyManagerBase( 1902): getOutput() stream 1, samplingRate 44100, format 1, channelMask 3, flags 4

V/AudioPolicyManagerBase( 1902): getOutputsForDevice device 0002 -> 0002

V/AudioPolicyManagerBase( 1902): getOutput() returns output 2

V/LvOutput( 1902): initCheck: 0

V/LvOutput( 1902): attachEffects: attach processing to output 2, stream 1, session 419, mode 0

V/LvOutput( 1902): attachEffects: no output processing needs to be attached to this stream

V/LvOutput( 1902): LvOutput::setAllProcessorEnabled(false) mOutputs.size(0)

V/AudioPolicyManagerBase( 1902): startOutput() output 2, stream 1, session 419

V/AudioPolicyManagerBase( 1902): changeRefCount() stream 1, count 1

V/AudioPolicyManagerBase( 1902): getNewDevice() selected device 2

V/AudioPolicyManagerBase( 1902): setOutputDevice() output 2 device 0002 force 0 delayMs 0 

V/AudioPolicyManagerBase( 1902): setOutputDevice() prevDevice 0002

V/AudioPolicyManagerBase( 1902): setOutputDevice() setting same device 0002 or null device for output 2

V/AudioPolicyManagerBase( 1902): releaseOutput() 2

I/AudioMixer( 1902): setParameter(TRACK, FORMAT, 0x1)

E/AudioMixer( 1902): MOON > checkSEC_PCM ++ 1

I/InputReader( 2282): Touch event's action is 0x1 (deviceType=0) [pCnt=1, s=]

I/InputDispatcher( 2282): Delivering touch to current input target: action: 0x1

I/InputDispatcher( 2282): Delivering touch to current input target: action: 0x1

I/InputDispatcher( 2282): Delivering touch to current input target: action: 0x1

I/SurfaceFlinger( 1899): id=401(185) createSurf 0x436a93c4 (118x172),1 flag=0, QopupWindow

I/SurfaceFlinger( 1899): SurfaceFlinger : eMagnificationFactorChanged.  magnificationFactor=1.0

I/SurfaceFlinger( 1899): SurfaceFlinger : eZoomPositionChanged.  zoomX=0.0 zoomY=0.0

D/KeyguardViewMediator( 2282): setHidden false

I/SurfaceFlinger( 1899): id=401 Removed QopupWindow idx=4 MapSz=4

D/KeyguardViewMediator( 2282): setHidden false

I/SurfaceFlinger( 1899): id=401 Removed QopupWindow idx=-2 MapSz=4

V/LvOutput( 1902): initCheck: 0

V/LvOutput( 1902): detachEffects: detach processing for output 2, stream 1, session 419

V/LvOutput( 1902): detachEffects: no output processing was attached to this stream

V/AudioPolicyManagerBase( 1902): stopOutput() output 2, stream 1, session 419

V/AudioPolicyManagerBase( 1902): changeRefCount() stream 1, count 0

V/AudioPolicyManagerBase( 1902): getNewDevice() selected device 0

V/AudioPolicyManagerBase( 1902): setOutputDevice() output 2 device 0000 force 0 delayMs 184 

V/AudioPolicyManagerBase( 1902): setOutputDevice() prevDevice 0002

V/AudioPolicyManagerBase( 1902): setOutputDevice() setting same device 0000 or null device for output 2

V/AlarmManager( 2282): waitForAlarm result :4

D/BatteryService( 2282): update start

D/BatteryService( 2282): level:96 scale:100 status:2 health:2 present:true voltage: 4167 temperature: 360 technology: Li-ion AC powered:false USB powered:true icon:17303231 invalid charger:0

D/STATUSBAR-BatteryController( 2577): onReceive() - ACTION_BATTERY_CHANGED

D/STATUSBAR-BatteryController( 2577): onReceive() - level:96

D/STATUSBAR-BatteryController( 2577): onReceive() - plugged:2

D/STATUSBAR-BatteryController( 2577): onReceive() - BATTERY_STATUS_CHARGING:

D/STATUSBAR-PhoneStatusBar( 2577): ACTION_BATTERY_CHANGED

E/MtpService( 9545): In MTPAPP onReceive:android.intent.action.BATTERY_CHANGED

E/MtpService( 9545): battPlugged Type : 2

D/PowerManagerService( 2282): lightSensorChangedLocked value=151 immediate=false

I/PowerManagerService( 2282): fileWriteInt : /sys/class/backlight/panel/auto_brightness  value : 3

D/PowerManagerService( 2282): getAutoBrightnessValue : mDynamicAutoBrightnessValue = 86 ( 28 < 151 <= 425 )

I/power   ( 2282): *** acquire_dvfs_lock : lockType : 1  freq : 1400000 

D/PowerManagerService( 2282): getAutoBrightnessValue : in bound ( 28 < 151 <= 425 )

D/PowerManagerService( 2282): lcdValue 86

D/PowerManagerService( 2282): buttonValue 86

D/PowerManagerService( 2282): keyboardValue 0

D/PowerManagerService( 2282): acquireDVFSLockLocked : type : DVFS_MIN_LIMIT  frequency : 1400000  uid : 1000  pid : 2282  tag : AMOLED_Animation

D/PowerManagerService( 2282): lightSensorChangedLocked : mKeyboardLight : 0

D/lights  ( 2282): LCD : 21 +

D/lights  ( 2282): LCD : 21 -

D/LightsService( 2282): setLightLocked is called

D/lights  ( 2282): LCD : 22 +

D/lights  ( 2282): LCD : 22 -

D/LightsService( 2282): setLightLocked is called

D/lights  ( 2282): LCD : 23 +

D/lights  ( 2282): LCD : 23 -

D/LightsService( 2282): setLightLocked is called

D/lights  ( 2282): LCD : 24 +

D/lights  ( 2282): LCD : 24 -

D/LightsService( 2282): setLightLocked is called

D/lights  ( 2282): LCD : 25 +

D/lights  ( 2282): LCD : 25 -

D/lights  ( 2282): LCD : 26 +

D/lights  ( 2282): LCD : 26 -

D/LightsService( 2282): setLightLocked is called

D/LightsService( 2282): setLightLocked is called

D/lights  ( 2282): LCD : 25 +

D/lights  ( 2282): LCD : 25 -

D/LightsService( 2282): setLightLocked is called

D/lights  ( 2282): LCD : 29 +

D/lights  ( 2282): LCD : 29 -

D/LightsService( 2282): setLightLocked is called

D/lights  ( 2282): LCD : 32 +

D/lights  ( 2282): LCD : 32 -

D/LightsService( 2282): setLightLocked is called

D/lights  ( 2282): LCD : 36 +

D/lights  ( 2282): LCD : 36 -

D/LightsService( 2282): setLightLocked is called

D/lights  ( 2282): LCD : 40 +

D/lights  ( 2282): LCD : 40 -

D/lights  ( 2282): LCD : 47 +

D/lights  ( 2282): LCD : 47 -

D/LightsService( 2282): setLightLocked is called

D/LightsService( 2282): setLightLocked is called

D/lights  ( 2282): LCD : 48 +

D/lights  ( 2282): LCD : 48 -

D/LightsService( 2282): setLightLocked is called

D/lights  ( 2282): LCD : 49 +

D/lights  ( 2282): LCD : 49 -

D/LightsService( 2282): setLightLocked is called

D/lights  ( 2282): LCD : 50 +

D/lights  ( 2282): LCD : 50 -

D/lights  ( 2282): LCD : 54 +

D/lights  ( 2282): LCD : 54 -

D/LightsService( 2282): setLightLocked is called

D/LightsService( 2282): setLightLocked is called

D/lights  ( 2282): LCD : 55 +

D/lights  ( 2282): LCD : 55 -

D/LightsService( 2282): setLightLocked is called

D/lights  ( 2282): LCD : 56 +

D/lights  ( 2282): LCD : 56 -

D/LightsService( 2282): setLightLocked is called

D/lights  ( 2282): LCD : 57 +

D/lights  ( 2282): LCD : 57 -

D/LightsService( 2282): setLightLocked is called

D/lights  ( 2282): LCD : 58 +

D/lights  ( 2282): LCD : 58 -

D/LightsService( 2282): setLightLocked is called

D/lights  ( 2282): LCD : 59 +

D/lights  ( 2282): LCD : 59 -

D/LightsService( 2282): setLightLocked is called

D/lights  ( 2282): LCD : 60 +

D/lights  ( 2282): LCD : 60 -

D/LightsService( 2282): setLightLocked is called

D/lights  ( 2282): LCD : 61 +

D/lights  ( 2282): LCD : 61 -

D/LightsService( 2282): setLightLocked is called

D/lights  ( 2282): LCD : 62 +

D/lights  ( 2282): LCD : 62 -

D/LightsService( 2282): setLightLocked is called

D/lights  ( 2282): LCD : 63 +

D/lights  ( 2282): LCD : 63 -

D/STATUSBAR-NetworkController( 2577): onDataActivity: direction=0

D/STATUSBAR-NetworkController( 2577): refreshSignalCluster: data=2 bt=false

D/LightsService( 2282): setLightLocked is called

D/STATUSBAR-SignalClusterView( 2577): mSeparateMobileGroup=0

D/STATUSBAR-SignalClusterView( 2577): mSeparateMobileGroup=0

D/STATUSBAR-SignalClusterView( 2577): mSeparateMobileGroup=0

D/lights  ( 2282): LCD : 64 +

D/lights  ( 2282): LCD : 64 -

D/LightsService( 2282): setLightLocked is called

D/lights  ( 2282): LCD : 65 +

D/lights  ( 2282): LCD : 65 -

D/LightsService( 2282): setLightLocked is called

D/lights  ( 2282): LCD : 66 +

D/lights  ( 2282): LCD : 66 -

D/lights  ( 2282): LCD : 67 +

D/lights  ( 2282): LCD : 67 -

D/LightsService( 2282): setLightLocked is called

D/lights  ( 2282): LCD : 68 +

D/lights  ( 2282): LCD : 68 -

D/LightsService( 2282): setLightLocked is called

D/LightsService( 2282): setLightLocked is called

D/lights  ( 2282): LCD : 69 +

D/lights  ( 2282): LCD : 69 -

D/LightsService( 2282): setLightLocked is called

D/lights  ( 2282): LCD : 70 +

D/lights  ( 2282): LCD : 70 -

D/lights  ( 2282): LCD : 74 +

D/lights  ( 2282): LCD : 74 -

D/LightsService( 2282): setLightLocked is called

D/LightsService( 2282): setLightLocked is called

D/lights  ( 2282): LCD : 75 +

D/lights  ( 2282): LCD : 75 -

D/LightsService( 2282): setLightLocked is called

D/lights  ( 2282): LCD : 76 +

D/lights  ( 2282): LCD : 76 -

D/lights  ( 2282): LCD : 77 +

D/lights  ( 2282): LCD : 77 -

D/LightsService( 2282): setLightLocked is called

D/LightsService( 2282): setLightLocked is called

D/lights  ( 2282): LCD : 78 +

D/lights  ( 2282): LCD : 78 -

D/LightsService( 2282): setLightLocked is called

I/InputReader( 2282): Touch event's action is 0x0 (deviceType=0) [pCnt=1, s=0.562 ]

I/InputDispatcher( 2282): Delivering touch to current input target: action: 0x0

I/InputDispatcher( 2282): Delivering touch to current input target: action: 0x0

I/InputDispatcher( 2282): Delivering touch to current input target: action: 0x0

D/lights  ( 2282): LCD : 79 +

D/lights  ( 2282): LCD : 79 -

D/LightsService( 2282): setLightLocked is called

D/lights  ( 2282): LCD : 80 +

D/lights  ( 2282): LCD : 80 -

D/lights  ( 2282): LCD : 84 +

D/lights  ( 2282): LCD : 84 -

I/InputReader( 2282): Touch event's action is 0x1 (deviceType=0) [pCnt=1, s=]

I/InputDispatcher( 2282): Delivering touch to current input target: action: 0x1

I/InputDispatcher( 2282): Delivering touch to current input target: action: 0x1

I/InputDispatcher( 2282): Delivering touch to current input target: action: 0x1

D/LightsService( 2282): setLightLocked is called

D/LightsService( 2282): setLightLocked is called

D/VpnImpl (27247): Redirect IP: 192.168.1.1

D/VpnImpl (27247): Blocklist: the,888

I/AudioPolicyManagerBase( 1902): getSituationVolume: isBTConnected:0 isHeadConnected:0

V/AudioPolicyManagerBase( 1902): getParamFromPolicy  deviceInt = 0, situationInt = 1, situationVolume = 0.500000

E/AudioPolicyService( 1902): getOutput() tid 1902 ++

E/AudioPolicyService( 1902): getOutput() tid 1902 --

V/AudioPolicyManagerBase( 1902): getOutput() stream 1, samplingRate 0, format 0, channelMask 3, flags 0

V/AudioPolicyManagerBase( 1902): getOutputsForDevice device 0002 -> 0002

V/AudioPolicyManagerBase( 1902): getOutput() returns output 2

E/AudioPolicyService( 1902): getOutput() tid 2199 ++

E/AudioPolicyService( 1902): getOutput() tid 2199 --

V/AudioPolicyManagerBase( 1902): getOutput() stream 1, samplingRate 0, format 0, channelMask 3, flags 0

V/AudioPolicyManagerBase( 1902): getOutputsForDevice device 0002 -> 0002

V/AudioPolicyManagerBase( 1902): getOutput() returns output 2

E/AudioPolicyService( 1902): getOutput() tid 2218 ++

E/AudioPolicyService( 1902): getOutput() tid 2218 --

V/AudioPolicyManagerBase( 1902): getOutput() stream 1, samplingRate 44100, format 1, channelMask 3, flags 4

V/AudioPolicyManagerBase( 1902): getOutputsForDevice device 0002 -> 0002

V/AudioPolicyManagerBase( 1902): getOutput() returns output 2

D/VpnImpl (27247): Starting!

V/LvOutput( 1902): initCheck: 0

V/LvOutput( 1902): attachEffects: attach processing to output 2, stream 1, session 420, mode 0

V/LvOutput( 1902): attachEffects: no output processing needs to be attached to this stream

V/LvOutput( 1902): LvOutput::setAllProcessorEnabled(false) mOutputs.size(0)

V/AudioPolicyManagerBase( 1902): startOutput() output 2, stream 1, session 420

V/AudioPolicyManagerBase( 1902): changeRefCount() stream 1, count 1

V/AudioPolicyManagerBase( 1902): getNewDevice() selected device 2

V/AudioPolicyManagerBase( 1902): setOutputDevice() output 2 device 0002 force 0 delayMs 0 

V/AudioPolicyManagerBase( 1902): setOutputDevice() prevDevice 0002

V/AudioPolicyManagerBase( 1902): setOutputDevice() setting same device 0002 or null device for output 2

V/AudioPolicyManagerBase( 1902): releaseOutput() 2

D/VpnImpl (27247): starting the thread!

D/VpnImpl (27247): started

D/VpnImpl (27247): in run() 

V/DNSVPN  (27247): Starting up native code

E/NotificationService( 2282): Suppressing notification from package example.com.dnsvpn by user request.

I/AudioMixer( 1902): setParameter(TRACK, FORMAT, 0x1)

E/AudioMixer( 1902): MOON > checkSEC_PCM ++ 1

D/Tethering( 2282): interfaceAdded tun1

D/Tethering( 2282): tun1 is not a tetherable iface, ignoring

D/Tethering( 2282): interfaceLinkStateChanged tun1, false

D/Tethering( 2282): interfaceStatusChanged tun1, false

D/Tethering( 2282): interfaceLinkStateChanged tun1, true

D/Tethering( 2282): interfaceStatusChanged tun1, true

D/VpnJni  ( 2282): Address added on tun1: 192.168.217.1/24

D/VpnJni  ( 2282): Address added on tun1: 192.168.217.1/24

D/VpnJni  ( 2282): Route added on tun1: 8.8.8.8/32

D/VpnJni  ( 2282): Route added on tun1: 8.8.8.8/32

D/Tethering( 2282): interfaceLinkStateChanged tun0, false

D/Tethering( 2282): interfaceStatusChanged tun0, false

D/lights  ( 2282): LCD : 85 +

D/lights  ( 2282): LCD : 85 -

I/Vpn     ( 2282): Established by example.com.dnsvpn.VpnImpl on tun1

D/LightsService( 2282): setLightLocked is called

D/VpnImpl (27247): Status: Starting

D/ApplicationPolicy( 2282): isStatusBarNotificationAllowed: packageName = android

D/VpnImpl (27247): about to enter loop

D/STATUSBAR-NotificationService( 2282): Noti Alert - mSystemReady:true, AlertEnabled:true

D/lights  ( 2282): LCD : 86 +

D/lights  ( 2282): LCD : 86 -

I/power   ( 2282): *** release_dvfs_lock : lockType : 1 

D/StatusBar( 2577): expanding top notification at 2entry.userCollapsed() = false

D/LightsService( 2282): setLightLocked is called

I/PowerManagerService( 2282): Light Animator Finished currentValue=86

D/PowerManagerService( 2282): releaseDVFSLockLocked : all DVFS_MIN_LIMIT are released 

D/VpnImpl (27247): Status: Running

D/StatusBar( 2577): expanding top notification at 3entry.userCollapsed() = false

V/LvOutput( 1902): initCheck: 0

V/LvOutput( 1902): detachEffects: detach processing for output 2, stream 1, session 420

V/LvOutput( 1902): detachEffects: no output processing was attached to this stream

V/AudioPolicyManagerBase( 1902): stopOutput() output 2, stream 1, session 420

V/AudioPolicyManagerBase( 1902): changeRefCount() stream 1, count 0

V/AudioPolicyManagerBase( 1902): getNewDevice() selected device 0

V/AudioPolicyManagerBase( 1902): setOutputDevice() output 2 device 0000 force 0 delayMs 184 

V/AudioPolicyManagerBase( 1902): setOutputDevice() prevDevice 0002

V/AudioPolicyManagerBase( 1902): setOutputDevice() setting same device 0000 or null device for output 2

D/STATUSBAR-NetworkController( 2577): onDataActivity: direction=3

D/STATUSBAR-NetworkController( 2577): refreshSignalCluster: data=2 bt=false

D/STATUSBAR-SignalClusterView( 2577): mSeparateMobileGroup=0

D/STATUSBAR-SignalClusterView( 2577): mSeparateMobileGroup=0

D/STATUSBAR-SignalClusterView( 2577): mSeparateMobileGroup=0

D/VpnImpl (27247): >>> INBOUND 54 bytes

W/SignalStrength( 2577): getGsmLevel=4

W/SignalStrength( 2577): getLevel=4 (SignalStrength: 12 -1 -1 -1 -1 -1 -1 -1 -1 -1 -1 -1 gsm|lte 4)

D/STATUSBAR-NetworkController( 2577): onServiceStateChanged state=0

D/STATUSBAR-NetworkController( 2577): updateDataNetType()

D/STATUSBAR-NetworkController( 2577): Nothing, mRoamingIconId = 0

V/Mms/DownloadManager(20532): Service state changed: Bundle[mParcelledData.dataSize=656]

I/WifiService( 2282): Booster FLAG : 1

I/WifiService( 2282): mBoosterFLAG : 1

I/WifiService( 2282): current booster mode : FullMode

V/Mms/DownloadManager(20532): roaming ------> false

V/Mms/DownloadManager(20532): auto download without roaming -> true

V/Mms/DownloadManager(20532): auto download during roaming -> false

V/Mms/DownloadManager(20532): mAutoDownload ------> true

D/WifiService( 2282): onDataConnectionStateChanged: state -2, networkType - HSPA+

D/STATUSBAR-NetworkController( 2577): onDataConnectionStateChanged: state=2 type=15

D/STATUSBAR-NetworkController( 2577): updateDataNetType()

D/STATUSBAR-NetworkController( 2577): Nothing, mRoamingIconId = 0

D/STATUSBAR-NetworkController( 2577): refreshSignalCluster: data=2 bt=false

D/STATUSBAR-SignalClusterView( 2577): mSeparateMobileGroup=0

D/STATUSBAR-SignalClusterView( 2577): mSeparateMobileGroup=0

D/STATUSBAR-SignalClusterView( 2577): mSeparateMobileGroup=0

D/ContextualPageReceiver( 2840): mContextualPageReceiver: ACTION_SERVICE_STATE_CHANGED isRoaming : false

D/StatusChecker(21690): onReceive : android.intent.action.SERVICE_STATE

D/StatusChecker(21690): Service state changed : 0

D/MobileDataStateTracker( 2282): default: Received state=CONNECTED, old=CONNECTED, reason=nwTypeChanged

D/PhoneApp( 2768): mReceiver: ACTION_ANY_DATA_CONNECTION_STATE_CHANGED

D/NotificationMgr( 2768): hideDataDisconnectedRoaming()...

W/AlarmManager( 2282): FACTORY_ON= 0

W/AlarmManager( 2282): FACTORY_ON= 0

I/InputReader( 2282): Touch event's action is 0x0 (deviceType=0) [pCnt=1, s=0.563 ]

I/InputDispatcher( 2282): Delivering touch to current input target: action: 0x0

I/InputDispatcher( 2282): Delivering touch to current input target: action: 0x0

I/InputDispatcher( 2282): Delivering touch to current input target: action: 0x0

I/InputReader( 2282): Touch event's action is 0x1 (deviceType=0) [pCnt=1, s=]

I/InputDispatcher( 2282): Delivering touch to current input target: action: 0x1

I/InputDispatcher( 2282): Delivering touch to current input target: action: 0x1

I/InputDispatcher( 2282): Delivering touch to current input target: action: 0x1

I/AudioPolicyManagerBase( 1902): getSituationVolume: isBTConnected:0 isHeadConnected:0

V/AudioPolicyManagerBase( 1902): getParamFromPolicy  deviceInt = 0, situationInt = 1, situationVolume = 0.500000

D/VpnImpl (27247): Redirect IP: 192.168.1.1

E/AudioPolicyService( 1902): getOutput() tid 2218 ++

E/AudioPolicyService( 1902): getOutput() tid 2218 --

V/AudioPolicyManagerBase( 1902): getOutput() stream 1, samplingRate 0, format 0, channelMask 3, flags 0

D/VpnImpl (27247): Blocklist: the,888

V/AudioPolicyManagerBase( 1902): getOutputsForDevice device 0002 -> 0002

V/AudioPolicyManagerBase( 1902): getOutput() returns output 2

E/AudioPolicyService( 1902): getOutput() tid 2199 ++

E/AudioPolicyService( 1902): getOutput() tid 2199 --

V/AudioPolicyManagerBase( 1902): getOutput() stream 1, samplingRate 0, format 0, channelMask 3, flags 0

V/AudioPolicyManagerBase( 1902): getOutputsForDevice device 0002 -> 0002

V/AudioPolicyManagerBase( 1902): getOutput() returns output 2

E/AudioPolicyService( 1902): getOutput() tid 1902 ++

E/AudioPolicyService( 1902): getOutput() tid 1902 --

V/AudioPolicyManagerBase( 1902): getOutput() stream 1, samplingRate 44100, format 1, channelMask 3, flags 4

V/AudioPolicyManagerBase( 1902): getOutputsForDevice device 0002 -> 0002

V/AudioPolicyManagerBase( 1902): getOutput() returns output 2

V/LvOutput( 1902): initCheck: 0

V/LvOutput( 1902): attachEffects: attach processing to output 2, stream 1, session 421, mode 0

V/LvOutput( 1902): attachEffects: no output processing needs to be attached to this stream

V/LvOutput( 1902): LvOutput::setAllProcessorEnabled(false) mOutputs.size(0)

V/AudioPolicyManagerBase( 1902): startOutput() output 2, stream 1, session 421

V/AudioPolicyManagerBase( 1902): changeRefCount() stream 1, count 1

V/AudioPolicyManagerBase( 1902): getNewDevice() selected device 2

V/AudioPolicyManagerBase( 1902): setOutputDevice() output 2 device 0002 force 0 delayMs 0 

V/AudioPolicyManagerBase( 1902): setOutputDevice() prevDevice 0002

V/AudioPolicyManagerBase( 1902): setOutputDevice() setting same device 0002 or null device for output 2

V/AudioPolicyManagerBase( 1902): releaseOutput() 2

D/VpnImpl (27247): Starting!

I/AudioMixer( 1902): setParameter(TRACK, FORMAT, 0x1)

E/AudioMixer( 1902): MOON > checkSEC_PCM ++ 1

D/VpnImpl (27247): starting the thread!

D/VpnImpl (27247): started

D/VpnImpl (27247): in run() 

V/DNSVPN  (27247): Starting up native code

E/NotificationService( 2282): Suppressing notification from package example.com.dnsvpn by user request.

D/Tethering( 2282): interfaceAdded tun2

D/Tethering( 2282): tun2 is not a tetherable iface, ignoring

D/Tethering( 2282): interfaceLinkStateChanged tun2, false

D/Tethering( 2282): interfaceStatusChanged tun2, false

D/Tethering( 2282): interfaceLinkStateChanged tun2, true

D/Tethering( 2282): interfaceStatusChanged tun2, true

D/VpnJni  ( 2282): Address added on tun2: 192.168.217.1/24

D/VpnJni  ( 2282): Address added on tun2: 192.168.217.1/24

D/VpnJni  ( 2282): Address added on tun2: 192.168.217.1/24

D/VpnJni  ( 2282): Route added on tun2: 8.8.8.8/32

D/VpnJni  ( 2282): Route added on tun2: 8.8.8.8/32

D/VpnJni  ( 2282): Route added on tun2: 8.8.8.8/32

D/VpnImpl (27247): Status: Starting

D/Tethering( 2282): interfaceLinkStateChanged tun1, false

D/Tethering( 2282): interfaceStatusChanged tun1, false

I/Vpn     ( 2282): Established by example.com.dnsvpn.VpnImpl on tun2

D/ApplicationPolicy( 2282): isStatusBarNotificationAllowed: packageName = android

D/VpnImpl (27247): about to enter loop

D/STATUSBAR-NotificationService( 2282): Noti Alert - mSystemReady:true, AlertEnabled:true

D/VpnImpl (27247): Status: Running

D/dalvikvm( 2577): GC_FOR_ALLOC freed 750K, 12% free 22954K/25799K, paused 27ms, total 27ms

D/StatusBar( 2577): expanding top notification at 2entry.userCollapsed() = false

D/StatusBar( 2577): expanding top notification at 3entry.userCollapsed() = false

V/LvOutput( 1902): initCheck: 0

V/LvOutput( 1902): detachEffects: detach processing for output 2, stream 1, session 421

V/LvOutput( 1902): detachEffects: no output processing was attached to this stream

V/AudioPolicyManagerBase( 1902): stopOutput() output 2, stream 1, session 421

V/AudioPolicyManagerBase( 1902): changeRefCount() stream 1, count 0

V/AudioPolicyManagerBase( 1902): getNewDevice() selected device 0

V/AudioPolicyManagerBase( 1902): setOutputDevice() output 2 device 0000 force 0 delayMs 184 

V/AudioPolicyManagerBase( 1902): setOutputDevice() prevDevice 0002

V/AudioPolicyManagerBase( 1902): setOutputDevice() setting same device 0000 or null device for output 2

E/dalvikvm(27247): JNI ERROR (app bug): attempt to use stale local reference 0x1d300001

E/dalvikvm(27247): VM aborting

F/libc    (27247): Fatal signal 11 (SIGSEGV) at 0xdeadd00d (code=1), thread 28118 (FilteringVpnSer)

I/DEBUG   ( 1892): *** *** *** *** *** *** *** *** *** *** *** *** *** *** *** ***

I/DEBUG   ( 1892): Build fingerprint: 'samsung/m0xx/m0:4.1.2/JZO54K/I9300XXELLB:user/release-keys'

I/DEBUG   ( 1892): pid: 27247, tid: 28118, name: FilteringVpnSer  >>> example.com.dnsvpn <<<

I/DEBUG   ( 1892): signal 11 (SIGSEGV), code 1 (SEGV_MAPERR), fault addr deadd00d

D/dalvikvm( 2282): GC_CONCURRENT freed 2255K, 35% free 28389K/43463K, paused 26ms+12ms, total 155ms

I/DEBUG   ( 1892):     r0 00000000  r1 00000000  r2 deadd00d  r3 00000000

I/DEBUG   ( 1892):     r4 408cb1a8  r5 0000020c  r6 1d300001  r7 26e00001

I/DEBUG   ( 1892):     r8 5ee8ec80  r9 58b3af6c  sl 51617038  fp 5ee8ec94

I/DEBUG   ( 1892):     ip 00004000  sp 5ee86790  lr 4003dc95  pc 40866e50  cpsr 60000030

I/DEBUG   ( 1892):     d0  0000050044a01000  d1  0000000044a01000

I/DEBUG   ( 1892):     d2  0000000000000000  d3  44a0000000000000

I/DEBUG   ( 1892):     d4  0000003200000000  d5  44a0000044340000

I/DEBUG   ( 1892):     d6  000000004433c000  d7  00000000c2480000

I/DEBUG   ( 1892):     d8  4499c00043d30000  d9  0000000000000280

I/DEBUG   ( 1892):     d10 0000000000000000  d11 0000000000000000

I/DEBUG   ( 1892):     d12 0000000000000000  d13 0000000000000000

I/DEBUG   ( 1892):     d14 0000000000000000  d15 0000000000000000

I/DEBUG   ( 1892):     d16 0000000000000001  d17 0000000000000001

I/DEBUG   ( 1892):     d18 0000000000000002  d19 20000008401f3d40

I/DEBUG   ( 1892):     d20 0000000000000000  d21 0000000000000000

I/DEBUG   ( 1892):     d22 0000000000000000  d23 0000000000000000

I/DEBUG   ( 1892):     d24 3ff0000000000000  d25 3ff0000000000000

I/DEBUG   ( 1892):     d26 0000000000000000  d27 c038000000000000

I/DEBUG   ( 1892):     d28 0000000000000000  d29 3ff0000000000000

I/DEBUG   ( 1892):     d30 3ff0000000000000  d31 3ff0000000000000

I/DEBUG   ( 1892):     scr 60000013

I/DEBUG   ( 1892): 

I/DEBUG   ( 1892): backtrace:

I/DEBUG   ( 1892):     #00  pc 00045e50  /system/lib/libdvm.so (dvmAbort+75)

I/DEBUG   ( 1892):     #01  pc 00028c3c  /system/lib/libdvm.so (IndirectRefTable::get(void*) const+336)

I/DEBUG   ( 1892):     #02  pc 00049eeb  /system/lib/libdvm.so (dvmDecodeIndirectRef(Thread*, _jobject*)+30)

I/DEBUG   ( 1892):     #03  pc 0004c8e1  /system/lib/libdvm.so

I/DEBUG   ( 1892):     #04  pc 000013bd  /data/data/example.com.dnsvpn/lib/libndkinterface.so (redirect_for_domain+108)

I/DEBUG   ( 1892):     #05  pc 0000193f  /data/data/example.com.dnsvpn/lib/libndkinterface.so (process_dns+58)

I/DEBUG   ( 1892):     #06  pc 0000150d  /data/data/example.com.dnsvpn/lib/libndkinterface.so (process_udp+16)

I/DEBUG   ( 1892):     #07  pc 00001675  /data/data/example.com.dnsvpn/lib/libndkinterface.so (Java_example_com_dnsvpn_VpnImpl_ndkProcessPacket+88)

I/DEBUG   ( 1892):     #08  pc 0001deb0  /system/lib/libdvm.so (dvmPlatformInvoke+112)

I/DEBUG   ( 1892):     #09  pc 0004d103  /system/lib/libdvm.so (dvmCallJNIMethod(unsigned int const*, JValue*, Method const*, Thread*)+394)

I/DEBUG   ( 1892):     #10  pc 000272e0  /system/lib/libdvm.so

I/DEBUG   ( 1892):     #11  pc 0002bbe8  /system/lib/libdvm.so (dvmInterpret(Thread*, Method const*, JValue*)+180)

I/DEBUG   ( 1892):     #12  pc 0005f871  /system/lib/libdvm.so (dvmCallMethodV(Thread*, Method const*, Object*, bool, JValue*, std::__va_list)+272)

I/DEBUG   ( 1892):     #13  pc 0005f89b  /system/lib/libdvm.so (dvmCallMethod(Thread*, Method const*, Object*, JValue*, ...)+20)

I/DEBUG   ( 1892):     #14  pc 00054453  /system/lib/libdvm.so

I/DEBUG   ( 1892):     #15  pc 00012e00  /system/lib/libc.so (__thread_entry+48)

I/DEBUG   ( 1892):     #16  pc 00012558  /system/lib/libc.so (pthread_create+172)

I/DEBUG   ( 1892): 

I/DEBUG   ( 1892): stack:

I/DEBUG   ( 1892):          5ee86750  00000001  

I/DEBUG   ( 1892):          5ee86754  4006cd10  

I/DEBUG   ( 1892):          5ee86758  4006cd10  

I/DEBUG   ( 1892):          5ee8675c  4006cd10  

I/DEBUG   ( 1892):          5ee86760  4006cd10  

I/DEBUG   ( 1892):          5ee86764  4003dc95  /system/lib/libc.so (__sflush_locked+36)

I/DEBUG   ( 1892):          5ee86768  40067774  /system/lib/libc.so

I/DEBUG   ( 1892):          5ee8676c  4006cd10  

I/DEBUG   ( 1892):          5ee86770  00000000  

I/DEBUG   ( 1892):          5ee86774  4003ec65  /system/lib/libc.so (_fwalk+32)

I/DEBUG   ( 1892):          5ee86778  408cb1a8  /system/lib/libdvm.so

I/DEBUG   ( 1892):          5ee8677c  0000020c  

I/DEBUG   ( 1892):          5ee86780  1d300001  

I/DEBUG   ( 1892):          5ee86784  26e00001  

I/DEBUG   ( 1892):          5ee86788  df0027ad  

I/DEBUG   ( 1892):          5ee8678c  00000000  

I/DEBUG   ( 1892):     #00  5ee86790  575ab7c8  /dev/ashmem/dalvik-LinearAlloc (deleted)

I/DEBUG   ( 1892):          5ee86794  6c756e28  

I/DEBUG   ( 1892):          5ee86798  0000296c  

I/DEBUG   ( 1892):          5ee8679c  00000000  

I/DEBUG   ( 1892):          5ee867a0  00000000  

I/DEBUG   ( 1892):          5ee867a4  00000000  

I/DEBUG   ( 1892):          5ee867a8  00000000  

I/DEBUG   ( 1892):          5ee867ac  00000000  

I/DEBUG   ( 1892):          5ee867b0  00000000  

I/DEBUG   ( 1892):          5ee867b4  00000000  

I/DEBUG   ( 1892):          5ee867b8  00000000  

I/DEBUG   ( 1892):          5ee867bc  00000000  

I/DEBUG   ( 1892):          5ee867c0  00000000  

I/DEBUG   ( 1892):          5ee867c4  00000000  

I/DEBUG   ( 1892):          5ee867c8  00000000  

I/DEBUG   ( 1892):          5ee867cc  00000000  

I/DEBUG   ( 1892):          ........  ........

I/DEBUG   ( 1892):     #01  5ee869a8  1d300001  

I/DEBUG   ( 1892):          5ee869ac  58b47115  /data/data/example.com.dnsvpn/lib/libndkinterface.so

I/DEBUG   ( 1892):          5ee869b0  5ee869e0  

I/DEBUG   ( 1892):          5ee869b4  58b5102c  

I/DEBUG   ( 1892):          5ee869b8  58b51028  

I/DEBUG   ( 1892):          5ee869bc  1d300001  

I/DEBUG   ( 1892):          5ee869c0  58b5102c  

I/DEBUG   ( 1892):          5ee869c4  4086aeef  /system/lib/libdvm.so (dvmDecodeIndirectRef(Thread*, _jobject*)+34)

I/DEBUG   ( 1892):     #02  5ee869c8  1d300001  

I/DEBUG   ( 1892):          5ee869cc  58b5102c  

I/DEBUG   ( 1892):          5ee869d0  58b51028  

I/DEBUG   ( 1892):          5ee869d4  4086d8e5  /system/lib/libdvm.so

I/DEBUG   ( 1892): 

I/DEBUG   ( 1892): memory near r4:

I/DEBUG   ( 1892):     408cb188 00000000 00000000 00000000 00000000  ................

I/DEBUG   ( 1892):     408cb198 00000000 00000000 00000000 00000000  ................

I/DEBUG   ( 1892):     408cb1a8 410cb008 40f26690 00800000 10000000  ...A.f.@........

I/DEBUG   ( 1892):     408cb1b8 04000000 00004000 00006000 00000001  .....@...`......

I/DEBUG   ( 1892):     408cb1c8 00000101 00000002 00000001 00000000  ................

I/DEBUG   ( 1892): 

I/DEBUG   ( 1892): memory near r6:

I/DEBUG   ( 1892):     1d2fffe0 ffffffff ffffffff ffffffff ffffffff  ................

I/DEBUG   ( 1892):     1d2ffff0 ffffffff ffffffff ffffffff ffffffff  ................

I/DEBUG   ( 1892):     1d300000 ffffffff ffffffff ffffffff ffffffff  ................

I/DEBUG   ( 1892):     1d300010 ffffffff ffffffff ffffffff ffffffff  ................

I/DEBUG   ( 1892):     1d300020 ffffffff ffffffff ffffffff ffffffff  ................

I/DEBUG   ( 1892): 

I/DEBUG   ( 1892): memory near r7:

I/DEBUG   ( 1892):     26dfffe0 ffffffff ffffffff ffffffff ffffffff  ................

I/DEBUG   ( 1892):     26dffff0 ffffffff ffffffff ffffffff ffffffff  ................

I/DEBUG   ( 1892):     26e00000 ffffffff ffffffff ffffffff ffffffff  ................

I/DEBUG   ( 1892):     26e00010 ffffffff ffffffff ffffffff ffffffff  ................

I/DEBUG   ( 1892):     26e00020 ffffffff ffffffff ffffffff ffffffff  ................

I/DEBUG   ( 1892): 

I/DEBUG   ( 1892): memory near r8:

I/DEBUG   ( 1892):     5ee8ec60 587660f0 31100005 31100005 578d8640  .`vX...1...1@..W

I/DEBUG   ( 1892):     5ee8ec70 51617028 00000000 58b3af74 4083eeb4  (paQ....t..X...@

I/DEBUG   ( 1892):     5ee8ec80 58b3af68 00000001 41de7970 5d720a02  h..X....py.A..r]

I/DEBUG   ( 1892):     5ee8ec90 00000000 4086e107 58b3af68 5d7209ff  .......@h..X..r]

I/DEBUG   ( 1892):     5ee8eca0 58b4561d 51617038 00000000 00000000  .V.X8paQ........

I/DEBUG   ( 1892): 

I/DEBUG   ( 1892): memory near r9:

I/DEBUG   ( 1892):     58b3af4c 00000000 41e427a8 58b3af88 5d674984  .....'.A...X.Ig]

I/DEBUG   ( 1892):     58b3af5c 578d8640 00000000 00000000 38100001  @..W...........8

I/DEBUG   ( 1892):     58b3af6c 31100005 00000036 58b3afa8 5d67464c  ...16......XLFg]

I/DEBUG   ( 1892):     58b3af7c 578d8598 5d674984 00000000 41de7970  ...W.Ig]....py.A

I/DEBUG   ( 1892):     58b3af8c 41e427a8 00000036 58b3afe4 588178d0  .'.A6......X.x.X

I/DEBUG   ( 1892): 

I/DEBUG   ( 1892): memory near sl:

I/DEBUG   ( 1892):     51617018 40004478 00000000 00000018 00000453  xD.@........S...

I/DEBUG   ( 1892):     51617028 588d61f6 58b3af68 578d8598 57129000  .a.Xh..X...W...W

I/DEBUG   ( 1892):     51617038 41e427a8 00000007 5ee8eda8 00000000  .'.A.......^....

I/DEBUG   ( 1892):     51617048 5ee8eddc 0000000d 00000000 4083f040  ...^........@..@

I/DEBUG   ( 1892):     51617058 00000000 00000000 5692d970 58b37300  ........p..V.s.X

I/DEBUG   ( 1892): 

I/DEBUG   ( 1892): memory near fp:

I/DEBUG   ( 1892):     5ee8ec74 00000000 58b3af74 4083eeb4 58b3af68  ....t..X...@h..X

I/DEBUG   ( 1892):     5ee8ec84 00000001 41de7970 5d720a02 00000000  ....py.A..r]....

I/DEBUG   ( 1892):     5ee8ec94 4086e107 58b3af68 5d7209ff 58b4561d  ...@h..X..r].V.X

I/DEBUG   ( 1892):     5ee8eca4 51617038 00000000 00000000 00000000  8paQ............

I/DEBUG   ( 1892):     5ee8ecb4 40073a6c 00000008 51617028 00000040  l:.@....(paQ@...

I/DEBUG   ( 1892): 

I/DEBUG   ( 1892): memory near ip:

I/DEBUG   ( 1892):     00003fe0 ffffffff ffffffff ffffffff ffffffff  ................

I/DEBUG   ( 1892):     00003ff0 ffffffff ffffffff ffffffff ffffffff  ................

I/DEBUG   ( 1892):     00004000 ffffffff ffffffff ffffffff ffffffff  ................

I/DEBUG   ( 1892):     00004010 ffffffff ffffffff ffffffff ffffffff  ................

I/DEBUG   ( 1892):     00004020 ffffffff ffffffff ffffffff ffffffff  ................

I/DEBUG   ( 1892): 

I/DEBUG   ( 1892): memory near sp:

I/DEBUG   ( 1892):     5ee86770 00000000 4003ec65 408cb1a8 0000020c  ....e..@...@....

I/DEBUG   ( 1892):     5ee86780 1d300001 26e00001 df0027ad 00000000  ..0....&.'......

I/DEBUG   ( 1892):     5ee86790 575ab7c8 6c756e28 0000296c 00000000  ..ZW(null)......

I/DEBUG   ( 1892):     5ee867a0 00000000 00000000 00000000 00000000  ................

I/DEBUG   ( 1892):     5ee867b0 00000000 00000000 00000000 00000000  ................

I/DEBUG   ( 1892): 

I/DEBUG   ( 1892): code around pc:

I/DEBUG   ( 1892):     40866e30 34bcf8d3 ecbaf7d7 461d2300 b1525d1a  ...4.....#.F.]R.

I/DEBUG   ( 1892):     40866e40 18ad3301 7f00f5b3 e004d1f8 4a0a4798  .3...........G.J

I/DEBUG   ( 1892):     40866e50 f7d77015 490cecb2 4a0c2006 44794c0c  .p.....I. .J.LyD

I/DEBUG   ( 1892):     40866e60 447c447a eb64f7d7 f7d72000 6ca3ec0a  zD|D..d.. .....l

I/DEBUG   ( 1892):     40866e70 d1eb2b00 bf00e7eb deadd00d 0005fcf8  .+..............

I/DEBUG   ( 1892): 

I/DEBUG   ( 1892): code around lr:

I/DEBUG   ( 1892):     4003dc74 447e4e08 68336836 f000b10b 4620fa4c  .N~D6h3h....L. F

I/DEBUG   ( 1892):     4003dc84 ffcaf7ff 68304605 4620b110 fa50f000  .....F0h.. F..P.

I/DEBUG   ( 1892):     4003dc94 bd704628 0002982e 4604b570 4811b928  (Fp.....p..F(..H

I/DEBUG   ( 1892):     4003dca4 e8bd4478 f0004070 4e0fbfcb 6836447e  xD..p@.....N~D6h

I/DEBUG   ( 1892):     4003dcb4 b10b6833 fa2ff000 f01089a0 d1060f18  3h..../.........

I/DEBUG   ( 1892): 

I/DEBUG   ( 1892): memory map around fault addr deadd00d:

I/DEBUG   ( 1892):     bee90000-beeb1000 [stack]

I/DEBUG   ( 1892):     (no map for address)

I/DEBUG   ( 1892):     ffff0000-ffff1000 [vectors]

I/BootReceiver( 2282): Copying /data/tombstones/tombstone_02 to DropBox (SYSTEM_TOMBSTONE)

I/DEBUG   ( 1892): !@dumpstate -k -t -z -d -o /data/log/dumpstate_app_native -m 27247

I/dumpstate(28176): begin

D/PowerManagerService( 2282): lightSensorChangedLocked value=154 immediate=false

D/PowerManagerService( 2282): getAutoBrightnessValue : in bound ( 28 < 154 <= 425 )

D/PowerManagerService( 2282): getAutoBrightnessValue : in bound ( 28 < 154 <= 425 )

D/PowerManagerService( 2282): lcdValue 86

D/PowerManagerService( 2282): buttonValue 86

D/PowerManagerService( 2282): keyboardValue 0

D/PowerManagerService( 2282): lightSensorChangedLocked : mKeyboardLight : 0

D/STATUSBAR-NetworkController( 2577): onDataActivity: direction=0

D/STATUSBAR-NetworkController( 2577): refreshSignalCluster: data=2 bt=false

D/STATUSBAR-SignalClusterView( 2577): mSeparateMobileGroup=0

D/STATUSBAR-SignalClusterView( 2577): mSeparateMobileGroup=0

D/STATUSBAR-SignalClusterView( 2577): mSeparateMobileGroup=0

W/PowerManagerService( 2282): Timer 0x3->0x3|0x0

D/InputReader( 2282): Input event: value=1

D/RestrictionPolicy( 2282): isHomeKeyEnabled :true

D/RestrictionPolicy( 2282): isHomeKeyEnabled :true

W/SignalStrength( 2282): getGsmLevel=4

W/SignalStrength( 2282): getLevel=4 (SignalStrength: 13 -1 -1 -1 -1 -1 -1 -1 -1 -1 -1 -1 gsm|lte 4)

W/SignalStrength( 2577): getGsmLevel=4

W/SignalStrength( 2577): getLevel=4 (SignalStrength: 13 -1 -1 -1 -1 -1 -1 -1 -1 -1 -1 -1 gsm|lte 4)

W/SignalStrength( 2577): getGsmLevel=4

W/SignalStrength( 2577): getLevel=4 (SignalStrength: 13 -1 -1 -1 -1 -1 -1 -1 -1 -1 -1 -1 gsm|lte 4)

W/SignalStrength( 2282): getGsmDbm=-87

W/SignalStrength( 2282): getDbm=-87

W/SignalStrength( 2282): getGsmAsuLevel=13

W/SignalStrength( 2282): getAsuLevel=13

D/STATUSBAR-NetworkController( 2577): onSignalStrengthsChanged signalStrength=SignalStrength: 13 -1 -1 -1 -1 -1 -1 -1 -1 -1 -1 -1 gsm|lte 4 level=4

D/dalvikvm(28186): GC_CONCURRENT freed 174K, 7% free 12401K/13319K, paused 15ms+3ms, total 65ms

D/dalvikvm(28186): WAIT_FOR_CONCURRENT_GC blocked 27ms

D/InputReader( 2282): Input event: value=0

D/RestrictionPolicy( 2282): isHomeKeyEnabled :true

D/dalvikvm(28186): GC_CONCURRENT freed 152K, 7% free 12776K/13703K, paused 2ms+11ms, total 26ms

I/dalvikvm(28186): Could not find method android.text.TextUtils.getLayoutDirectionFromLocale, referenced from method com.whatsapp.App.E

W/dalvikvm(28186): VFY: unable to resolve static method 8735: Landroid/text/TextUtils;.getLayoutDirectionFromLocale (Ljava/util/Locale;)I

D/dalvikvm(28186): VFY: replacing opcode 0x71 at 0x001c

I/dalvikvm(28186): Could not find method android.provider.Telephony$Sms.getDefaultSmsPackage, referenced from method com.whatsapp.App.a

W/dalvikvm(28186): VFY: unable to resolve static method 1688: Landroid/provider/Telephony$Sms;.getDefaultSmsPackage (Landroid/content/Context;)Ljava/lang/String;

D/dalvikvm(28186): VFY: replacing opcode 0x71 at 0x0043

E/dalvikvm(28186): Could not find class 'com.amazon.device.messaging.ADM', referenced from method com.whatsapp.App.ay

W/dalvikvm(28186): VFY: unable to resolve new-instance 1432 (Lcom/amazon/device/messaging/ADM;) in Lcom/whatsapp/App;

D/dalvikvm(28186): VFY: replacing opcode 0x22 at 0x0000

I/dalvikvm(28186): Could not find method android.provider.Settings$Global.getInt, referenced from method com.whatsapp.App.d

W/dalvikvm(28186): VFY: unable to resolve static method 1683: Landroid/provider/Settings$Global;.getInt (Landroid/content/ContentResolver;Ljava/lang/String;I)I

D/dalvikvm(28186): VFY: replacing opcode 0x71 at 0x002b

E/dalvikvm(28186): Could not find class 'com.amazon.device.messaging.ADM', referenced from method com.whatsapp.App.n

W/dalvikvm(28186): VFY: unable to resolve new-instance 1432 (Lcom/amazon/device/messaging/ADM;) in Lcom/whatsapp/App;

D/dalvikvm(28186): VFY: replacing opcode 0x22 at 0x0012

I/dalvikvm(28186): Could not find method android.app.AlarmManager.setExact, referenced from method com.whatsapp.App.c

W/dalvikvm(28186): VFY: unable to resolve virtual method 140: Landroid/app/AlarmManager;.setExact (IJLandroid/app/PendingIntent;)V

D/dalvikvm(28186): VFY: replacing opcode 0x6e at 0x003a

D/dalvikvm(28186): DexOpt: unable to opt direct call 0x2819 at 0x04 in Lcom/whatsapp/App;.ay

D/dalvikvm(28186): DexOpt: unable to opt direct call 0x2819 at 0x14 in Lcom/whatsapp/App;.n

D/KeyguardViewMediator( 2282): setHidden false

D/WindowManager( 2282): PhoneWindowManager: focusChangedLw

D/WindowManager( 2282): mInputFocus is not null.

I/dalvikvm(28186): Could not find method android.app.AlarmManager.setExact, referenced from method com.whatsapp.AvailabilityTimeoutAlarmBroadcastReceiver.a

W/dalvikvm(28186): VFY: unable to resolve virtual method 140: Landroid/app/AlarmManager;.setExact (IJLandroid/app/PendingIntent;)V

D/dalvikvm(28186): VFY: replacing opcode 0x6e at 0x0021

I/dalvikvm(28186): Could not find method android.app.AlarmManager.setExact, referenced from method com.whatsapp.DelayedRegistrationBroadcastReceiver.a

