D/STATUSBAR-NetworkController( 2577): onDataActivity: direction=0

D/STATUSBAR-NetworkController( 2577): refreshSignalCluster: data=2 bt=false

D/STATUSBAR-SignalClusterView( 2577): mSeparateMobileGroup=0

D/STATUSBAR-SignalClusterView( 2577): mSeparateMobileGroup=0

D/STATUSBAR-SignalClusterView( 2577): mSeparateMobileGroup=0

D/KeyguardViewMediator( 2282): setHidden false

I/SurfaceFlinger( 1899): id=372 Removed JnputMethod idx=4 MapSz=4

I/SurfaceFlinger( 1899): id=372 Removed JnputMethod idx=-2 MapSz=4

W/PowerManagerService( 2282): Timer 0x3->0x3|0x0

W/SignalStrength( 2282): getGsmLevel=4

W/SignalStrength( 2577): getGsmLevel=4

W/SignalStrength( 2282): getLevel=4 (SignalStrength: 12 -1 -1 -1 -1 -1 -1 -1 -1 -1 -1 -1 gsm|lte 4)

W/SignalStrength( 2577): getLevel=4 (SignalStrength: 12 -1 -1 -1 -1 -1 -1 -1 -1 -1 -1 -1 gsm|lte 4)

W/SignalStrength( 2577): getGsmLevel=4

W/SignalStrength( 2577): getLevel=4 (SignalStrength: 12 -1 -1 -1 -1 -1 -1 -1 -1 -1 -1 -1 gsm|lte 4)

D/STATUSBAR-NetworkController( 2577): onSignalStrengthsChanged signalStrength=SignalStrength: 12 -1 -1 -1 -1 -1 -1 -1 -1 -1 -1 -1 gsm|lte 4 level=4

W/SignalStrength( 2282): getGsmDbm=-89

W/SignalStrength( 2282): getDbm=-89

W/SignalStrength( 2282): getGsmAsuLevel=12

W/SignalStrength( 2282): getAsuLevel=12

D/KeyguardViewMediator( 2282): setHidden false

I/SurfaceFlinger( 1899): id=371 Removed NainActivit idx=3 MapSz=3

I/SurfaceFlinger( 1899): id=371 Removed NainActivit idx=-2 MapSz=3

D/KeyguardViewMediator( 2282): setHidden false

D/KeyguardViewMediator( 2282): setHidden false

I/InputReader( 2282): Touch event's action is 0x0 (deviceType=0) [pCnt=1, s=0.549 ]

I/InputDispatcher( 2282): Delivering touch to current input target: action: 0x0

I/InputDispatcher( 2282): Delivering touch to current input target: action: 0x0

I/InputDispatcher( 2282): Delivering touch to current input target: action: 0x0

I/InputDispatcher( 2282): Delivering touch to current input target: action: 0x0

I/InputReader( 2282): Touch event's action is 0x1 (deviceType=0) [pCnt=1, s=]

I/InputDispatcher( 2282): Delivering touch to current input target: action: 0x1

I/InputDispatcher( 2282): Delivering touch to current input target: action: 0x1

I/InputDispatcher( 2282): Delivering touch to current input target: action: 0x1

I/InputDispatcher( 2282): Delivering touch to current input target: action: 0x1

I/Launcher.StuckInEdit( 2840): exitWidgetResizeMode State NORMAL

I/AudioPolicyManagerBase( 1902): getSituationVolume: isBTConnected:0 isHeadConnected:0

V/AudioPolicyManagerBase( 1902): getParamFromPolicy  deviceInt = 0, situationInt = 1, situationVolume = 0.500000

E/AudioPolicyService( 1902): getOutput() tid 2218 ++

E/AudioPolicyService( 1902): getOutput() tid 2218 --

V/AudioPolicyManagerBase( 1902): getOutput() stream 1, samplingRate 0, format 0, channelMask 3, flags 0

V/AudioPolicyManagerBase( 1902): getOutputsForDevice device 0002 -> 0002

V/AudioPolicyManagerBase( 1902): getOutput() returns output 2

E/AudioPolicyService( 1902): getOutput() tid 1902 ++

E/AudioPolicyService( 1902): getOutput() tid 1902 --

V/AudioPolicyManagerBase( 1902): getOutput() stream 1, samplingRate 0, format 0, channelMask 3, flags 0

V/AudioPolicyManagerBase( 1902): getOutputsForDevice device 0002 -> 0002

V/AudioPolicyManagerBase( 1902): getOutput() returns output 2

E/AudioPolicyService( 1902): getOutput() tid 2199 ++

E/AudioPolicyService( 1902): getOutput() tid 2199 --

V/AudioPolicyManagerBase( 1902): getOutput() stream 1, samplingRate 44100, format 1, channelMask 3, flags 4

V/AudioPolicyManagerBase( 1902): getOutputsForDevice device 0002 -> 0002

V/AudioPolicyManagerBase( 1902): getOutput() returns output 2

V/LvOutput( 1902): initCheck: 0

V/LvOutput( 1902): attachEffects: attach processing to output 2, stream 1, session 410, mode 0

V/LvOutput( 1902): attachEffects: no output processing needs to be attached to this stream

V/LvOutput( 1902): LvOutput::setAllProcessorEnabled(false) mOutputs.size(0)

V/AudioPolicyManagerBase( 1902): startOutput() output 2, stream 1, session 410

V/AudioPolicyManagerBase( 1902): changeRefCount() stream 1, count 1

V/AudioPolicyManagerBase( 1902): getNewDevice() selected device 2

V/AudioPolicyManagerBase( 1902): setOutputDevice() output 2 device 0002 force 0 delayMs 0 

V/AudioPolicyManagerBase( 1902): setOutputDevice() prevDevice 0002

V/AudioPolicyManagerBase( 1902): setOutputDevice() setting same device 0002 or null device for output 2

V/AudioPolicyManagerBase( 1902): releaseOutput() 2

I/AudioMixer( 1902): setParameter(TRACK, FORMAT, 0x1)

E/AudioMixer( 1902): MOON > checkSEC_PCM ++ 1

I/AudioHardwareTinyALSA( 1902): AudioStreamOutALSA::write setDevice

D/AudioHardwareTinyALSA( 1902): OutALSA::setDevice: mode = 0, newDevice=0x2, currentDevice=0x2 ,force= 0

D/AudioHardwareTinyALSA( 1902): OutALSA::setDevice: mDevice 0x2, newDevice = 0x2

D/AudioHardwareTinyALSA( 1902): setOutputVolume

D/TinyUCM ( 1902): setModifier Normal, en=1

I/AudioHardwareTinyALSA( 1902): OutALSA::setDevice: mHandle NULL mode[0], Device[00000002] 

I/AudioHardwareTinyALSA( 1902): Open: mDefaults->direction=0 device=0

D/AudioHardwareTinyALSA( 1902): Channel: 2, Samplerate: 44100, Format: 0, Peroid Size: 1024, Period Count: 4

I/AudioHardwareTinyALSA( 1902): before pcm_prepare

D/AudioHardwareTinyALSA( 1902): setPcmInterface: Stream=0x1, iSamplerate=8000++

D/AudioHardwareTinyALSA( 1902): setPcmInterface--

D/dalvikvm(11530): WAIT_FOR_CONCURRENT_GC blocked 0ms

D/dalvikvm(11530): GC_EXPLICIT freed 209K, 8% free 12226K/13191K, paused 2ms+3ms, total 25ms

D/Launcher.MenuAppsGrid( 2840): StateObj::getAppsList() item count = 62

D/CellLayoutChildren( 2840): setCellDimensions. width: 164, height: 188, gapX: 8, gapY: 4

D/CellLayout( 2840): setGridSize(4, 5)

D/CellLayoutChildren( 2840): setCellDimensions. width: 164, height: 188, gapX: 8, gapY: 4

D/CellLayout( 2840): setGridSize(4, 5)

D/CellLayoutChildren( 2840): setCellDimensions. width: 164, height: 188, gapX: 8, gapY: 4

D/CellLayout( 2840): setGridSize(4, 5)

D/CellLayoutChildren( 2840): setCellDimensions. width: 164, height: 188, gapX: 8, gapY: 4

D/CellLayout( 2840): setGridSize(4, 5)

W/SignalStrength( 2282): getGsmLevel=4

W/SignalStrength( 2282): getLevel=4 (SignalStrength: 13 -1 -1 -1 -1 -1 -1 -1 -1 -1 -1 -1 gsm|lte 4)

W/SignalStrength( 2577): getGsmLevel=4

W/SignalStrength( 2577): getLevel=4 (SignalStrength: 13 -1 -1 -1 -1 -1 -1 -1 -1 -1 -1 -1 gsm|lte 4)

W/SignalStrength( 2577): getGsmLevel=4

W/SignalStrength( 2577): getLevel=4 (SignalStrength: 13 -1 -1 -1 -1 -1 -1 -1 -1 -1 -1 -1 gsm|lte 4)

W/SignalStrength( 2282): getGsmDbm=-87

W/SignalStrength( 2282): getDbm=-87

W/SignalStrength( 2282): getGsmAsuLevel=13

W/SignalStrength( 2282): getAsuLevel=13

D/STATUSBAR-NetworkController( 2577): onSignalStrengthsChanged signalStrength=SignalStrength: 13 -1 -1 -1 -1 -1 -1 -1 -1 -1 -1 -1 gsm|lte 4 level=4

I/TwDVFSBroadcastReceiver( 2596): onLauncherIntent

D/PowerManager( 2596): DVFSLock :  acquire : timeout : 1000

D/dalvikvm( 2282): WAIT_FOR_CONCURRENT_GC blocked 0ms

V/LvOutput( 1902): initCheck: 0

V/LvOutput( 1902): detachEffects: detach processing for output 2, stream 1, session 410

V/LvOutput( 1902): detachEffects: no output processing was attached to this stream

V/AudioPolicyManagerBase( 1902): stopOutput() output 2, stream 1, session 410

V/AudioPolicyManagerBase( 1902): changeRefCount() stream 1, count 0

V/AudioPolicyManagerBase( 1902): getNewDevice() selected device 0

V/AudioPolicyManagerBase( 1902): setOutputDevice() output 2 device 0000 force 0 delayMs 184 

V/AudioPolicyManagerBase( 1902): setOutputDevice() prevDevice 0002

V/AudioPolicyManagerBase( 1902): setOutputDevice() setting same device 0000 or null device for output 2

D/dalvikvm( 2282): GC_EXPLICIT freed 1818K, 34% free 28723K/43463K, paused 6ms+10ms, total 137ms

I/power   ( 2282): *** acquire_dvfs_lock : lockType : 1  freq : 1400000 

D/PowerManagerService( 2282): acquireDVFSLockLocked : type : DVFS_MIN_LIMIT  frequency : 1400000  uid : 1000  pid : 2596  tag : TwDVFSBroadcastReceiver

I/InputReader( 2282): Touch event's action is 0x0 (deviceType=0) [pCnt=1, s=0.550 ]

I/InputDispatcher( 2282): Delivering touch to current input target: action: 0x0

I/InputDispatcher( 2282): Delivering touch to current input target: action: 0x0

I/InputDispatcher( 2282): Delivering touch to current input target: action: 0x0

I/InputDispatcher( 2282): Delivering touch to current input target: action: 0x0

I/TwDVFSBroadcastReceiver( 2596): onLauncherIntent

D/PowerManager( 2596): DVFSLock :  acquire : timeout : 1000

D/PowerManagerService( 2282): acquireDVFSLockLocked : type : DVFS_MIN_LIMIT  frequency : 1400000  uid : 1000  pid : 2596  tag : TwDVFSBroadcastReceiver

I/InputReader( 2282): Touch event's action is 0x1 (deviceType=0) [pCnt=1, s=]

I/InputDispatcher( 2282): Delivering touch to current input target: action: 0x1

I/InputDispatcher( 2282): Delivering touch to current input target: action: 0x1

I/InputDispatcher( 2282): Delivering touch to current input target: action: 0x1

I/InputDispatcher( 2282): Delivering touch to current input target: action: 0x1

I/AudioPolicyManagerBase( 1902): getSituationVolume: isBTConnected:0 isHeadConnected:0

V/AudioPolicyManagerBase( 1902): getParamFromPolicy  deviceInt = 0, situationInt = 1, situationVolume = 0.500000

E/AudioPolicyService( 1902): getOutput() tid 2218 ++

E/AudioPolicyService( 1902): getOutput() tid 2218 --

V/AudioPolicyManagerBase( 1902): getOutput() stream 1, samplingRate 0, format 0, channelMask 3, flags 0

V/AudioPolicyManagerBase( 1902): getOutputsForDevice device 0002 -> 0002

V/AudioPolicyManagerBase( 1902): getOutput() returns output 2

E/AudioPolicyService( 1902): getOutput() tid 2199 ++

E/AudioPolicyService( 1902): getOutput() tid 2199 --

V/AudioPolicyManagerBase( 1902): getOutput() stream 1, samplingRate 0, format 0, channelMask 3, flags 0

V/AudioPolicyManagerBase( 1902): getOutputsForDevice device 0002 -> 0002

V/AudioPolicyManagerBase( 1902): getOutput() returns output 2

E/AudioPolicyService( 1902): getOutput() tid 1902 ++

E/AudioPolicyService( 1902): getOutput() tid 1902 --

V/AudioPolicyManagerBase( 1902): getOutput() stream 1, samplingRate 44100, format 1, channelMask 3, flags 4

V/AudioPolicyManagerBase( 1902): getOutputsForDevice device 0002 -> 0002

V/AudioPolicyManagerBase( 1902): getOutput() returns output 2

V/LvOutput( 1902): initCheck: 0

V/LvOutput( 1902): attachEffects: attach processing to output 2, stream 1, session 411, mode 0

V/LvOutput( 1902): attachEffects: no output processing needs to be attached to this stream

V/LvOutput( 1902): LvOutput::setAllProcessorEnabled(false) mOutputs.size(0)

V/AudioPolicyManagerBase( 1902): startOutput() output 2, stream 1, session 411

V/AudioPolicyManagerBase( 1902): changeRefCount() stream 1, count 1

V/AudioPolicyManagerBase( 1902): getNewDevice() selected device 2

V/AudioPolicyManagerBase( 1902): setOutputDevice() output 2 device 0002 force 0 delayMs 0 

V/AudioPolicyManagerBase( 1902): setOutputDevice() prevDevice 0002

V/AudioPolicyManagerBase( 1902): setOutputDevice() setting same device 0002 or null device for output 2

V/AudioPolicyManagerBase( 1902): releaseOutput() 2

D/PowerManagerService( 2282): acquireDVFSLockLocked : type : DVFS_MIN_LIMIT  frequency : 1000000  uid : 1000  pid : 2282  tag : ActivityManager

W/ActivityManager( 2282): mDVFSLock.acquire()

D/KeyguardViewMediator( 2282): setHidden false

D/WindowManager( 2282): PhoneWindowManager: focusChangedLw

D/Launcher.HomeFragment( 2840): onPause

I/AudioMixer( 1902): setParameter(TRACK, FORMAT, 0x1)

E/AudioMixer( 1902): MOON > checkSEC_PCM ++ 1

D/WindowManager( 2282): mInputFocus is not null.

D/widget  ( 2840): [MSC_HERO_Accu_JB]>>> WC:1218 [0:0]  fireOP

D/Launcher( 2840): onPause, Launcher: 1105794416

D/widget  ( 2840): [MSC_HERO_Accu_JB]>>> WC:1028 [0:0]  onPause 

D/KeyguardViewMediator( 2282): setHidden false

D/KeyguardViewMediator( 2282): setHidden false

V/WindowManager( 2282): rotationForOrientationLw(orient=-1, last=0); user=0 USER_ROTATION_LOCKED mLidState=-1 mDockMode=0 mHdmiPlugged=false mAccelerometerDefault=false sensorRotation=-1

D/WindowManager( 2282): mInputFocus is not null.

D/WindowManager( 2282): mInputFocus is not null.

D/WindowManager( 2282): mInputFocus is not null.

D/WindowManager( 2282): mInputFocus is not null.

D/Launcher( 2840): onTrimMemory. Level: 20

I/SurfaceFlinger( 1899): id=392(2) createSurf 0x43c32d1c (720x1280),1 flag=400, NainActivit

I/SurfaceFlinger( 1899): SurfaceFlinger : eMagnificationFactorChanged.  magnificationFactor=1.0

I/SurfaceFlinger( 1899): SurfaceFlinger : eZoomPositionChanged.  zoomX=0.0 zoomY=0.0

D/WindowManager( 2282): PhoneWindowManager: focusChangedLw

D/KeyguardViewMediator( 2282): setHidden false

D/STATUSBAR-StatusBarManagerService( 2282): setSystemUiVisibility(0x0)

D/STATUSBAR-StatusBarManagerService( 2282): manageDisableList what=0x0 pkg=WindowManager.LayoutParams

I/power   ( 2282): *** acquire_dvfs_lock : lockType : 1  freq : 1400000 

D/PowerManagerService( 2282): releaseDVFSLockLocked : remain DVFS_MIN_LIMIT : next : 1400000

D/SensorService( 2282): info.rates.add, set DEFAULT_EVENTS_PERIOD

D/SensorService( 2282): SensorDevice::activating sensor handle=0 ns=200000000 

D/iNemoSensor( 2282): setDelay(): handle(0), en(200000000)

I/iNemoSensor( 2282): skip update_delay wanted_accel = 200000000 current delay = 200000000

I/SensorService( 2282): info.selectDelay() ns=200000000  

D/iNemoSensor( 2282): setDelay(): handle(0), en(200000000)

I/iNemoSensor( 2282): skip update_delay wanted_accel = 200000000 current delay = 200000000

D/SensorService( 2282): SensorDevice::setDelay, Return(true 1, false 0) =  1

D/SensorManager(27247): registerListener :: handle = 0  name= LSM330DLC 3-axis Accelerometer delay= 200000 Listener= android.view.OrientationEventListener$SensorEventListenerImpl@41e2da98

I/ClipboardServiceEx( 2282): Send intent for dismiss clipboard dialog inside hideCurrentInputLocked() !

D/KeyguardViewMediator( 2282): setHidden false

D/KeyguardViewMediator( 2282): setHidden false

D/KeyguardViewMediator( 2282): setHidden false

D/KeyguardViewMediator( 2282): setHidden false

D/Launcher.HomeFragment( 2840): onStop

D/Launcher( 2840): onStop, Launcher: 1105794416

V/LvOutput( 1902): initCheck: 0

V/LvOutput( 1902): detachEffects: detach processing for output 2, stream 1, session 411

V/LvOutput( 1902): detachEffects: no output processing was attached to this stream

V/AudioPolicyManagerBase( 1902): stopOutput() output 2, stream 1, session 411

V/AudioPolicyManagerBase( 1902): changeRefCount() stream 1, count 0

V/AudioPolicyManagerBase( 1902): getNewDevice() selected device 0

V/AudioPolicyManagerBase( 1902): setOutputDevice() output 2 device 0000 force 0 delayMs 184 

V/AudioPolicyManagerBase( 1902): setOutputDevice() prevDevice 0002

V/AudioPolicyManagerBase( 1902): setOutputDevice() setting same device 0000 or null device for output 2

D/KeyguardViewMediator( 2282): setHidden false

I/SurfaceFlinger( 1899): id=391 Removed Mauncher idx=1 MapSz=3

I/SurfaceFlinger( 1899): id=391 Removed Mauncher idx=-2 MapSz=3

D/KeyguardViewMediator( 2282): setHidden false

W/ActivityManager( 2282): mDVFSLock.release()

W/SignalStrength( 2577): getGsmLevel=4

W/SignalStrength( 2577): getLevel=4 (SignalStrength: 13 -1 -1 -1 -1 -1 -1 -1 -1 -1 -1 -1 gsm|lte 4)

D/STATUSBAR-NetworkController( 2577): onServiceStateChanged state=0

D/STATUSBAR-NetworkController( 2577): updateDataNetType()

D/STATUSBAR-NetworkController( 2577): Nothing, mRoamingIconId = 0

V/Mms/DownloadManager(20532): Service state changed: Bundle[mParcelledData.dataSize=656]

D/ContextualPageReceiver( 2840): mContextualPageReceiver: ACTION_SERVICE_STATE_CHANGED isRoaming : false

V/Mms/DownloadManager(20532): roaming ------> false

V/Mms/DownloadManager(20532): auto download without roaming -> true

V/Mms/DownloadManager(20532): auto download during roaming -> false

V/Mms/DownloadManager(20532): mAutoDownload ------> true

I/WifiService( 2282): Booster FLAG : 1

I/WifiService( 2282): mBoosterFLAG : 1

I/WifiService( 2282): current booster mode : FullMode

D/WifiService( 2282): onDataConnectionStateChanged: state -2, networkType - UMTS

D/STATUSBAR-NetworkController( 2577): onDataConnectionStateChanged: state=2 type=3

D/STATUSBAR-NetworkController( 2577): updateDataNetType()

D/STATUSBAR-NetworkController( 2577): Nothing, mRoamingIconId = 0

D/STATUSBAR-NetworkController( 2577): refreshSignalCluster: data=2 bt=false

D/STATUSBAR-SignalClusterView( 2577): mSeparateMobileGroup=0

D/STATUSBAR-SignalClusterView( 2577): mSeparateMobileGroup=0

D/STATUSBAR-SignalClusterView( 2577): mSeparateMobileGroup=0

D/StatusChecker(21690): onReceive : android.intent.action.SERVICE_STATE

D/StatusChecker(21690): Service state changed : 0

D/MobileDataStateTracker( 2282): default: Received state=CONNECTED, old=CONNECTED, reason=nwTypeChanged

D/PhoneApp( 2768): mReceiver: ACTION_ANY_DATA_CONNECTION_STATE_CHANGED

D/NotificationMgr( 2768): hideDataDisconnectedRoaming()...

W/AlarmManager( 2282): FACTORY_ON= 0

I/power   ( 2282): *** release_dvfs_lock : lockType : 1 

D/PowerManagerService( 2282): releaseDVFSLockLocked : all DVFS_MIN_LIMIT are released 

W/SignalStrength( 2577): getGsmLevel=4

W/SignalStrength( 2577): getLevel=4 (SignalStrength: 13 -1 -1 -1 -1 -1 -1 -1 -1 -1 -1 -1 gsm|lte 4)

D/STATUSBAR-NetworkController( 2577): onServiceStateChanged state=0

D/STATUSBAR-NetworkController( 2577): updateDataNetType()

D/STATUSBAR-NetworkController( 2577): Nothing, mRoamingIconId = 0

I/InputReader( 2282): Touch event's action is 0x0 (deviceType=0) [pCnt=1, s=0.551 ]

I/WifiService( 2282): Booster FLAG : 1

I/WifiService( 2282): mBoosterFLAG : 1

I/WifiService( 2282): current booster mode : FullMode

V/Mms/DownloadManager(20532): Service state changed: Bundle[mParcelledData.dataSize=656]

V/Mms/DownloadManager(20532): roaming ------> false

V/Mms/DownloadManager(20532): auto download without roaming -> true

V/Mms/DownloadManager(20532): auto download during roaming -> false

V/Mms/DownloadManager(20532): mAutoDownload ------> true

I/InputDispatcher( 2282): Delivering touch to current input target: action: 0x0

I/InputDispatcher( 2282): Delivering touch to current input target: action: 0x0

I/InputDispatcher( 2282): Delivering touch to current input target: action: 0x0

D/WifiService( 2282): onDataConnectionStateChanged: state -2, networkType - HSDPA

D/STATUSBAR-NetworkController( 2577): onDataConnectionStateChanged: state=2 type=8

D/STATUSBAR-NetworkController( 2577): updateDataNetType()

D/STATUSBAR-NetworkController( 2577): Nothing, mRoamingIconId = 0

D/STATUSBAR-NetworkController( 2577): refreshSignalCluster: data=2 bt=false

D/STATUSBAR-SignalClusterView( 2577): mSeparateMobileGroup=0

D/STATUSBAR-SignalClusterView( 2577): mSeparateMobileGroup=0

D/STATUSBAR-SignalClusterView( 2577): mSeparateMobileGroup=0

D/ContextualPageReceiver( 2840): mContextualPageReceiver: ACTION_SERVICE_STATE_CHANGED isRoaming : false

D/StatusChecker(21690): onReceive : android.intent.action.SERVICE_STATE

D/StatusChecker(21690): Service state changed : 0

D/dalvikvm( 2768): GC_CONCURRENT freed 415K, 11% free 13291K/14791K, paused 6ms+3ms, total 83ms

I/InputReader( 2282): Touch event's action is 0x1 (deviceType=0) [pCnt=1, s=]

I/InputDispatcher( 2282): Delivering touch to current input target: action: 0x1

I/InputDispatcher( 2282): Delivering touch to current input target: action: 0x1

I/InputDispatcher( 2282): Delivering touch to current input target: action: 0x1

D/MobileDataStateTracker( 2282): default: Received state=CONNECTED, old=CONNECTED, reason=nwTypeChanged

D/PhoneApp( 2768): mReceiver: ACTION_ANY_DATA_CONNECTION_STATE_CHANGED

D/NotificationMgr( 2768): hideDataDisconnectedRoaming()...

W/AlarmManager( 2282): FACTORY_ON= 0

D/dalvikvm(27869): GC_CONCURRENT freed 160K, 7% free 12415K/13319K, paused 6ms+2ms, total 28ms

D/dalvikvm(27869): WAIT_FOR_CONCURRENT_GC blocked 14ms

I/SurfaceFlinger( 1899): id=393(3) createSurf 0x410c1ac4 (1x1),1 flag=0, QopupWindow

I/SurfaceFlinger( 1899): SurfaceFlinger : eMagnificationFactorChanged.  magnificationFactor=1.0

I/SurfaceFlinger( 1899): SurfaceFlinger : eZoomPositionChanged.  zoomX=0.0 zoomY=0.0

D/KeyguardViewMediator( 2282): setHidden false

D/KeyguardViewMediator( 2282): setHidden false

D/KJH     ( 2742): [KeyboardView-init] mGuestureTraceKeyboardGapForXt9_9 : 0

D/KeyguardViewMediator( 2282): setHidden false

D/ApplicationPolicy( 2282): isStatusBarNotificationAllowed: packageName = android

D/ApplicationPolicy( 2282): isStatusBarNotificationAllowed: packageName = android

D/PhoneStatusBar( 2577): addNotification score=0

D/STATUSBAR-NotificationService( 2282): Noti Alert - mSystemReady:true, AlertEnabled:true

D/PowerManagerService( 2282): mIsSipVisible : true

D/STATUSBAR-NotificationService( 2282): Noti Alert - mSystemReady:true, AlertEnabled:true

I/SurfaceFlinger( 1899): id=394(180) createSurf 0x41e8c12c (720x531),1 flag=0, JnputMethod

D/StatusBar( 2577): expanding top notification at 3entry.userCollapsed() = false

D/dalvikvm(27869): GC_CONCURRENT freed 143K, 7% free 12771K/13703K, paused 4ms+12ms, total 30ms

D/StatusBar( 2577): expanding top notification at 3entry.userCollapsed() = false

I/SurfaceFlinger( 1899): SurfaceFlinger : eMagnificationFactorChanged.  magnificationFactor=1.0

I/SurfaceFlinger( 1899): SurfaceFlinger : eZoomPositionChanged.  zoomX=0.0 zoomY=0.0

D/KeyguardViewMediator( 2282): setHidden false

D/KeyguardViewMediator( 2282): setHidden false

D/dalvikvm( 2742): GC_FOR_ALLOC freed 2448K, 18% free 16744K/20231K, paused 27ms, total 27ms

D/KeyguardViewMediator( 2282): setHidden false

D/KeyguardViewMediator( 2282): setHidden false

D/dalvikvm( 2742): GC_CONCURRENT freed 257K, 11% free 18059K/20231K, paused 13ms+2ms, total 34ms

D/KeyguardViewMediator( 2282): setHidden false

D/KeyguardViewMediator( 2282): setHidden false

D/KeyguardViewMediator( 2282): setHidden false

D/STATUSBAR-NetworkController( 2577): onDataActivity: direction=2

D/STATUSBAR-NetworkController( 2577): refreshSignalCluster: data=2 bt=false

D/STATUSBAR-SignalClusterView( 2577): mSeparateMobileGroup=0

D/STATUSBAR-SignalClusterView( 2577): mSeparateMobileGroup=0

D/STATUSBAR-SignalClusterView( 2577): mSeparateMobileGroup=0

D/PowerManagerService( 2282): lightSensorChangedLocked value=0 immediate=false

I/PowerManagerService( 2282): fileWriteInt : /sys/class/backlight/panel/auto_brightness  value : 1

D/dalvikvm(27869): GC_CONCURRENT freed 203K, 8% free 13084K/14087K, paused 15ms+4ms, total 53ms

D/dalvikvm(27869): WAIT_FOR_CONCURRENT_GC blocked 34ms

I/power   ( 2282): *** acquire_dvfs_lock : lockType : 1  freq : 1400000 

D/dalvikvm(27869): GC_FOR_ALLOC freed 103K, 8% free 13141K/14215K, paused 34ms, total 34ms

D/PowerManagerService( 2282): getAutoBrightnessValue : mDynamicAutoBrightnessValue = 20 ( 0 < 0 <= 15 )

I/PowerManagerService( 2282): fileWriteInt : /sys/class/backlight/panel/auto_brightness  value : 1

D/PowerManagerService( 2282): getAutoBrightnessValue : mDynamicAutoBrightnessValue = 20 ( 0 < 0 <= 15 )

D/PowerManagerService( 2282): lcdValue 20

D/PowerManagerService( 2282): buttonValue 20

D/PowerManagerService( 2282): keyboardValue 0

D/PowerManagerService( 2282): acquireDVFSLockLocked : type : DVFS_MIN_LIMIT  frequency : 1400000  uid : 1000  pid : 2282  tag : AMOLED_Animation

D/PowerManagerService( 2282): lightSensorChangedLocked : mKeyboardLight : 0

D/lights  ( 2282): LCD : 86 +

D/lights  ( 2282): LCD : 86 -

D/LightsService( 2282): setLightLocked is called

D/lights  ( 2282): LCD : 85 +

D/lights  ( 2282): LCD : 85 -

D/LightsService( 2282): setLightLocked is called

D/lights  ( 2282): LCD : 84 +

D/lights  ( 2282): LCD : 84 -

D/LightsService( 2282): setLightLocked is called

D/dalvikvm(27247): GC_CONCURRENT freed 265K, 8% free 12503K/13575K, paused 12ms+2ms, total 24ms

D/lights  ( 2282): LCD : 85 +

D/lights  ( 2282): LCD : 85 -

D/LightsService( 2282): setLightLocked is called

D/lights  ( 2282): LCD : 81 +

D/lights  ( 2282): LCD : 81 -

D/dalvikvm(27869): GC_CONCURRENT freed 445K, 9% free 13213K/14407K, paused 1ms+3ms, total 17ms

D/dalvikvm(27869): WAIT_FOR_CONCURRENT_GC blocked 0ms

D/LightsService( 2282): setLightLocked is called

D/lights  ( 2282): LCD : 78 +

D/lights  ( 2282): LCD : 78 -

D/LightsService( 2282): setLightLocked is called

D/lights  ( 2282): LCD : 74 +

D/lights  ( 2282): LCD : 74 -

D/LightsService( 2282): setLightLocked is called

D/lights  ( 2282): LCD : 70 +

D/lights  ( 2282): LCD : 70 -

D/LightsService( 2282): setLightLocked is called

D/dalvikvm(27869): GC_CONCURRENT freed 140K, 7% free 13563K/14471K, paused 2ms+12ms, total 28ms

D/lights  ( 2282): LCD : 67 +

D/lights  ( 2282): LCD : 67 -

D/LightsService( 2282): setLightLocked is called

D/lights  ( 2282): LCD : 63 +

D/lights  ( 2282): LCD : 63 -

D/LightsService( 2282): setLightLocked is called

D/lights  ( 2282): LCD : 60 +

D/lights  ( 2282): LCD : 60 -

D/LightsService( 2282): setLightLocked is called

D/lights  ( 2282): LCD : 57 +

D/lights  ( 2282): LCD : 57 -

D/LightsService( 2282): setLightLocked is called

I/LocationManagerService( 2282): request passive (pid 27869) 0 0

D/lights  ( 2282): LCD : 53 +

D/lights  ( 2282): LCD : 53 -

D/LightsService( 2282): setLightLocked is called

D/lights  ( 2282): LCD : 49 +

I/InputReader( 2282): Touch event's action is 0x0 (deviceType=0) [pCnt=1, s=0.552 ]

I/InputDispatcher( 2282): Delivering touch to current input target: action: 0x0

I/InputDispatcher( 2282): Delivering touch to current input target: action: 0x0

I/InputDispatcher( 2282): Delivering touch to current input target: action: 0x0

W/AlarmManager( 2282): FACTORY_ON= 0

D/lights  ( 2282): LCD : 49 -

D/lights  ( 2282): LCD : 39 +

D/LightsService( 2282): setLightLocked is called

D/WifiP2pService( 2282): P2pDisabledState{ what=131204 }

W/AlarmManager( 2282): FACTORY_ON= 0

I/InputReader( 2282): Touch event's action is 0x1 (deviceType=0) [pCnt=1, s=]

I/InputDispatcher( 2282): Delivering touch to current input target: action: 0x1

I/InputDispatcher( 2282): Delivering touch to current input target: action: 0x1

I/InputDispatcher( 2282): Delivering touch to current input target: action: 0x1

W/AlarmManager( 2282): FACTORY_ON= 0

W/AlarmManager( 2282): FACTORY_ON= 0

D/ApplicationPolicy( 2282): isStatusBarNotificationAllowed: packageName = android

D/lights  ( 2282): LCD : 39 -

D/lights  ( 2282): LCD : 32 +

D/lights  ( 2282): LCD : 32 -

D/PowerManagerService( 2282): mIsSipVisible : true

D/LightsService( 2282): setLightLocked is called

W/AlarmManager( 2282): FACTORY_ON= 0

D/LightsService( 2282): setLightLocked is called

D/StatusBar( 2577): expanding top notification at 3entry.userCollapsed() = false

D/KeyguardViewMediator( 2282): setHidden false

D/STATUSBAR-NotificationService( 2282): Noti Alert - mSystemReady:true, AlertEnabled:true

W/AlarmManager( 2282): FACTORY_ON= 0

D/WifiP2pService( 2282): P2pDisabledState{ what=131204 }

W/AlarmManager( 2282): FACTORY_ON= 0

D/lights  ( 2282): LCD : 31 +

D/lights  ( 2282): LCD : 31 -

D/dalvikvm(27928): GC_CONCURRENT freed 163K, 7% free 12412K/13319K, paused 7ms+1ms, total 24ms

D/dalvikvm(27928): WAIT_FOR_CONCURRENT_GC blocked 12ms

D/LightsService( 2282): setLightLocked is called

W/AlarmManager( 2282): FACTORY_ON= 0

W/AlarmManager( 2282): FACTORY_ON= 0

D/lights  ( 2282): LCD : 28 +

D/dalvikvm(27928): GC_CONCURRENT freed 145K, 7% free 12774K/13703K, paused 1ms+2ms, total 14ms

D/lights  ( 2282): LCD : 28 -

D/lights  ( 2282): LCD : 20 +

D/lights  ( 2282): LCD : 20 -

I/power   ( 2282): *** release_dvfs_lock : lockType : 1 

D/LightsService( 2282): setLightLocked is called

D/LightsService( 2282): setLightLocked is called

I/PowerManagerService( 2282): Light Animator Finished currentValue=20

D/PowerManagerService( 2282): releaseDVFSLockLocked : all DVFS_MIN_LIMIT are released 

W/AlarmManager( 2282): FACTORY_ON= 0

W/ActivityManager( 2282): Permission denied: checkComponentPermission() owningUid=10020

D/KeyguardViewMediator( 2282): setHidden false

I/SurfaceFlinger( 1899): id=393 Removed QopupWindow idx=4 MapSz=4

I/SurfaceFlinger( 1899): id=393 Removed QopupWindow idx=-2 MapSz=4

D/KeyguardViewMediator( 2282): setHidden false

D/KeyguardViewMediator( 2282): setHidden false

D/dalvikvm(27956): GC_CONCURRENT freed 166K, 7% free 12410K/13319K, paused 2ms+2ms, total 18ms

D/dalvikvm(27956): WAIT_FOR_CONCURRENT_GC blocked 8ms

D/dalvikvm(27956): GC_CONCURRENT freed 145K, 7% free 12772K/13703K, paused 1ms+12ms, total 25ms

D/dalvikvm(27956): GC_CONCURRENT freed 300K, 8% free 13039K/14087K, paused 1ms+3ms, total 22ms

D/dalvikvm(27956): WAIT_FOR_CONCURRENT_GC blocked 6ms

I/SurfaceFlinger( 1899): id=395(4) createSurf 0x41cefe6c (1x1),1 flag=0, QopupWindow

I/SurfaceFlinger( 1899): SurfaceFlinger : eMagnificationFactorChanged.  magnificationFactor=1.0

I/SurfaceFlinger( 1899): SurfaceFlinger : eZoomPositionChanged.  zoomX=0.0 zoomY=0.0

D/KeyguardViewMediator( 2282): setHidden false

D/STATUSBAR-NetworkController( 2577): onDataActivity: direction=0

D/STATUSBAR-NetworkController( 2577): refreshSignalCluster: data=2 bt=false

D/STATUSBAR-SignalClusterView( 2577): mSeparateMobileGroup=0

D/STATUSBAR-SignalClusterView( 2577): mSeparateMobileGroup=0

D/STATUSBAR-SignalClusterView( 2577): mSeparateMobileGroup=0

D/KeyguardViewMediator( 2282): setHidden false

D/KeyguardViewMediator( 2282): setHidden false

D/KeyguardViewMediator( 2282): setHidden false

D/KeyguardViewMediator( 2282): setHidden false

D/dalvikvm( 9115): GC_CONCURRENT freed 393K, 23% free 13274K/17031K, paused 6ms+7ms, total 56ms

I/InputReader( 2282): Touch event's action is 0x0 (deviceType=0) [pCnt=1, s=0.553 ]

I/InputDispatcher( 2282): Delivering touch to current input target: action: 0x0

I/InputDispatcher( 2282): Delivering touch to current input target: action: 0x0

I/InputDispatcher( 2282): Delivering touch to current input target: action: 0x0

E/AudioPolicyService( 1902): getOutput() tid 2218 ++

E/AudioPolicyService( 1902): getOutput() tid 2218 --

V/AudioPolicyManagerBase( 1902): getOutput() stream 1, samplingRate 0, format 0, channelMask 3, flags 0

V/AudioPolicyManagerBase( 1902): getOutputsForDevice device 0002 -> 0002

V/AudioPolicyManagerBase( 1902): getOutput() returns output 2

E/AudioPolicyService( 1902): getOutput() tid 1902 ++

E/AudioPolicyService( 1902): getOutput() tid 1902 --

V/AudioPolicyManagerBase( 1902): getOutput() stream 1, samplingRate 0, format 0, channelMask 3, flags 0

V/AudioPolicyManagerBase( 1902): getOutputsForDevice device 0002 -> 0002

V/AudioPolicyManagerBase( 1902): getOutput() returns output 2

E/AudioPolicyService( 1902): getOutput() tid 2199 ++

E/AudioPolicyService( 1902): getOutput() tid 2199 --

V/AudioPolicyManagerBase( 1902): getOutput() stream 1, samplingRate 44100, format 1, channelMask 3, flags 4

V/AudioPolicyManagerBase( 1902): getOutputsForDevice device 0002 -> 0002

V/AudioPolicyManagerBase( 1902): getOutput() returns output 2

V/LvOutput( 1902): initCheck: 0

V/LvOutput( 1902): attachEffects: attach processing to output 2, stream 1, session 412, mode 0

V/LvOutput( 1902): attachEffects: no output processing needs to be attached to this stream

V/LvOutput( 1902): LvOutput::setAllProcessorEnabled(false) mOutputs.size(0)

V/AudioPolicyManagerBase( 1902): startOutput() output 2, stream 1, session 412

V/AudioPolicyManagerBase( 1902): changeRefCount() stream 1, count 1

V/AudioPolicyManagerBase( 1902): getNewDevice() selected device 2

V/AudioPolicyManagerBase( 1902): setOutputDevice() output 2 device 0002 force 0 delayMs 0 

V/AudioPolicyManagerBase( 1902): setOutputDevice() prevDevice 0002

V/AudioPolicyManagerBase( 1902): setOutputDevice() setting same device 0002 or null device for output 2

V/AudioPolicyManagerBase( 1902): releaseOutput() 2

I/AudioMixer( 1902): setParameter(TRACK, FORMAT, 0x1)

E/AudioMixer( 1902): MOON > checkSEC_PCM ++ 1

D/KeyguardViewMediator( 2282): setHidden false

I/InputReader( 2282): Touch event's action is 0x1 (deviceType=0) [pCnt=1, s=]

I/InputDispatcher( 2282): Delivering touch to current input target: action: 0x1

I/InputDispatcher( 2282): Delivering touch to current input target: action: 0x1

I/InputDispatcher( 2282): Delivering touch to current input target: action: 0x1

V/LvOutput( 1902): initCheck: 0

V/LvOutput( 1902): detachEffects: detach processing for output 2, stream 1, session 412

V/LvOutput( 1902): detachEffects: no output processing was attached to this stream

V/AudioPolicyManagerBase( 1902): stopOutput() output 2, stream 1, session 412

V/AudioPolicyManagerBase( 1902): changeRefCount() stream 1, count 0

V/AudioPolicyManagerBase( 1902): getNewDevice() selected device 0

V/AudioPolicyManagerBase( 1902): setOutputDevice() output 2 device 0000 force 0 delayMs 184 

V/AudioPolicyManagerBase( 1902): setOutputDevice() prevDevice 0002

V/AudioPolicyManagerBase( 1902): setOutputDevice() setting same device 0000 or null device for output 2

I/InputReader( 2282): Touch event's action is 0x0 (deviceType=0) [pCnt=1, s=0.554 ]

I/InputDispatcher( 2282): Delivering touch to current input target: action: 0x0

I/InputDispatcher( 2282): Delivering touch to current input target: action: 0x0

I/InputDispatcher( 2282): Delivering touch to current input target: action: 0x0

E/AudioPolicyService( 1902): getOutput() tid 1902 ++

E/AudioPolicyService( 1902): getOutput() tid 1902 --

V/AudioPolicyManagerBase( 1902): getOutput() stream 1, samplingRate 0, format 0, channelMask 3, flags 0

V/AudioPolicyManagerBase( 1902): getOutputsForDevice device 0002 -> 0002

V/AudioPolicyManagerBase( 1902): getOutput() returns output 2

E/AudioPolicyService( 1902): getOutput() tid 2199 ++

E/AudioPolicyService( 1902): getOutput() tid 2199 --

V/AudioPolicyManagerBase( 1902): getOutput() stream 1, samplingRate 0, format 0, channelMask 3, flags 0

V/AudioPolicyManagerBase( 1902): getOutputsForDevice device 0002 -> 0002

V/AudioPolicyManagerBase( 1902): getOutput() returns output 2

E/AudioPolicyService( 1902): getOutput() tid 2218 ++

E/AudioPolicyService( 1902): getOutput() tid 2218 --

V/AudioPolicyManagerBase( 1902): getOutput() stream 1, samplingRate 44100, format 1, channelMask 3, flags 4

V/AudioPolicyManagerBase( 1902): getOutputsForDevice device 0002 -> 0002

V/AudioPolicyManagerBase( 1902): getOutput() returns output 2

V/LvOutput( 1902): initCheck: 0

V/LvOutput( 1902): attachEffects: attach processing to output 2, stream 1, session 413, mode 0

V/LvOutput( 1902): attachEffects: no output processing needs to be attached to this stream

V/LvOutput( 1902): LvOutput::setAllProcessorEnabled(false) mOutputs.size(0)

V/AudioPolicyManagerBase( 1902): startOutput() output 2, stream 1, session 413

V/AudioPolicyManagerBase( 1902): changeRefCount() stream 1, count 1

V/AudioPolicyManagerBase( 1902): getNewDevice() selected device 2

V/AudioPolicyManagerBase( 1902): setOutputDevice() output 2 device 0002 force 0 delayMs 0 

V/AudioPolicyManagerBase( 1902): setOutputDevice() prevDevice 0002

V/AudioPolicyManagerBase( 1902): setOutputDevice() setting same device 0002 or null device for output 2

V/AudioPolicyManagerBase( 1902): releaseOutput() 2

I/AudioMixer( 1902): setParameter(TRACK, FORMAT, 0x1)

E/AudioMixer( 1902): MOON > checkSEC_PCM ++ 1

D/KeyguardViewMediator( 2282): setHidden false

I/SurfaceFlinger( 1899): id=395 Removed QopupWindow idx=4 MapSz=4

I/SurfaceFlinger( 1899): id=395 Removed QopupWindow idx=-2 MapSz=4

D/KeyguardViewMediator( 2282): setHidden false

D/KeyguardViewMediator( 2282): setHidden false

I/InputReader( 2282): Touch event's action is 0x1 (deviceType=0) [pCnt=1, s=]

I/InputDispatcher( 2282): Delivering touch to current input target: action: 0x1

I/InputDispatcher( 2282): Delivering touch to current input target: action: 0x1

I/InputDispatcher( 2282): Delivering touch to current input target: action: 0x1

I/SurfaceFlinger( 1899): id=396(181) createSurf 0x41bfee84 (1x1),1 flag=0, QopupWindow

I/SurfaceFlinger( 1899): SurfaceFlinger : eMagnificationFactorChanged.  magnificationFactor=1.0

I/SurfaceFlinger( 1899): SurfaceFlinger : eZoomPositionChanged.  zoomX=0.0 zoomY=0.0

D/KeyguardViewMediator( 2282): setHidden false

V/LvOutput( 1902): initCheck: 0

V/LvOutput( 1902): detachEffects: detach processing for output 2, stream 1, session 413

V/LvOutput( 1902): detachEffects: no output processing was attached to this stream

V/AudioPolicyManagerBase( 1902): stopOutput() output 2, stream 1, session 413

V/AudioPolicyManagerBase( 1902): changeRefCount() stream 1, count 0

V/AudioPolicyManagerBase( 1902): getNewDevice() selected device 0

V/AudioPolicyManagerBase( 1902): setOutputDevice() output 2 device 0000 force 0 delayMs 184 

V/AudioPolicyManagerBase( 1902): setOutputDevice() prevDevice 0002

V/AudioPolicyManagerBase( 1902): setOutputDevice() setting same device 0000 or null device for output 2

D/KeyguardViewMediator( 2282): setHidden false

I/SurfaceFlinger( 1899): id=396 Removed QopupWindow idx=4 MapSz=4

D/KeyguardViewMediator( 2282): setHidden false

I/SurfaceFlinger( 1899): id=396 Removed QopupWindow idx=-2 MapSz=4

D/STATUSBAR-NetworkController( 2577): onDataActivity: direction=2

D/STATUSBAR-NetworkController( 2577): refreshSignalCluster: data=2 bt=false

D/STATUSBAR-SignalClusterView( 2577): mSeparateMobileGroup=0

D/STATUSBAR-SignalClusterView( 2577): mSeparateMobileGroup=0

D/STATUSBAR-SignalClusterView( 2577): mSeparateMobileGroup=0

I/InputReader( 2282): Touch event's action is 0x0 (deviceType=0) [pCnt=1, s=0.555 ]

I/InputDispatcher( 2282): Delivering touch to current input target: action: 0x0

I/InputDispatcher( 2282): Delivering touch to current input target: action: 0x0

I/InputDispatcher( 2282): Delivering touch to current input target: action: 0x0

I/InputReader( 2282): Touch event's action is 0x1 (deviceType=0) [pCnt=1, s=]

I/InputDispatcher( 2282): Delivering touch to current input target: action: 0x1

I/InputDispatcher( 2282): Delivering touch to current input target: action: 0x1

I/InputDispatcher( 2282): Delivering touch to current input target: action: 0x1

D/ApplicationPolicy( 2282): isStatusBarNotificationAllowed: packageName = android

E/Watchdog( 2282): !@Sync 382

D/PowerManagerService( 2282): mIsSipVisible : true

D/STATUSBAR-NotificationService( 2282): Noti Alert - mSystemReady:true, AlertEnabled:true

D/StatusBar( 2577): expanding top notification at 3entry.userCollapsed() = false

I/SurfaceFlinger( 1899): id=397(5) createSurf 0x438c9dc4 (1x1),1 flag=0, QopupWindow

I/SurfaceFlinger( 1899): SurfaceFlinger : eMagnificationFactorChanged.  magnificationFactor=1.0

I/SurfaceFlinger( 1899): SurfaceFlinger : eZoomPositionChanged.  zoomX=0.0 zoomY=0.0

D/KeyguardViewMediator( 2282): setHidden false

D/KeyguardViewMediator( 2282): setHidden false

D/KeyguardViewMediator( 2282): setHidden false

D/KeyguardViewMediator( 2282): setHidden false

D/KeyguardViewMediator( 2282): setHidden false

I/InputReader( 2282): Touch event's action is 0x0 (deviceType=0) [pCnt=1, s=0.556 ]

I/InputDispatcher( 2282): Delivering touch to current input target: action: 0x0

I/InputDispatcher( 2282): Delivering touch to current input target: action: 0x0

I/InputDispatcher( 2282): Delivering touch to current input target: action: 0x0

E/AudioPolicyService( 1902): getOutput() tid 2199 ++

E/AudioPolicyService( 1902): getOutput() tid 2199 --

V/AudioPolicyManagerBase( 1902): getOutput() stream 1, samplingRate 0, format 0, channelMask 3, flags 0

V/AudioPolicyManagerBase( 1902): getOutputsForDevice device 0002 -> 0002

V/AudioPolicyManagerBase( 1902): getOutput() returns output 2

E/AudioPolicyService( 1902): getOutput() tid 2218 ++

E/AudioPolicyService( 1902): getOutput() tid 2218 --

V/AudioPolicyManagerBase( 1902): getOutput() stream 1, samplingRate 0, format 0, channelMask 3, flags 0

V/AudioPolicyManagerBase( 1902): getOutputsForDevice device 0002 -> 0002

V/AudioPolicyManagerBase( 1902): getOutput() returns output 2

E/AudioPolicyService( 1902): getOutput() tid 1902 ++

E/AudioPolicyService( 1902): getOutput() tid 1902 --

V/AudioPolicyManagerBase( 1902): getOutput() stream 1, samplingRate 44100, format 1, channelMask 3, flags 4

V/AudioPolicyManagerBase( 1902): getOutputsForDevice device 0002 -> 0002

V/AudioPolicyManagerBase( 1902): getOutput() returns output 2

V/LvOutput( 1902): initCheck: 0

V/LvOutput( 1902): attachEffects: attach processing to output 2, stream 1, session 414, mode 0

V/LvOutput( 1902): attachEffects: no output processing needs to be attached to this stream

V/LvOutput( 1902): LvOutput::setAllProcessorEnabled(false) mOutputs.size(0)

V/AudioPolicyManagerBase( 1902): startOutput() output 2, stream 1, session 414

V/AudioPolicyManagerBase( 1902): changeRefCount() stream 1, count 1

V/AudioPolicyManagerBase( 1902): getNewDevice() selected device 2

V/AudioPolicyManagerBase( 1902): setOutputDevice() output 2 device 0002 force 0 delayMs 0 

V/AudioPolicyManagerBase( 1902): setOutputDevice() prevDevice 0002

V/AudioPolicyManagerBase( 1902): setOutputDevice() setting same device 0002 or null device for output 2

V/AudioPolicyManagerBase( 1902): releaseOutput() 2

I/AudioMixer( 1902): setParameter(TRACK, FORMAT, 0x1)

E/AudioMixer( 1902): MOON > checkSEC_PCM ++ 1

D/KeyguardViewMediator( 2282): setHidden false

D/STATUSBAR-NetworkController( 2577): onDataActivity: direction=3

D/STATUSBAR-NetworkController( 2577): refreshSignalCluster: data=2 bt=false

D/STATUSBAR-SignalClusterView( 2577): mSeparateMobileGroup=0

D/STATUSBAR-SignalClusterView( 2577): mSeparateMobileGroup=0

D/STATUSBAR-SignalClusterView( 2577): mSeparateMobileGroup=0

I/InputReader( 2282): Touch event's action is 0x1 (deviceType=0) [pCnt=1, s=]

I/InputDispatcher( 2282): Delivering touch to current input target: action: 0x1

I/InputDispatcher( 2282): Delivering touch to current input target: action: 0x1

I/InputDispatcher( 2282): Delivering touch to current input target: action: 0x1

V/LvOutput( 1902): initCheck: 0

V/LvOutput( 1902): detachEffects: detach processing for output 2, stream 1, session 414

V/LvOutput( 1902): detachEffects: no output processing was attached to this stream

V/AudioPolicyManagerBase( 1902): stopOutput() output 2, stream 1, session 414

V/AudioPolicyManagerBase( 1902): changeRefCount() stream 1, count 0

V/AudioPolicyManagerBase( 1902): getNewDevice() selected device 0

V/AudioPolicyManagerBase( 1902): setOutputDevice() output 2 device 0000 force 0 delayMs 184 

V/AudioPolicyManagerBase( 1902): setOutputDevice() prevDevice 0002

V/AudioPolicyManagerBase( 1902): setOutputDevice() setting same device 0000 or null device for output 2

I/InputReader( 2282): Touch event's action is 0x0 (deviceType=0) [pCnt=1, s=0.557 ]

I/InputDispatcher( 2282): Delivering touch to current input target: action: 0x0

I/InputDispatcher( 2282): Delivering touch to current input target: action: 0x0

I/InputDispatcher( 2282): Delivering touch to current input target: action: 0x0

E/AudioPolicyService( 1902): getOutput() tid 2199 ++

E/AudioPolicyService( 1902): getOutput() tid 2199 --

V/AudioPolicyManagerBase( 1902): getOutput() stream 1, samplingRate 0, format 0, channelMask 3, flags 0

V/AudioPolicyManagerBase( 1902): getOutputsForDevice device 0002 -> 0002

V/AudioPolicyManagerBase( 1902): getOutput() returns output 2

E/AudioPolicyService( 1902): getOutput() tid 1902 ++

E/AudioPolicyService( 1902): getOutput() tid 1902 --

V/AudioPolicyManagerBase( 1902): getOutput() stream 1, samplingRate 0, format 0, channelMask 3, flags 0

V/AudioPolicyManagerBase( 1902): getOutputsForDevice device 0002 -> 0002

V/AudioPolicyManagerBase( 1902): getOutput() returns output 2

E/AudioPolicyService( 1902): getOutput() tid 2218 ++

E/AudioPolicyService( 1902): getOutput() tid 2218 --

V/AudioPolicyManagerBase( 1902): getOutput() stream 1, samplingRate 44100, format 1, channelMask 3, flags 4

V/AudioPolicyManagerBase( 1902): getOutputsForDevice device 0002 -> 0002

V/AudioPolicyManagerBase( 1902): getOutput() returns output 2

V/LvOutput( 1902): initCheck: 0

V/LvOutput( 1902): attachEffects: attach processing to output 2, stream 1, session 415, mode 0

V/LvOutput( 1902): attachEffects: no output processing needs to be attached to this stream

V/LvOutput( 1902): LvOutput::setAllProcessorEnabled(false) mOutputs.size(0)

V/AudioPolicyManagerBase( 1902): startOutput() output 2, stream 1, session 415

V/AudioPolicyManagerBase( 1902): changeRefCount() stream 1, count 1

V/AudioPolicyManagerBase( 1902): getNewDevice() selected device 2

V/AudioPolicyManagerBase( 1902): setOutputDevice() output 2 device 0002 force 0 delayMs 0 

V/AudioPolicyManagerBase( 1902): setOutputDevice() prevDevice 0002

V/AudioPolicyManagerBase( 1902): setOutputDevice() setting same device 0002 or null device for output 2

V/AudioPolicyManagerBase( 1902): releaseOutput() 2

D/KeyguardViewMediator( 2282): setHidden false

I/AudioMixer( 1902): setParameter(TRACK, FORMAT, 0x1)

E/AudioMixer( 1902): MOON > checkSEC_PCM ++ 1

I/SurfaceFlinger( 1899): id=397 Removed QopupWindow idx=4 MapSz=4

I/SurfaceFlinger( 1899): id=397 Removed QopupWindow idx=-2 MapSz=4

D/KeyguardViewMediator( 2282): setHidden false

D/KeyguardViewMediator( 2282): setHidden false

I/InputReader( 2282): Touch event's action is 0x1 (deviceType=0) [pCnt=1, s=]

I/InputDispatcher( 2282): Delivering touch to current input target: action: 0x1

I/InputDispatcher( 2282): Delivering touch to current input target: action: 0x1

I/InputDispatcher( 2282): Delivering touch to current input target: action: 0x1

V/LvOutput( 1902): initCheck: 0

V/LvOutput( 1902): detachEffects: detach processing for output 2, stream 1, session 415

V/LvOutput( 1902): detachEffects: no output processing was attached to this stream

V/AudioPolicyManagerBase( 1902): stopOutput() output 2, stream 1, session 415

V/AudioPolicyManagerBase( 1902): changeRefCount() stream 1, count 0

V/AudioPolicyManagerBase( 1902): getNewDevice() selected device 0

V/AudioPolicyManagerBase( 1902): setOutputDevice() output 2 device 0000 force 0 delayMs 184 

V/AudioPolicyManagerBase( 1902): setOutputDevice() prevDevice 0002

V/AudioPolicyManagerBase( 1902): setOutputDevice() setting same device 0000 or null device for output 2

D/STATUSBAR-NetworkController( 2577): onDataActivity: direction=0

D/STATUSBAR-NetworkController( 2577): refreshSignalCluster: data=2 bt=false

D/STATUSBAR-SignalClusterView( 2577): mSeparateMobileGroup=0

D/STATUSBAR-SignalClusterView( 2577): mSeparateMobileGroup=0

D/STATUSBAR-SignalClusterView( 2577): mSeparateMobileGroup=0

I/InputReader( 2282): Touch event's action is 0x0 (deviceType=0) [pCnt=1, s=0.558 ]

I/InputDispatcher( 2282): Delivering touch to current input target: action: 0x0

I/InputDispatcher( 2282): Delivering touch to current input target: action: 0x0

I/InputDispatcher( 2282): Delivering touch to current input target: action: 0x0

E/AudioPolicyService( 1902): getOutput() tid 1902 ++

E/AudioPolicyService( 1902): getOutput() tid 1902 --

V/AudioPolicyManagerBase( 1902): getOutput() stream 1, samplingRate 0, format 0, channelMask 3, flags 0

V/AudioPolicyManagerBase( 1902): getOutputsForDevice device 0002 -> 0002

V/AudioPolicyManagerBase( 1902): getOutput() returns output 2

E/AudioPolicyService( 1902): getOutput() tid 2218 ++

E/AudioPolicyService( 1902): getOutput() tid 2218 --

V/AudioPolicyManagerBase( 1902): getOutput() stream 1, samplingRate 0, format 0, channelMask 3, flags 0

V/AudioPolicyManagerBase( 1902): getOutputsForDevice device 0002 -> 0002

V/AudioPolicyManagerBase( 1902): getOutput() returns output 2

E/AudioPolicyService( 1902): getOutput() tid 2199 ++

E/AudioPolicyService( 1902): getOutput() tid 2199 --

V/AudioPolicyManagerBase( 1902): getOutput() stream 1, samplingRate 44100, format 1, channelMask 3, flags 4

V/AudioPolicyManagerBase( 1902): getOutputsForDevice device 0002 -> 0002

V/AudioPolicyManagerBase( 1902): getOutput() returns output 2

V/LvOutput( 1902): initCheck: 0

V/LvOutput( 1902): attachEffects: attach processing to output 2, stream 1, session 416, mode 0

V/LvOutput( 1902): attachEffects: no output processing needs to be attached to this stream

V/LvOutput( 1902): LvOutput::setAllProcessorEnabled(false) mOutputs.size(0)

V/AudioPolicyManagerBase( 1902): startOutput() output 2, stream 1, session 416

V/AudioPolicyManagerBase( 1902): changeRefCount() stream 1, count 1

V/AudioPolicyManagerBase( 1902): getNewDevice() selected device 2

V/AudioPolicyManagerBase( 1902): setOutputDevice() output 2 device 0002 force 0 delayMs 0 

V/AudioPolicyManagerBase( 1902): setOutputDevice() prevDevice 0002

V/AudioPolicyManagerBase( 1902): setOutputDevice() setting same device 0002 or null device for output 2

V/AudioPolicyManagerBase( 1902): releaseOutput() 2

W/SignalStrength( 2282): getGsmLevel=4

W/SignalStrength( 2282): getLevel=4 (SignalStrength: 12 -1 -1 -1 -1 -1 -1 -1 -1 -1 -1 -1 gsm|lte 4)

W/SignalStrength( 2577): getGsmLevel=4

W/SignalStrength( 2577): getLevel=4 (SignalStrength: 12 -1 -1 -1 -1 -1 -1 -1 -1 -1 -1 -1 gsm|lte 4)

W/SignalStrength( 2577): getGsmLevel=4

D/STATUSBAR-NetworkController( 2577): onSignalStrengthsChanged signalStrength=SignalStrength: 12 -1 -1 -1 -1 -1 -1 -1 -1 -1 -1 -1 gsm|lte 4 level=4

W/SignalStrength( 2282): getGsmDbm=-89

W/SignalStrength( 2282): getDbm=-89

W/SignalStrength( 2577): getLevel=4 (SignalStrength: 12 -1 -1 -1 -1 -1 -1 -1 -1 -1 -1 -1 gsm|lte 4)

W/SignalStrength( 2282): getGsmAsuLevel=12

W/SignalStrength( 2282): getAsuLevel=12

I/AudioMixer( 1902): setParameter(TRACK, FORMAT, 0x1)

E/AudioMixer( 1902): MOON > checkSEC_PCM ++ 1

I/InputReader( 2282): Touch event's action is 0x1 (deviceType=0) [pCnt=1, s=]

