
I/InputReader( 2282): Touch event's action is 0x1 (deviceType=0) [pCnt=1, s=]

I/InputDispatcher( 2282): Delivering touch to current input target: action: 0x1

I/InputDispatcher( 2282): Delivering touch to current input target: action: 0x1

I/InputDispatcher( 2282): Delivering touch to current input target: action: 0x1

D/SensorManager(27247): unregisterListener::  Listener= android.view.OrientationEventListener$SensorEventListenerImpl@41e2be20

D/Sensors (27247): Remain listener = Sending .. normal delay 200ms

I/Sensors (27247): sendDelay --- 200000000

I/SensorService( 2282): info.selectDelay() ns=200000000  

D/iNemoSensor( 2282): setDelay(): handle(0), en(200000000)

I/iNemoSensor( 2282): skip update_delay wanted_accel = 200000000 current delay = 200000000

D/SensorService( 2282): SensorDevice::setDelay, Return(true 1, false 0) =  1

D/SensorManager(27247): JNI - sendDelay

I/SensorManager(27247): Set normal delay = true

D/SensorService( 2282): SensorDevice::activating sensor handle=0 ns=200000000 

D/iNemoSensor( 2282): setDelay(): handle(0), en(200000000)

I/iNemoSensor( 2282): skip update_delay wanted_accel = 200000000 current delay = 200000000

D/SensorService( 2282): info.rates.add, set DEFAULT_EVENTS_PERIOD

D/SensorService( 2282): SensorDevice::activating sensor handle=0 ns=200000000 

D/iNemoSensor( 2282): setDelay(): handle(0), en(200000000)

I/iNemoSensor( 2282): skip update_delay wanted_accel = 200000000 current delay = 200000000

I/SensorService( 2282): info.selectDelay() ns=200000000  

D/iNemoSensor( 2282): setDelay(): handle(0), en(200000000)

I/iNemoSensor( 2282): skip update_delay wanted_accel = 200000000 current delay = 200000000

D/SensorService( 2282): SensorDevice::setDelay, Return(true 1, false 0) =  1

D/SensorManager(27247): registerListener :: handle = 0  name= LSM330DLC 3-axis Accelerometer delay= 200000 Listener= android.view.OrientationEventListener$SensorEventListenerImpl@41e2da98

D/KeyguardViewMediator( 2282): setHidden false

W/IInputConnectionWrapper(27247): getSelectedText on inactive InputConnection

W/IInputConnectionWrapper(27247): setComposingText on inactive InputConnection

W/IInputConnectionWrapper(27247): getExtractedText on inactive InputConnection

D/KJH     ( 2742): [KeyboardView-init] mGuestureTraceKeyboardGapForXt9_9 : 0

D/PowerManagerService( 2282): mIsSipVisible : true

D/ApplicationPolicy( 2282): isStatusBarNotificationAllowed: packageName = android

D/ApplicationPolicy( 2282): isStatusBarNotificationAllowed: packageName = android

D/STATUSBAR-NotificationService( 2282): Noti Alert - mSystemReady:true, AlertEnabled:true

D/PowerManagerService( 2282): mIsSipVisible : true

D/StatusBar( 2577): expanding top notification at 2entry.userCollapsed() = false

D/STATUSBAR-NotificationService( 2282): Noti Alert - mSystemReady:true, AlertEnabled:true

D/StatusBar( 2577): expanding top notification at 2entry.userCollapsed() = false

D/dalvikvm( 2742): GC_FOR_ALLOC freed 2302K, 18% free 16729K/20231K, paused 29ms, total 30ms

D/dalvikvm( 2742): GC_CONCURRENT freed 236K, 11% free 18042K/20231K, paused 1ms+2ms, total 18ms

D/dalvikvm( 2742): WAIT_FOR_CONCURRENT_GC blocked 3ms

W/PowerManagerService( 2282): Timer 0x3->0x3|0x0

I/InputReader( 2282): Touch event's action is 0x0 (deviceType=0) [pCnt=1, s=0.540 ]

I/InputDispatcher( 2282): Delivering touch to current input target: action: 0x0

I/InputDispatcher( 2282): Delivering touch to current input target: action: 0x0

I/InputDispatcher( 2282): Delivering touch to current input target: action: 0x0

I/InputReader( 2282): Touch event's action is 0x1 (deviceType=0) [pCnt=1, s=]

I/InputDispatcher( 2282): Delivering touch to current input target: action: 0x1

I/InputDispatcher( 2282): Delivering touch to current input target: action: 0x1

I/InputDispatcher( 2282): Delivering touch to current input target: action: 0x1

I/AudioPolicyManagerBase( 1902): getSituationVolume: isBTConnected:0 isHeadConnected:0

V/AudioPolicyManagerBase( 1902): getParamFromPolicy  deviceInt = 0, situationInt = 1, situationVolume = 0.500000

E/AudioPolicyService( 1902): getOutput() tid 1902 ++

E/AudioPolicyService( 1902): getOutput() tid 1902 --

V/AudioPolicyManagerBase( 1902): getOutput() stream 1, samplingRate 0, format 0, channelMask 3, flags 0

V/AudioPolicyManagerBase( 1902): getOutputsForDevice device 0002 -> 0002

V/AudioPolicyManagerBase( 1902): getOutput() returns output 2

E/AudioPolicyService( 1902): getOutput() tid 2199 ++

E/AudioPolicyService( 1902): getOutput() tid 2199 --

V/AudioPolicyManagerBase( 1902): getOutput() stream 1, samplingRate 0, format 0, channelMask 3, flags 0

V/AudioPolicyManagerBase( 1902): getOutputsForDevice device 0002 -> 0002

V/AudioPolicyManagerBase( 1902): getOutput() returns output 2

E/AudioPolicyService( 1902): getOutput() tid 2218 ++

E/AudioPolicyService( 1902): getOutput() tid 2218 --

V/AudioPolicyManagerBase( 1902): getOutput() stream 1, samplingRate 44100, format 1, channelMask 3, flags 4

V/AudioPolicyManagerBase( 1902): getOutputsForDevice device 0002 -> 0002

V/AudioPolicyManagerBase( 1902): getOutput() returns output 2

V/LvOutput( 1902): initCheck: 0

V/LvOutput( 1902): attachEffects: attach processing to output 2, stream 1, session 401, mode 0

V/LvOutput( 1902): attachEffects: no output processing needs to be attached to this stream

V/LvOutput( 1902): LvOutput::setAllProcessorEnabled(false) mOutputs.size(0)

V/AudioPolicyManagerBase( 1902): startOutput() output 2, stream 1, session 401

V/AudioPolicyManagerBase( 1902): changeRefCount() stream 1, count 1

V/AudioPolicyManagerBase( 1902): getNewDevice() selected device 2

V/AudioPolicyManagerBase( 1902): setOutputDevice() output 2 device 0002 force 0 delayMs 0 

V/AudioPolicyManagerBase( 1902): setOutputDevice() prevDevice 0002

V/AudioPolicyManagerBase( 1902): setOutputDevice() setting same device 0002 or null device for output 2

V/AudioPolicyManagerBase( 1902): releaseOutput() 2

I/AudioMixer( 1902): setParameter(TRACK, FORMAT, 0x1)

E/AudioMixer( 1902): MOON > checkSEC_PCM ++ 1

V/LvOutput( 1902): initCheck: 0

V/LvOutput( 1902): detachEffects: detach processing for output 2, stream 1, session 401

V/LvOutput( 1902): detachEffects: no output processing was attached to this stream

V/AudioPolicyManagerBase( 1902): stopOutput() output 2, stream 1, session 401

V/AudioPolicyManagerBase( 1902): changeRefCount() stream 1, count 0

V/AudioPolicyManagerBase( 1902): getNewDevice() selected device 0

V/AudioPolicyManagerBase( 1902): setOutputDevice() output 2 device 0000 force 0 delayMs 184 

V/AudioPolicyManagerBase( 1902): setOutputDevice() prevDevice 0002

V/AudioPolicyManagerBase( 1902): setOutputDevice() setting same device 0000 or null device for output 2

I/InputReader( 2282): Touch event's action is 0x0 (deviceType=0) [pCnt=1, s=0.541 ]

I/InputDispatcher( 2282): Delivering touch to current input target: action: 0x0

I/InputDispatcher( 2282): Delivering touch to current input target: action: 0x0

I/InputDispatcher( 2282): Delivering touch to current input target: action: 0x0

E/AudioPolicyService( 1902): getOutput() tid 1902 ++

E/AudioPolicyService( 1902): getOutput() tid 1902 --

V/AudioPolicyManagerBase( 1902): getOutput() stream 1, samplingRate 0, format 0, channelMask 3, flags 0

V/AudioPolicyManagerBase( 1902): getOutputsForDevice device 0002 -> 0002

V/AudioPolicyManagerBase( 1902): getOutput() returns output 2

E/AudioPolicyService( 1902): getOutput() tid 2218 ++

E/AudioPolicyService( 1902): getOutput() tid 2218 --

V/AudioPolicyManagerBase( 1902): getOutput() stream 1, samplingRate 0, format 0, channelMask 3, flags 0

V/AudioPolicyManagerBase( 1902): getOutputsForDevice device 0002 -> 0002

V/AudioPolicyManagerBase( 1902): getOutput() returns output 2

E/AudioPolicyService( 1902): getOutput() tid 2199 ++

E/AudioPolicyService( 1902): getOutput() tid 2199 --

V/AudioPolicyManagerBase( 1902): getOutput() stream 1, samplingRate 44100, format 1, channelMask 3, flags 4

V/AudioPolicyManagerBase( 1902): getOutputsForDevice device 0002 -> 0002

V/AudioPolicyManagerBase( 1902): getOutput() returns output 2

V/LvOutput( 1902): initCheck: 0

V/LvOutput( 1902): attachEffects: attach processing to output 2, stream 1, session 402, mode 0

V/LvOutput( 1902): attachEffects: no output processing needs to be attached to this stream

V/LvOutput( 1902): LvOutput::setAllProcessorEnabled(false) mOutputs.size(0)

V/AudioPolicyManagerBase( 1902): startOutput() output 2, stream 1, session 402

V/AudioPolicyManagerBase( 1902): changeRefCount() stream 1, count 1

V/AudioPolicyManagerBase( 1902): getNewDevice() selected device 2

V/AudioPolicyManagerBase( 1902): setOutputDevice() output 2 device 0002 force 0 delayMs 0 

V/AudioPolicyManagerBase( 1902): setOutputDevice() prevDevice 0002

V/AudioPolicyManagerBase( 1902): setOutputDevice() setting same device 0002 or null device for output 2

V/AudioPolicyManagerBase( 1902): releaseOutput() 2

I/AudioMixer( 1902): setParameter(TRACK, FORMAT, 0x1)

E/AudioMixer( 1902): MOON > checkSEC_PCM ++ 1

I/SurfaceFlinger( 1899): id=384(173) createSurf 0x43c32be4 (1x1),1 flag=0, QopupWindow

I/SurfaceFlinger( 1899): SurfaceFlinger : eMagnificationFactorChanged.  magnificationFactor=1.0

I/SurfaceFlinger( 1899): SurfaceFlinger : eZoomPositionChanged.  zoomX=0.0 zoomY=0.0

D/KeyguardViewMediator( 2282): setHidden false

D/KeyguardViewMediator( 2282): setHidden false

I/InputReader( 2282): Touch event's action is 0x1 (deviceType=0) [pCnt=1, s=]

I/InputDispatcher( 2282): Delivering touch to current input target: action: 0x1

I/InputDispatcher( 2282): Delivering touch to current input target: action: 0x1

I/InputDispatcher( 2282): Delivering touch to current input target: action: 0x1

V/LvOutput( 1902): initCheck: 0

V/LvOutput( 1902): detachEffects: detach processing for output 2, stream 1, session 402

V/LvOutput( 1902): detachEffects: no output processing was attached to this stream

V/AudioPolicyManagerBase( 1902): stopOutput() output 2, stream 1, session 402

V/AudioPolicyManagerBase( 1902): changeRefCount() stream 1, count 0

V/AudioPolicyManagerBase( 1902): getNewDevice() selected device 0

V/AudioPolicyManagerBase( 1902): setOutputDevice() output 2 device 0000 force 0 delayMs 184 

V/AudioPolicyManagerBase( 1902): setOutputDevice() prevDevice 0002

V/AudioPolicyManagerBase( 1902): setOutputDevice() setting same device 0000 or null device for output 2

I/SurfaceFlinger( 1899): id=384 Removed QopupWindow idx=4 MapSz=4

D/KeyguardViewMediator( 2282): setHidden false

I/SurfaceFlinger( 1899): id=384 Removed QopupWindow idx=-2 MapSz=4

I/InputReader( 2282): Touch event's action is 0x0 (deviceType=0) [pCnt=1, s=0.542 ]

I/InputDispatcher( 2282): Delivering touch to current input target: action: 0x0

I/InputDispatcher( 2282): Delivering touch to current input target: action: 0x0

I/InputDispatcher( 2282): Delivering touch to current input target: action: 0x0

E/AudioPolicyService( 1902): getOutput() tid 1902 ++

E/AudioPolicyService( 1902): getOutput() tid 1902 --

V/AudioPolicyManagerBase( 1902): getOutput() stream 1, samplingRate 0, format 0, channelMask 3, flags 0

V/AudioPolicyManagerBase( 1902): getOutputsForDevice device 0002 -> 0002

V/AudioPolicyManagerBase( 1902): getOutput() returns output 2

E/AudioPolicyService( 1902): getOutput() tid 2199 ++

E/AudioPolicyService( 1902): getOutput() tid 2199 --

V/AudioPolicyManagerBase( 1902): getOutput() stream 1, samplingRate 0, format 0, channelMask 3, flags 0

V/AudioPolicyManagerBase( 1902): getOutputsForDevice device 0002 -> 0002

V/AudioPolicyManagerBase( 1902): getOutput() returns output 2

E/AudioPolicyService( 1902): getOutput() tid 2218 ++

E/AudioPolicyService( 1902): getOutput() tid 2218 --

V/AudioPolicyManagerBase( 1902): getOutput() stream 1, samplingRate 44100, format 1, channelMask 3, flags 4

V/AudioPolicyManagerBase( 1902): getOutputsForDevice device 0002 -> 0002

V/AudioPolicyManagerBase( 1902): getOutput() returns output 2

V/LvOutput( 1902): initCheck: 0

V/LvOutput( 1902): attachEffects: attach processing to output 2, stream 1, session 403, mode 0

V/LvOutput( 1902): attachEffects: no output processing needs to be attached to this stream

V/LvOutput( 1902): LvOutput::setAllProcessorEnabled(false) mOutputs.size(0)

V/AudioPolicyManagerBase( 1902): startOutput() output 2, stream 1, session 403

V/AudioPolicyManagerBase( 1902): changeRefCount() stream 1, count 1

V/AudioPolicyManagerBase( 1902): getNewDevice() selected device 2

V/AudioPolicyManagerBase( 1902): setOutputDevice() output 2 device 0002 force 0 delayMs 0 

V/AudioPolicyManagerBase( 1902): setOutputDevice() prevDevice 0002

V/AudioPolicyManagerBase( 1902): setOutputDevice() setting same device 0002 or null device for output 2

V/AudioPolicyManagerBase( 1902): releaseOutput() 2

I/AudioMixer( 1902): setParameter(TRACK, FORMAT, 0x1)

E/AudioMixer( 1902): MOON > checkSEC_PCM ++ 1

I/SurfaceFlinger( 1899): id=385(174) createSurf 0x41bfeebc (172x172),1 flag=0, QopupWindow

I/SurfaceFlinger( 1899): SurfaceFlinger : eMagnificationFactorChanged.  magnificationFactor=1.0

I/SurfaceFlinger( 1899): SurfaceFlinger : eZoomPositionChanged.  zoomX=0.0 zoomY=0.0

D/KeyguardViewMediator( 2282): setHidden false

I/InputReader( 2282): Touch event's action is 0x1 (deviceType=0) [pCnt=1, s=]

I/InputDispatcher( 2282): Delivering touch to current input target: action: 0x1

I/InputDispatcher( 2282): Delivering touch to current input target: action: 0x1

I/InputDispatcher( 2282): Delivering touch to current input target: action: 0x1

V/LvOutput( 1902): initCheck: 0

V/LvOutput( 1902): detachEffects: detach processing for output 2, stream 1, session 403

V/LvOutput( 1902): detachEffects: no output processing was attached to this stream

V/AudioPolicyManagerBase( 1902): stopOutput() output 2, stream 1, session 403

V/AudioPolicyManagerBase( 1902): changeRefCount() stream 1, count 0

V/AudioPolicyManagerBase( 1902): getNewDevice() selected device 0

V/AudioPolicyManagerBase( 1902): setOutputDevice() output 2 device 0000 force 0 delayMs 184 

V/AudioPolicyManagerBase( 1902): setOutputDevice() prevDevice 0002

V/AudioPolicyManagerBase( 1902): setOutputDevice() setting same device 0000 or null device for output 2

D/KeyguardViewMediator( 2282): setHidden false

I/SurfaceFlinger( 1899): id=385 Removed QopupWindow idx=4 MapSz=4

D/KeyguardViewMediator( 2282): setHidden false

I/SurfaceFlinger( 1899): id=385 Removed QopupWindow idx=-2 MapSz=4

I/InputReader( 2282): Touch event's action is 0x0 (deviceType=0) [pCnt=1, s=0.543 ]

I/InputDispatcher( 2282): Delivering touch to current input target: action: 0x0

I/InputDispatcher( 2282): Delivering touch to current input target: action: 0x0

I/InputDispatcher( 2282): Delivering touch to current input target: action: 0x0

E/AudioPolicyService( 1902): getOutput() tid 2199 ++

E/AudioPolicyService( 1902): getOutput() tid 2199 --

V/AudioPolicyManagerBase( 1902): getOutput() stream 1, samplingRate 0, format 0, channelMask 3, flags 0

V/AudioPolicyManagerBase( 1902): getOutputsForDevice device 0002 -> 0002

V/AudioPolicyManagerBase( 1902): getOutput() returns output 2

E/AudioPolicyService( 1902): getOutput() tid 2218 ++

E/AudioPolicyService( 1902): getOutput() tid 2218 --

V/AudioPolicyManagerBase( 1902): getOutput() stream 1, samplingRate 0, format 0, channelMask 3, flags 0

V/AudioPolicyManagerBase( 1902): getOutputsForDevice device 0002 -> 0002

V/AudioPolicyManagerBase( 1902): getOutput() returns output 2

E/AudioPolicyService( 1902): getOutput() tid 1902 ++

E/AudioPolicyService( 1902): getOutput() tid 1902 --

V/AudioPolicyManagerBase( 1902): getOutput() stream 1, samplingRate 44100, format 1, channelMask 3, flags 4

V/AudioPolicyManagerBase( 1902): getOutputsForDevice device 0002 -> 0002

V/AudioPolicyManagerBase( 1902): getOutput() returns output 2

V/LvOutput( 1902): initCheck: 0

V/LvOutput( 1902): attachEffects: attach processing to output 2, stream 1, session 404, mode 0

V/LvOutput( 1902): attachEffects: no output processing needs to be attached to this stream

V/LvOutput( 1902): LvOutput::setAllProcessorEnabled(false) mOutputs.size(0)

V/AudioPolicyManagerBase( 1902): startOutput() output 2, stream 1, session 404

V/AudioPolicyManagerBase( 1902): changeRefCount() stream 1, count 1

V/AudioPolicyManagerBase( 1902): getNewDevice() selected device 2

V/AudioPolicyManagerBase( 1902): setOutputDevice() output 2 device 0002 force 0 delayMs 0 

V/AudioPolicyManagerBase( 1902): setOutputDevice() prevDevice 0002

V/AudioPolicyManagerBase( 1902): setOutputDevice() setting same device 0002 or null device for output 2

V/AudioPolicyManagerBase( 1902): releaseOutput() 2

I/AudioMixer( 1902): setParameter(TRACK, FORMAT, 0x1)

E/AudioMixer( 1902): MOON > checkSEC_PCM ++ 1

I/SurfaceFlinger( 1899): id=386(175) createSurf 0x436a8eac (118x172),1 flag=0, QopupWindow

I/SurfaceFlinger( 1899): SurfaceFlinger : eMagnificationFactorChanged.  magnificationFactor=1.0

I/SurfaceFlinger( 1899): SurfaceFlinger : eZoomPositionChanged.  zoomX=0.0 zoomY=0.0

D/KeyguardViewMediator( 2282): setHidden false

I/InputReader( 2282): Touch event's action is 0x1 (deviceType=0) [pCnt=1, s=]

I/InputDispatcher( 2282): Delivering touch to current input target: action: 0x1

I/InputDispatcher( 2282): Delivering touch to current input target: action: 0x1

I/InputDispatcher( 2282): Delivering touch to current input target: action: 0x1

D/KeyguardViewMediator( 2282): setHidden false

V/LvOutput( 1902): initCheck: 0

V/LvOutput( 1902): detachEffects: detach processing for output 2, stream 1, session 404

V/LvOutput( 1902): detachEffects: no output processing was attached to this stream

V/AudioPolicyManagerBase( 1902): stopOutput() output 2, stream 1, session 404

V/AudioPolicyManagerBase( 1902): changeRefCount() stream 1, count 0

V/AudioPolicyManagerBase( 1902): getNewDevice() selected device 0

V/AudioPolicyManagerBase( 1902): setOutputDevice() output 2 device 0000 force 0 delayMs 184 

V/AudioPolicyManagerBase( 1902): setOutputDevice() prevDevice 0002

V/AudioPolicyManagerBase( 1902): setOutputDevice() setting same device 0000 or null device for output 2

I/SurfaceFlinger( 1899): id=386 Removed QopupWindow idx=4 MapSz=4

D/KeyguardViewMediator( 2282): setHidden false

I/SurfaceFlinger( 1899): id=386 Removed QopupWindow idx=-2 MapSz=4

V/AlarmManager( 2282): waitForAlarm result :8

D/dalvikvm( 9115): GC_CONCURRENT freed 398K, 23% free 13276K/17031K, paused 11ms+5ms, total 75ms

W/AlarmManager( 2282): FACTORY_ON= 0

V/AlarmManager( 2282): waitForAlarm result :4

I/InputReader( 2282): Touch event's action is 0x0 (deviceType=0) [pCnt=1, s=0.544 ]

I/InputDispatcher( 2282): Delivering touch to current input target: action: 0x0

I/InputDispatcher( 2282): Delivering touch to current input target: action: 0x0

I/InputDispatcher( 2282): Delivering touch to current input target: action: 0x0

E/AudioPolicyService( 1902): getOutput() tid 2218 ++

E/AudioPolicyService( 1902): getOutput() tid 2218 --

V/AudioPolicyManagerBase( 1902): getOutput() stream 1, samplingRate 0, format 0, channelMask 3, flags 0

V/AudioPolicyManagerBase( 1902): getOutputsForDevice device 0002 -> 0002

V/AudioPolicyManagerBase( 1902): getOutput() returns output 2

E/AudioPolicyService( 1902): getOutput() tid 1902 ++

E/AudioPolicyService( 1902): getOutput() tid 1902 --

V/AudioPolicyManagerBase( 1902): getOutput() stream 1, samplingRate 0, format 0, channelMask 3, flags 0

V/AudioPolicyManagerBase( 1902): getOutputsForDevice device 0002 -> 0002

V/AudioPolicyManagerBase( 1902): getOutput() returns output 2

E/AudioPolicyService( 1902): getOutput() tid 2199 ++

E/AudioPolicyService( 1902): getOutput() tid 2199 --

V/AudioPolicyManagerBase( 1902): getOutput() stream 1, samplingRate 44100, format 1, channelMask 3, flags 4

V/AudioPolicyManagerBase( 1902): getOutputsForDevice device 0002 -> 0002

V/AudioPolicyManagerBase( 1902): getOutput() returns output 2

V/LvOutput( 1902): initCheck: 0

V/LvOutput( 1902): attachEffects: attach processing to output 2, stream 1, session 405, mode 0

V/LvOutput( 1902): attachEffects: no output processing needs to be attached to this stream

V/LvOutput( 1902): LvOutput::setAllProcessorEnabled(false) mOutputs.size(0)

V/AudioPolicyManagerBase( 1902): startOutput() output 2, stream 1, session 405

V/AudioPolicyManagerBase( 1902): changeRefCount() stream 1, count 1

V/AudioPolicyManagerBase( 1902): getNewDevice() selected device 2

V/AudioPolicyManagerBase( 1902): setOutputDevice() output 2 device 0002 force 0 delayMs 0 

V/AudioPolicyManagerBase( 1902): setOutputDevice() prevDevice 0002

V/AudioPolicyManagerBase( 1902): setOutputDevice() setting same device 0002 or null device for output 2

V/AudioPolicyManagerBase( 1902): releaseOutput() 2

I/AudioMixer( 1902): setParameter(TRACK, FORMAT, 0x1)

E/AudioMixer( 1902): MOON > checkSEC_PCM ++ 1

I/InputReader( 2282): Touch event's action is 0x1 (deviceType=0) [pCnt=1, s=]

I/InputDispatcher( 2282): Delivering touch to current input target: action: 0x1

I/InputDispatcher( 2282): Delivering touch to current input target: action: 0x1

I/InputDispatcher( 2282): Delivering touch to current input target: action: 0x1

I/SurfaceFlinger( 1899): id=387(176) createSurf 0x436a8dfc (172x172),1 flag=0, QopupWindow

I/SurfaceFlinger( 1899): SurfaceFlinger : eMagnificationFactorChanged.  magnificationFactor=1.0

I/SurfaceFlinger( 1899): SurfaceFlinger : eZoomPositionChanged.  zoomX=0.0 zoomY=0.0

D/KeyguardViewMediator( 2282): setHidden false

V/LvOutput( 1902): initCheck: 0

V/LvOutput( 1902): detachEffects: detach processing for output 2, stream 1, session 405

V/LvOutput( 1902): detachEffects: no output processing was attached to this stream

V/AudioPolicyManagerBase( 1902): stopOutput() output 2, stream 1, session 405

V/AudioPolicyManagerBase( 1902): changeRefCount() stream 1, count 0

V/AudioPolicyManagerBase( 1902): getNewDevice() selected device 0

V/AudioPolicyManagerBase( 1902): setOutputDevice() output 2 device 0000 force 0 delayMs 184 

V/AudioPolicyManagerBase( 1902): setOutputDevice() prevDevice 0002

V/AudioPolicyManagerBase( 1902): setOutputDevice() setting same device 0000 or null device for output 2

I/SurfaceFlinger( 1899): id=387 Removed QopupWindow idx=4 MapSz=4

D/KeyguardViewMediator( 2282): setHidden false

I/SurfaceFlinger( 1899): id=387 Removed QopupWindow idx=-2 MapSz=4

I/InputReader( 2282): Touch event's action is 0x0 (deviceType=0) [pCnt=1, s=0.545 ]

I/InputDispatcher( 2282): Delivering touch to current input target: action: 0x0

I/InputDispatcher( 2282): Delivering touch to current input target: action: 0x0

I/InputDispatcher( 2282): Delivering touch to current input target: action: 0x0

E/AudioPolicyService( 1902): getOutput() tid 2218 ++

E/AudioPolicyService( 1902): getOutput() tid 2218 --

V/AudioPolicyManagerBase( 1902): getOutput() stream 1, samplingRate 0, format 0, channelMask 3, flags 0

V/AudioPolicyManagerBase( 1902): getOutputsForDevice device 0002 -> 0002

V/AudioPolicyManagerBase( 1902): getOutput() returns output 2

E/AudioPolicyService( 1902): getOutput() tid 2199 ++

E/AudioPolicyService( 1902): getOutput() tid 2199 --

V/AudioPolicyManagerBase( 1902): getOutput() stream 1, samplingRate 0, format 0, channelMask 3, flags 0

V/AudioPolicyManagerBase( 1902): getOutputsForDevice device 0002 -> 0002

V/AudioPolicyManagerBase( 1902): getOutput() returns output 2

E/AudioPolicyService( 1902): getOutput() tid 1902 ++

E/AudioPolicyService( 1902): getOutput() tid 1902 --

V/AudioPolicyManagerBase( 1902): getOutput() stream 1, samplingRate 44100, format 1, channelMask 3, flags 4

V/AudioPolicyManagerBase( 1902): getOutputsForDevice device 0002 -> 0002

V/AudioPolicyManagerBase( 1902): getOutput() returns output 2

V/LvOutput( 1902): initCheck: 0

V/LvOutput( 1902): attachEffects: attach processing to output 2, stream 1, session 406, mode 0

V/LvOutput( 1902): attachEffects: no output processing needs to be attached to this stream

V/LvOutput( 1902): LvOutput::setAllProcessorEnabled(false) mOutputs.size(0)

V/AudioPolicyManagerBase( 1902): startOutput() output 2, stream 1, session 406

V/AudioPolicyManagerBase( 1902): changeRefCount() stream 1, count 1

V/AudioPolicyManagerBase( 1902): getNewDevice() selected device 2

V/AudioPolicyManagerBase( 1902): setOutputDevice() output 2 device 0002 force 0 delayMs 0 

V/AudioPolicyManagerBase( 1902): setOutputDevice() prevDevice 0002

V/AudioPolicyManagerBase( 1902): setOutputDevice() setting same device 0002 or null device for output 2

V/AudioPolicyManagerBase( 1902): releaseOutput() 2

I/AudioMixer( 1902): setParameter(TRACK, FORMAT, 0x1)

E/AudioMixer( 1902): MOON > checkSEC_PCM ++ 1

I/SurfaceFlinger( 1899): id=388(177) createSurf 0x41e64e64 (172x172),1 flag=0, QopupWindow

I/SurfaceFlinger( 1899): SurfaceFlinger : eMagnificationFactorChanged.  magnificationFactor=1.0

I/SurfaceFlinger( 1899): SurfaceFlinger : eZoomPositionChanged.  zoomX=0.0 zoomY=0.0

D/KeyguardViewMediator( 2282): setHidden false

D/KeyguardViewMediator( 2282): setHidden false

I/InputReader( 2282): Touch event's action is 0x1 (deviceType=0) [pCnt=1, s=]

I/InputDispatcher( 2282): Delivering touch to current input target: action: 0x1

I/InputDispatcher( 2282): Delivering touch to current input target: action: 0x1

I/InputDispatcher( 2282): Delivering touch to current input target: action: 0x1

V/LvOutput( 1902): initCheck: 0

V/LvOutput( 1902): detachEffects: detach processing for output 2, stream 1, session 406

V/LvOutput( 1902): detachEffects: no output processing was attached to this stream

V/AudioPolicyManagerBase( 1902): stopOutput() output 2, stream 1, session 406

V/AudioPolicyManagerBase( 1902): changeRefCount() stream 1, count 0

V/AudioPolicyManagerBase( 1902): getNewDevice() selected device 0

V/AudioPolicyManagerBase( 1902): setOutputDevice() output 2 device 0000 force 0 delayMs 184 

V/AudioPolicyManagerBase( 1902): setOutputDevice() prevDevice 0002

V/AudioPolicyManagerBase( 1902): setOutputDevice() setting same device 0000 or null device for output 2

I/SurfaceFlinger( 1899): id=388 Removed QopupWindow idx=4 MapSz=4

D/KeyguardViewMediator( 2282): setHidden false

I/SurfaceFlinger( 1899): id=388 Removed QopupWindow idx=-2 MapSz=4

I/InputReader( 2282): Touch event's action is 0x0 (deviceType=0) [pCnt=1, s=0.546 ]

I/InputDispatcher( 2282): Delivering touch to current input target: action: 0x0

I/InputDispatcher( 2282): Delivering touch to current input target: action: 0x0

I/InputDispatcher( 2282): Delivering touch to current input target: action: 0x0

E/AudioPolicyService( 1902): getOutput() tid 2199 ++

E/AudioPolicyService( 1902): getOutput() tid 2199 --

V/AudioPolicyManagerBase( 1902): getOutput() stream 1, samplingRate 0, format 0, channelMask 3, flags 0

V/AudioPolicyManagerBase( 1902): getOutputsForDevice device 0002 -> 0002

V/AudioPolicyManagerBase( 1902): getOutput() returns output 2

E/AudioPolicyService( 1902): getOutput() tid 1902 ++

E/AudioPolicyService( 1902): getOutput() tid 1902 --

V/AudioPolicyManagerBase( 1902): getOutput() stream 1, samplingRate 0, format 0, channelMask 3, flags 0

V/AudioPolicyManagerBase( 1902): getOutputsForDevice device 0002 -> 0002

V/AudioPolicyManagerBase( 1902): getOutput() returns output 2

E/AudioPolicyService( 1902): getOutput() tid 2218 ++

E/AudioPolicyService( 1902): getOutput() tid 2218 --

V/AudioPolicyManagerBase( 1902): getOutput() stream 1, samplingRate 44100, format 1, channelMask 3, flags 4

V/AudioPolicyManagerBase( 1902): getOutputsForDevice device 0002 -> 0002

V/AudioPolicyManagerBase( 1902): getOutput() returns output 2

V/LvOutput( 1902): initCheck: 0

V/LvOutput( 1902): attachEffects: attach processing to output 2, stream 1, session 407, mode 0

V/LvOutput( 1902): attachEffects: no output processing needs to be attached to this stream

V/LvOutput( 1902): LvOutput::setAllProcessorEnabled(false) mOutputs.size(0)

V/AudioPolicyManagerBase( 1902): startOutput() output 2, stream 1, session 407

V/AudioPolicyManagerBase( 1902): changeRefCount() stream 1, count 1

V/AudioPolicyManagerBase( 1902): getNewDevice() selected device 2

V/AudioPolicyManagerBase( 1902): setOutputDevice() output 2 device 0002 force 0 delayMs 0 

V/AudioPolicyManagerBase( 1902): setOutputDevice() prevDevice 0002

V/AudioPolicyManagerBase( 1902): setOutputDevice() setting same device 0002 or null device for output 2

V/AudioPolicyManagerBase( 1902): releaseOutput() 2

I/AudioMixer( 1902): setParameter(TRACK, FORMAT, 0x1)

E/AudioMixer( 1902): MOON > checkSEC_PCM ++ 1

I/SurfaceFlinger( 1899): id=389(178) createSurf 0x41bfbe44 (118x172),1 flag=0, QopupWindow

I/SurfaceFlinger( 1899): SurfaceFlinger : eMagnificationFactorChanged.  magnificationFactor=1.0

I/SurfaceFlinger( 1899): SurfaceFlinger : eZoomPositionChanged.  zoomX=0.0 zoomY=0.0

D/KeyguardViewMediator( 2282): setHidden false

D/KeyguardViewMediator( 2282): setHidden false

I/InputReader( 2282): Touch event's action is 0x1 (deviceType=0) [pCnt=1, s=]

I/InputDispatcher( 2282): Delivering touch to current input target: action: 0x1

I/InputDispatcher( 2282): Delivering touch to current input target: action: 0x1

I/InputDispatcher( 2282): Delivering touch to current input target: action: 0x1

V/LvOutput( 1902): initCheck: 0

V/LvOutput( 1902): detachEffects: detach processing for output 2, stream 1, session 407

V/LvOutput( 1902): detachEffects: no output processing was attached to this stream

V/AudioPolicyManagerBase( 1902): stopOutput() output 2, stream 1, session 407

V/AudioPolicyManagerBase( 1902): changeRefCount() stream 1, count 0

V/AudioPolicyManagerBase( 1902): getNewDevice() selected device 0

V/AudioPolicyManagerBase( 1902): setOutputDevice() output 2 device 0000 force 0 delayMs 184 

V/AudioPolicyManagerBase( 1902): setOutputDevice() prevDevice 0002

V/AudioPolicyManagerBase( 1902): setOutputDevice() setting same device 0000 or null device for output 2

I/SurfaceFlinger( 1899): id=389 Removed QopupWindow idx=4 MapSz=4

D/KeyguardViewMediator( 2282): setHidden false

I/SurfaceFlinger( 1899): id=389 Removed QopupWindow idx=-2 MapSz=4

I/InputReader( 2282): Touch event's action is 0x0 (deviceType=0) [pCnt=1, s=0.547 ]

I/InputDispatcher( 2282): Delivering touch to current input target: action: 0x0

I/InputDispatcher( 2282): Delivering touch to current input target: action: 0x0

I/InputDispatcher( 2282): Delivering touch to current input target: action: 0x0

E/AudioPolicyService( 1902): getOutput() tid 1902 ++

E/AudioPolicyService( 1902): getOutput() tid 1902 --

V/AudioPolicyManagerBase( 1902): getOutput() stream 1, samplingRate 0, format 0, channelMask 3, flags 0

V/AudioPolicyManagerBase( 1902): getOutputsForDevice device 0002 -> 0002

V/AudioPolicyManagerBase( 1902): getOutput() returns output 2

E/AudioPolicyService( 1902): getOutput() tid 2218 ++

E/AudioPolicyService( 1902): getOutput() tid 2218 --

V/AudioPolicyManagerBase( 1902): getOutput() stream 1, samplingRate 0, format 0, channelMask 3, flags 0

V/AudioPolicyManagerBase( 1902): getOutputsForDevice device 0002 -> 0002

V/AudioPolicyManagerBase( 1902): getOutput() returns output 2

E/AudioPolicyService( 1902): getOutput() tid 2199 ++

E/AudioPolicyService( 1902): getOutput() tid 2199 --

V/AudioPolicyManagerBase( 1902): getOutput() stream 1, samplingRate 44100, format 1, channelMask 3, flags 4

V/AudioPolicyManagerBase( 1902): getOutputsForDevice device 0002 -> 0002

V/AudioPolicyManagerBase( 1902): getOutput() returns output 2

V/LvOutput( 1902): initCheck: 0

V/LvOutput( 1902): attachEffects: attach processing to output 2, stream 1, session 408, mode 0

V/LvOutput( 1902): attachEffects: no output processing needs to be attached to this stream

V/LvOutput( 1902): LvOutput::setAllProcessorEnabled(false) mOutputs.size(0)

V/AudioPolicyManagerBase( 1902): startOutput() output 2, stream 1, session 408

V/AudioPolicyManagerBase( 1902): changeRefCount() stream 1, count 1

V/AudioPolicyManagerBase( 1902): getNewDevice() selected device 2

V/AudioPolicyManagerBase( 1902): setOutputDevice() output 2 device 0002 force 0 delayMs 0 

V/AudioPolicyManagerBase( 1902): setOutputDevice() prevDevice 0002

V/AudioPolicyManagerBase( 1902): setOutputDevice() setting same device 0002 or null device for output 2

V/AudioPolicyManagerBase( 1902): releaseOutput() 2

I/AudioMixer( 1902): setParameter(TRACK, FORMAT, 0x1)

E/AudioMixer( 1902): MOON > checkSEC_PCM ++ 1

I/SurfaceFlinger( 1899): id=390(179) createSurf 0x419ad394 (118x172),1 flag=0, QopupWindow

I/SurfaceFlinger( 1899): SurfaceFlinger : eMagnificationFactorChanged.  magnificationFactor=1.0

I/SurfaceFlinger( 1899): SurfaceFlinger : eZoomPositionChanged.  zoomX=0.0 zoomY=0.0

D/KeyguardViewMediator( 2282): setHidden false

I/InputReader( 2282): Touch event's action is 0x1 (deviceType=0) [pCnt=1, s=]

I/InputDispatcher( 2282): Delivering touch to current input target: action: 0x1

I/InputDispatcher( 2282): Delivering touch to current input target: action: 0x1

I/InputDispatcher( 2282): Delivering touch to current input target: action: 0x1

D/KeyguardViewMediator( 2282): setHidden false

V/LvOutput( 1902): initCheck: 0

V/LvOutput( 1902): detachEffects: detach processing for output 2, stream 1, session 408

V/LvOutput( 1902): detachEffects: no output processing was attached to this stream

V/AudioPolicyManagerBase( 1902): stopOutput() output 2, stream 1, session 408

V/AudioPolicyManagerBase( 1902): changeRefCount() stream 1, count 0

V/AudioPolicyManagerBase( 1902): getNewDevice() selected device 0

V/AudioPolicyManagerBase( 1902): setOutputDevice() output 2 device 0000 force 0 delayMs 184 

V/AudioPolicyManagerBase( 1902): setOutputDevice() prevDevice 0002

V/AudioPolicyManagerBase( 1902): setOutputDevice() setting same device 0000 or null device for output 2

I/SurfaceFlinger( 1899): id=390 Removed QopupWindow idx=4 MapSz=4

D/KeyguardViewMediator( 2282): setHidden false

I/SurfaceFlinger( 1899): id=390 Removed QopupWindow idx=-2 MapSz=4

W/PowerManagerService( 2282): Timer 0x3->0x3|0x0

I/InputReader( 2282): Touch event's action is 0x0 (deviceType=0) [pCnt=1, s=0.548 ]

I/InputDispatcher( 2282): Delivering touch to current input target: action: 0x0

I/InputDispatcher( 2282): Delivering touch to current input target: action: 0x0

I/InputDispatcher( 2282): Delivering touch to current input target: action: 0x0

I/InputReader( 2282): Touch event's action is 0x1 (deviceType=0) [pCnt=1, s=]

I/InputDispatcher( 2282): Delivering touch to current input target: action: 0x1

I/InputDispatcher( 2282): Delivering touch to current input target: action: 0x1

I/InputDispatcher( 2282): Delivering touch to current input target: action: 0x1

I/AudioPolicyManagerBase( 1902): getSituationVolume: isBTConnected:0 isHeadConnected:0

V/AudioPolicyManagerBase( 1902): getParamFromPolicy  deviceInt = 0, situationInt = 1, situationVolume = 0.500000

E/AudioPolicyService( 1902): getOutput() tid 2199 ++

E/AudioPolicyService( 1902): getOutput() tid 2199 --

V/AudioPolicyManagerBase( 1902): getOutput() stream 1, samplingRate 0, format 0, channelMask 3, flags 0

V/AudioPolicyManagerBase( 1902): getOutputsForDevice device 0002 -> 0002

V/AudioPolicyManagerBase( 1902): getOutput() returns output 2

E/AudioPolicyService( 1902): getOutput() tid 1902 ++

E/AudioPolicyService( 1902): getOutput() tid 1902 --

V/AudioPolicyManagerBase( 1902): getOutput() stream 1, samplingRate 0, format 0, channelMask 3, flags 0

V/AudioPolicyManagerBase( 1902): getOutputsForDevice device 0002 -> 0002

V/AudioPolicyManagerBase( 1902): getOutput() returns output 2

D/dalvikvm(27247): Trying to load lib /data/data/example.com.dnsvpn/lib/libndkinterface.so 0x41dc75d8

E/AudioPolicyService( 1902): getOutput() tid 2218 ++

E/AudioPolicyService( 1902): getOutput() tid 2218 --

V/AudioPolicyManagerBase( 1902): getOutput() stream 1, samplingRate 44100, format 1, channelMask 3, flags 4

V/AudioPolicyManagerBase( 1902): getOutputsForDevice device 0002 -> 0002

V/AudioPolicyManagerBase( 1902): getOutput() returns output 2

D/dalvikvm(27247): Added shared lib /data/data/example.com.dnsvpn/lib/libndkinterface.so 0x41dc75d8

D/dalvikvm(27247): No JNI_OnLoad found in /data/data/example.com.dnsvpn/lib/libndkinterface.so 0x41dc75d8, skipping init

D/VpnImpl (27247): Redirect IP: 192.168.1.1

D/VpnImpl (27247): Blocklist: the, 888

V/LvOutput( 1902): initCheck: 0

V/LvOutput( 1902): attachEffects: attach processing to output 2, stream 1, session 409, mode 0

V/LvOutput( 1902): attachEffects: no output processing needs to be attached to this stream

V/LvOutput( 1902): LvOutput::setAllProcessorEnabled(false) mOutputs.size(0)

V/AudioPolicyManagerBase( 1902): startOutput() output 2, stream 1, session 409

V/AudioPolicyManagerBase( 1902): changeRefCount() stream 1, count 1

V/AudioPolicyManagerBase( 1902): getNewDevice() selected device 2

V/AudioPolicyManagerBase( 1902): setOutputDevice() output 2 device 0002 force 0 delayMs 0 

V/AudioPolicyManagerBase( 1902): setOutputDevice() prevDevice 0002

V/AudioPolicyManagerBase( 1902): setOutputDevice() setting same device 0002 or null device for output 2

V/AudioPolicyManagerBase( 1902): releaseOutput() 2

I/AudioMixer( 1902): setParameter(TRACK, FORMAT, 0x1)

E/AudioMixer( 1902): MOON > checkSEC_PCM ++ 1

D/VpnImpl (27247): Starting!

E/NotificationService( 2282): Suppressing notification from package example.com.dnsvpn by user request.

D/VpnImpl (27247): starting the thread!

D/VpnImpl (27247): started

D/VpnImpl (27247): in run() 

V/DNSVPN  (27247): Starting up native code

D/VpnImpl (27247): Status: Starting

D/Tethering( 2282): interfaceAdded tun0

D/Tethering( 2282): tun0 is not a tetherable iface, ignoring

D/Tethering( 2282): interfaceLinkStateChanged tun0, false

D/Tethering( 2282): interfaceStatusChanged tun0, false

D/Tethering( 2282): interfaceLinkStateChanged tun0, true

D/Tethering( 2282): interfaceStatusChanged tun0, true

D/VpnJni  ( 2282): Address added on tun0: 192.168.217.1/24

D/VpnJni  ( 2282): Route added on tun0: 8.8.8.8/32

I/Vpn     ( 2282): Established by example.com.dnsvpn.VpnImpl on tun0

D/ApplicationPolicy( 2282): isStatusBarNotificationAllowed: packageName = android

D/PhoneStatusBar( 2577): addNotification score=0

D/STATUSBAR-NotificationService( 2282): Noti Alert - mSystemReady:true, AlertEnabled:true

D/VpnImpl (27247): about to enter loop

D/VpnImpl (27247): Status: Running

D/VpnImpl (27247): >>> INBOUND 60 bytes

D/StatusBar( 2577): expanding top notification at 3entry.userCollapsed() = false

V/LvOutput( 1902): initCheck: 0

V/LvOutput( 1902): detachEffects: detach processing for output 2, stream 1, session 409

V/LvOutput( 1902): detachEffects: no output processing was attached to this stream

V/AudioPolicyManagerBase( 1902): stopOutput() output 2, stream 1, session 409

V/AudioPolicyManagerBase( 1902): changeRefCount() stream 1, count 0

V/AudioPolicyManagerBase( 1902): getNewDevice() selected device 0

V/AudioPolicyManagerBase( 1902): setOutputDevice() output 2 device 0000 force 0 delayMs 184 

V/AudioPolicyManagerBase( 1902): setOutputDevice() prevDevice 0002

V/AudioPolicyManagerBase( 1902): setOutputDevice() setting same device 0000 or null device for output 2

D/STATUSBAR-NetworkController( 2577): onDataActivity: direction=2

D/STATUSBAR-NetworkController( 2577): refreshSignalCluster: data=2 bt=false

D/STATUSBAR-SignalClusterView( 2577): mSeparateMobileGroup=0

D/STATUSBAR-SignalClusterView( 2577): mSeparateMobileGroup=0

D/STATUSBAR-SignalClusterView( 2577): mSeparateMobileGroup=0

D/PowerManagerService( 2282): lightSensorChangedLocked value=154 immediate=false

D/PowerManagerService( 2282): getAutoBrightnessValue : in bound ( 30 < 154 <= 453 )

D/PowerManagerService( 2282): getAutoBrightnessValue : in bound ( 30 < 154 <= 453 )

D/PowerManagerService( 2282): lcdValue 87

D/PowerManagerService( 2282): buttonValue 87

D/PowerManagerService( 2282): keyboardValue 0

D/PowerManagerService( 2282): lightSensorChangedLocked : mKeyboardLight : 0

D/VpnImpl (27247): www.google.com [ok]

D/VpnImpl (27247): <<< OUTBOUND 76 bytes

D/VpnImpl (27247): >>> INBOUND 60 bytes

W/PowerManagerService( 2282): Timer 0x3->0x3|0x0

D/VpnImpl (27247): www.google.com [ok]

D/VpnImpl (27247): <<< OUTBOUND 76 bytes

D/VpnImpl (27247): >>> INBOUND 54 bytes

D/STATUSBAR-NetworkController( 2577): onDataActivity: direction=3

D/STATUSBAR-NetworkController( 2577): refreshSignalCluster: data=2 bt=false

D/STATUSBAR-SignalClusterView( 2577): mSeparateMobileGroup=0

D/STATUSBAR-SignalClusterView( 2577): mSeparateMobileGroup=0

D/STATUSBAR-SignalClusterView( 2577): mSeparateMobileGroup=0

D/VpnImpl (27247): vnzztbij [ok]

D/VpnImpl (27247): <<< OUTBOUND 129 bytes

D/VpnImpl (27247): >>> INBOUND 61 bytes

W/SignalStrength( 2577): getGsmLevel=4

W/SignalStrength( 2577): getLevel=4 (SignalStrength: 11 -1 -1 -1 -1 -1 -1 -1 -1 -1 -1 -1 gsm|lte 4)

D/STATUSBAR-NetworkController( 2577): onServiceStateChanged state=0

D/STATUSBAR-NetworkController( 2577): updateDataNetType()

D/STATUSBAR-NetworkController( 2577): Nothing, mRoamingIconId = 0

D/ContextualPageReceiver( 2840): mContextualPageReceiver: ACTION_SERVICE_STATE_CHANGED isRoaming : false

V/Mms/DownloadManager(20532): Service state changed: Bundle[mParcelledData.dataSize=656]

V/Mms/DownloadManager(20532): roaming ------> false

V/Mms/DownloadManager(20532): auto download without roaming -> true

V/Mms/DownloadManager(20532): auto download during roaming -> false

V/Mms/DownloadManager(20532): mAutoDownload ------> true

I/WifiService( 2282): Booster FLAG : 1

I/WifiService( 2282): mBoosterFLAG : 1

I/WifiService( 2282): current booster mode : FullMode

D/WifiService( 2282): onDataConnectionStateChanged: state -2, networkType - HSPA+

D/STATUSBAR-NetworkController( 2577): onDataConnectionStateChanged: state=2 type=15

D/STATUSBAR-NetworkController( 2577): updateDataNetType()

D/STATUSBAR-NetworkController( 2577): Nothing, mRoamingIconId = 0

D/STATUSBAR-NetworkController( 2577): refreshSignalCluster: data=2 bt=false

D/STATUSBAR-SignalClusterView( 2577): mSeparateMobileGroup=0

D/STATUSBAR-SignalClusterView( 2577): mSeparateMobileGroup=0

D/STATUSBAR-SignalClusterView( 2577): mSeparateMobileGroup=0

D/StatusChecker(21690): onReceive : android.intent.action.SERVICE_STATE

D/StatusChecker(21690): Service state changed : 0

D/PhoneApp( 2768): mReceiver: ACTION_ANY_DATA_CONNECTION_STATE_CHANGED

D/NotificationMgr( 2768): hideDataDisconnectedRoaming()...

D/MobileDataStateTracker( 2282): default: Received state=CONNECTED, old=CONNECTED, reason=nwTypeChanged

W/AlarmManager( 2282): FACTORY_ON= 0

W/AlarmManager( 2282): FACTORY_ON= 0

D/VpnImpl (27247): gvuuzoamilxzvgp [ok]

D/VpnImpl (27247): <<< OUTBOUND 136 bytes

D/VpnImpl (27247): >>> INBOUND 55 bytes

D/AudioHardwareTinyALSA( 1902): Entering AudioStreamOutALSA standby mode

I/AudioHardwareTinyALSA( 1902): Close mHandle:420c1108

D/VpnImpl (27247): fxpzvjxdm [ok]

D/VpnImpl (27247): <<< OUTBOUND 130 bytes

D/VpnImpl (27247): >>> INBOUND 54 bytes

D/VpnImpl (27247): vnzztbij [ok]

D/VpnImpl (27247): <<< OUTBOUND 129 bytes

D/VpnImpl (27247): >>> INBOUND 61 bytes

D/VpnImpl (27247): gvuuzoamilxzvgp [ok]

D/VpnImpl (27247): <<< OUTBOUND 136 bytes

D/VpnImpl (27247): >>> INBOUND 55 bytes

D/VpnImpl (27247): fxpzvjxdm [ok]

D/VpnImpl (27247): <<< OUTBOUND 130 bytes

D/InputReader( 2282): Input event: value=1

D/RestrictionPolicy( 2282): isHomeKeyEnabled :true

D/RestrictionPolicy( 2282): isHomeKeyEnabled :true

D/InputReader( 2282): Input event: value=0

D/RestrictionPolicy( 2282): isHomeKeyEnabled :true

D/STATUSBAR-NetworkController( 2577): onDataActivity: direction=1

D/STATUSBAR-NetworkController( 2577): refreshSignalCluster: data=2 bt=false

D/STATUSBAR-SignalClusterView( 2577): mSeparateMobileGroup=0

D/STATUSBAR-SignalClusterView( 2577): mSeparateMobileGroup=0

D/STATUSBAR-SignalClusterView( 2577): mSeparateMobileGroup=0

D/KeyguardViewMediator( 2282): setHidden false

D/WindowManager( 2282): PhoneWindowManager: focusChangedLw

D/WindowManager( 2282): mInputFocus is not null.

D/GpsLocationProvider( 2282): GPS status listener died

I/LocationManagerService( 2282): remove passive (pid 2282), next minTime = 0

D/KeyguardViewMediator( 2282): setHidden false

V/WindowManager( 2282): rotationForOrientationLw(orient=5, last=0); user=0 USER_ROTATION_LOCKED mLidState=-1 mDockMode=0 mHdmiPlugged=false mAccelerometerDefault=false sensorRotation=-1

D/WindowManager( 2282): mInputFocus is not null.

D/WindowManager( 2282): mInputFocus is not null.

D/KeyguardViewMediator( 2282): setHidden false

D/SensorManager(27247): unregisterListener::  Listener= android.view.OrientationEventListener$SensorEventListenerImpl@41e2da98

D/Sensors (27247): Remain listener = Sending .. normal delay 200ms

I/Sensors (27247): sendDelay --- 200000000

I/SensorService( 2282): info.selectDelay() ns=200000000  

D/iNemoSensor( 2282): setDelay(): handle(0), en(200000000)

I/iNemoSensor( 2282): skip update_delay wanted_accel = 200000000 current delay = 200000000

D/SensorService( 2282): SensorDevice::setDelay, Return(true 1, false 0) =  1

D/KeyguardViewMediator( 2282): setHidden false

D/SensorManager(27247): JNI - sendDelay

I/SensorManager(27247): Set normal delay = true

D/SensorService( 2282): SensorDevice::activating sensor handle=0 ns=200000000 

D/iNemoSensor( 2282): setDelay(): handle(0), en(200000000)

I/iNemoSensor( 2282): skip update_delay wanted_accel = 200000000 current delay = 200000000

D/WindowManager( 2282): mInputFocus is not null.

D/WindowManager( 2282): mInputFocus is not null.

D/WindowManager( 2282): mInputFocus is not null.

D/dalvikvm( 2840): WAIT_FOR_CONCURRENT_GC blocked 0ms

D/PowerManagerService( 2282): lightSensorChangedLocked value=158 immediate=false

D/PowerManagerService( 2282): getAutoBrightnessValue : in bound ( 30 < 158 <= 453 )

D/PowerManagerService( 2282): getAutoBrightnessValue : in bound ( 30 < 158 <= 453 )

D/PowerManagerService( 2282): lcdValue 87

D/PowerManagerService( 2282): buttonValue 87

D/PowerManagerService( 2282): keyboardValue 0

D/PowerManagerService( 2282): lightSensorChangedLocked : mKeyboardLight : 0

D/dalvikvm( 2840): GC_EXPLICIT freed 1350K, 23% free 30413K/39303K, paused 8ms+9ms, total 75ms

I/Launcher.StuckInEdit( 2840): exitWidgetResizeMode State NORMAL

D/Launcher( 2840): onRestart, Launcher: 1105794416

D/Launcher( 2840): onStart, Launcher: 1105794416

D/Launcher.HomeFragment( 2840): onStart

D/Launcher( 2840): onResume, Launcher: 1105794416

D/comsamsunglog( 2840): [MSC_HERO_Accu_JB]>>> ====================================================================================================================

D/comsamsunglog( 2840): [MSC_HERO_Accu_JB]>>> widgetappapheroaccuweatherwidget [Version : 12091801] [ 1 ] 

D/comsamsunglog( 2840): [MSC_HERO_Accu_JB]>>> Header set to : ===> "widget" <===

D/comsamsunglog( 2840): [MSC_HERO_Accu_JB]>>> ====================================================================================================================

D/widget  ( 2840): [MSC_HERO_Accu_JB]>>> WC:917 [0:0]  onResume :: fU = true  cEUi = true

D/widget  ( 2840): [MSC_HERO_Accu_JB]>>> WC:2075 [0:0] AR_S_T : 0

D/widget  ( 2840): [MSC_HERO_Accu_JB]>>> WC:953 [0:0]  onResume :: mFAR = false, cC = false, cEUI = true

D/widget  ( 2840): [MSC_HERO_Accu_JB]>>> WC:1265 [0:0]  cUI : cnt = 1, mRC  = true

I/FlashBarService( 2678): mPkgManagerReceiver : onReceive

D/Launcher( 2840): ACCESSIBILITY: 0

D/Launcher.HomeFragment( 2840): onResume

D/widget  ( 2840): [MSC_HERO_Accu_JB]>>> WC:1226 [0:0]  fireOR

D/widget  ( 2840): [MSC_HERO_Accu_JB]>>> SM:1288 [0:0] bTCC WCV = 200

D/widget  ( 2840): [MSC_HERO_Accu_JB]>>> WC:1689 [0:0] drw 2nd Tm dt = 0454

D/widget  ( 2840): [MSC_HERO_Accu_JB]>>> SM:446 [0:0] IR : false, IPR : false

D/MenuAppsGridFragment( 2840): onResume

D/CellLayoutChildren( 2840): setCellDimensions. width: 144, height: 200, gapX: 72, gapY: 0

I/SurfaceFlinger( 1899): id=391(23) createSurf 0x41cee914 (720x1280),1 flag=0, Mauncher

I/SurfaceFlinger( 1899): SurfaceFlinger : eMagnificationFactorChanged.  magnificationFactor=1.0

I/SurfaceFlinger( 1899): SurfaceFlinger : eZoomPositionChanged.  zoomX=0.0 zoomY=0.0

D/WindowManager( 2282): PhoneWindowManager: focusChangedLw

D/KeyguardViewMediator( 2282): setHidden false

D/STATUSBAR-StatusBarManagerService( 2282): setSystemUiVisibility(0x0)

D/STATUSBAR-StatusBarManagerService( 2282): manageDisableList what=0x0 pkg=WindowManager.LayoutParams

D/widget  ( 2840): [MSC_HERO_Accu_JB]>>> WC:666 [0:0] mSUDH(): current loc id = cityId:260145, tZ=GMT+5

D/widget  ( 2840): [MSC_HERO_Accu_JB]>>> WC:679 [0:0] ===== mSetUIDataHandler(): day = 5:10 AM, night=6:49 PM

D/widget  ( 2840): [MSC_HERO_Accu_JB]>>> SM:1256 [0:0] sta ani iPA = false, flkDir = 0, iFA = false

D/widget  ( 2840): [MSC_HERO_Accu_JB]>>> WC:1713 [0:0] drw all Tm dt = 0454

D/widget  ( 2840): [MSC_HERO_Accu_JB]>>> SM:516 [0:0] IR : false, IPR : false

D/KeyguardViewMediator( 2282): setHidden false

D/KeyguardViewMediator( 2282): setHidden false

I/ClipboardServiceEx( 2282): Send intent for dismiss clipboard dialog inside hideCurrentInputLocked() !

D/STATUSBAR-NotificationService( 2282): updateLightsLocked() : Turn off notification light

D/LightsService( 2282): [SvcLED] setSvcLedStateLocked:: id = 4, color = 0, mode = Off, set = Off

D/KeyguardViewMediator( 2282): setHidden false

D/KeyguardViewMediator( 2282): setHidden false

D/StatusBar( 2577): expanding top notification at 2entry.userCollapsed() = false

D/PowerManagerService( 2282): mIsSipVisible : false

D/PowerManagerService( 2282): mIsSipVisible : false

D/KeyguardViewMediator( 2282): setHidden false

D/KeyguardViewMediator( 2282): setHidden false

W/IInputConnectionWrapper(27247): showStatusIcon on inactive InputConnection

