I/InputDispatcher( 2282): Delivering touch to current input target: action: 0x1

I/InputDispatcher( 2282): Delivering touch to current input target: action: 0x1

I/InputDispatcher( 2282): Delivering touch to current input target: action: 0x1

I/SurfaceFlinger( 1899): id=434(204) createSurf 0x41bfff74 (1x1),1 flag=0, QopupWindow

I/SurfaceFlinger( 1899): SurfaceFlinger : eMagnificationFactorChanged.  magnificationFactor=1.0

I/SurfaceFlinger( 1899): SurfaceFlinger : eZoomPositionChanged.  zoomX=0.0 zoomY=0.0

D/KeyguardViewMediator( 2282): setHidden false

D/KeyguardViewMediator( 2282): setHidden false

V/LvOutput( 1902): initCheck: 0

V/LvOutput( 1902): detachEffects: detach processing for output 2, stream 1, session 449

V/LvOutput( 1902): detachEffects: no output processing was attached to this stream

V/AudioPolicyManagerBase( 1902): stopOutput() output 2, stream 1, session 449

V/AudioPolicyManagerBase( 1902): changeRefCount() stream 1, count 0

V/AudioPolicyManagerBase( 1902): getNewDevice() selected device 0

V/AudioPolicyManagerBase( 1902): setOutputDevice() output 2 device 0000 force 0 delayMs 184 

V/AudioPolicyManagerBase( 1902): setOutputDevice() prevDevice 0002

V/AudioPolicyManagerBase( 1902): setOutputDevice() setting same device 0000 or null device for output 2

I/SurfaceFlinger( 1899): id=434 Removed QopupWindow idx=5 MapSz=5

D/KeyguardViewMediator( 2282): setHidden false

I/SurfaceFlinger( 1899): id=434 Removed QopupWindow idx=-2 MapSz=5

I/InputReader( 2282): Touch event's action is 0x0 (deviceType=0) [pCnt=1, s=0.616 ]

I/InputDispatcher( 2282): Delivering touch to current input target: action: 0x0

I/InputDispatcher( 2282): Delivering touch to current input target: action: 0x0

I/InputDispatcher( 2282): Delivering touch to current input target: action: 0x0

E/AudioPolicyService( 1902): getOutput() tid 1902 ++

E/AudioPolicyService( 1902): getOutput() tid 1902 --

V/AudioPolicyManagerBase( 1902): getOutput() stream 1, samplingRate 0, format 0, channelMask 3, flags 0

V/AudioPolicyManagerBase( 1902): getOutputsForDevice device 0002 -> 0002

V/AudioPolicyManagerBase( 1902): getOutput() returns output 2

E/AudioPolicyService( 1902): getOutput() tid 2218 ++

E/AudioPolicyService( 1902): getOutput() tid 2218 --

V/AudioPolicyManagerBase( 1902): getOutput() stream 1, samplingRate 0, format 0, channelMask 3, flags 0

V/AudioPolicyManagerBase( 1902): getOutputsForDevice device 0002 -> 0002

V/AudioPolicyManagerBase( 1902): getOutput() returns output 2

E/AudioPolicyService( 1902): getOutput() tid 2199 ++

E/AudioPolicyService( 1902): getOutput() tid 2199 --

V/AudioPolicyManagerBase( 1902): getOutput() stream 1, samplingRate 44100, format 1, channelMask 3, flags 4

V/AudioPolicyManagerBase( 1902): getOutputsForDevice device 0002 -> 0002

V/AudioPolicyManagerBase( 1902): getOutput() returns output 2

V/LvOutput( 1902): initCheck: 0

V/LvOutput( 1902): attachEffects: attach processing to output 2, stream 1, session 450, mode 0

V/LvOutput( 1902): attachEffects: no output processing needs to be attached to this stream

V/LvOutput( 1902): LvOutput::setAllProcessorEnabled(false) mOutputs.size(0)

V/AudioPolicyManagerBase( 1902): startOutput() output 2, stream 1, session 450

V/AudioPolicyManagerBase( 1902): changeRefCount() stream 1, count 1

V/AudioPolicyManagerBase( 1902): getNewDevice() selected device 2

V/AudioPolicyManagerBase( 1902): setOutputDevice() output 2 device 0002 force 0 delayMs 0 

V/AudioPolicyManagerBase( 1902): setOutputDevice() prevDevice 0002

V/AudioPolicyManagerBase( 1902): setOutputDevice() setting same device 0002 or null device for output 2

V/AudioPolicyManagerBase( 1902): releaseOutput() 2

I/AudioMixer( 1902): setParameter(TRACK, FORMAT, 0x1)

E/AudioMixer( 1902): MOON > checkSEC_PCM ++ 1

I/SurfaceFlinger( 1899): id=435(205) createSurf 0x419adeec (172x172),1 flag=0, QopupWindow

I/SurfaceFlinger( 1899): SurfaceFlinger : eMagnificationFactorChanged.  magnificationFactor=1.0

I/SurfaceFlinger( 1899): SurfaceFlinger : eZoomPositionChanged.  zoomX=0.0 zoomY=0.0

D/KeyguardViewMediator( 2282): setHidden false

D/KeyguardViewMediator( 2282): setHidden false

I/InputReader( 2282): Touch event's action is 0x1 (deviceType=0) [pCnt=1, s=]

I/InputDispatcher( 2282): Delivering touch to current input target: action: 0x1

I/InputDispatcher( 2282): Delivering touch to current input target: action: 0x1

I/InputDispatcher( 2282): Delivering touch to current input target: action: 0x1

V/LvOutput( 1902): initCheck: 0

V/LvOutput( 1902): detachEffects: detach processing for output 2, stream 1, session 450

V/LvOutput( 1902): detachEffects: no output processing was attached to this stream

V/AudioPolicyManagerBase( 1902): stopOutput() output 2, stream 1, session 450

V/AudioPolicyManagerBase( 1902): changeRefCount() stream 1, count 0

V/AudioPolicyManagerBase( 1902): getNewDevice() selected device 0

V/AudioPolicyManagerBase( 1902): setOutputDevice() output 2 device 0000 force 0 delayMs 184 

V/AudioPolicyManagerBase( 1902): setOutputDevice() prevDevice 0002

V/AudioPolicyManagerBase( 1902): setOutputDevice() setting same device 0000 or null device for output 2

I/InputReader( 2282): Touch event's action is 0x0 (deviceType=0) [pCnt=1, s=0.617 ]

I/InputDispatcher( 2282): Delivering touch to current input target: action: 0x0

I/InputDispatcher( 2282): Delivering touch to current input target: action: 0x0

I/InputDispatcher( 2282): Delivering touch to current input target: action: 0x0

E/AudioPolicyService( 1902): getOutput() tid 2218 ++

E/AudioPolicyService( 1902): getOutput() tid 2218 --

V/AudioPolicyManagerBase( 1902): getOutput() stream 1, samplingRate 0, format 0, channelMask 3, flags 0

V/AudioPolicyManagerBase( 1902): getOutputsForDevice device 0002 -> 0002

V/AudioPolicyManagerBase( 1902): getOutput() returns output 2

E/AudioPolicyService( 1902): getOutput() tid 2199 ++

E/AudioPolicyService( 1902): getOutput() tid 2199 --

V/AudioPolicyManagerBase( 1902): getOutput() stream 1, samplingRate 0, format 0, channelMask 3, flags 0

V/AudioPolicyManagerBase( 1902): getOutputsForDevice device 0002 -> 0002

V/AudioPolicyManagerBase( 1902): getOutput() returns output 2

E/AudioPolicyService( 1902): getOutput() tid 1902 ++

E/AudioPolicyService( 1902): getOutput() tid 1902 --

V/AudioPolicyManagerBase( 1902): getOutput() stream 1, samplingRate 44100, format 1, channelMask 3, flags 4

V/AudioPolicyManagerBase( 1902): getOutputsForDevice device 0002 -> 0002

V/AudioPolicyManagerBase( 1902): getOutput() returns output 2

V/LvOutput( 1902): initCheck: 0

V/LvOutput( 1902): attachEffects: attach processing to output 2, stream 1, session 451, mode 0

V/LvOutput( 1902): attachEffects: no output processing needs to be attached to this stream

V/LvOutput( 1902): LvOutput::setAllProcessorEnabled(false) mOutputs.size(0)

V/AudioPolicyManagerBase( 1902): startOutput() output 2, stream 1, session 451

V/AudioPolicyManagerBase( 1902): changeRefCount() stream 1, count 1

V/AudioPolicyManagerBase( 1902): getNewDevice() selected device 2

V/AudioPolicyManagerBase( 1902): setOutputDevice() output 2 device 0002 force 0 delayMs 0 

V/AudioPolicyManagerBase( 1902): setOutputDevice() prevDevice 0002

V/AudioPolicyManagerBase( 1902): setOutputDevice() setting same device 0002 or null device for output 2

V/AudioPolicyManagerBase( 1902): releaseOutput() 2

I/SurfaceFlinger( 1899): id=435 Removed QopupWindow idx=5 MapSz=5

D/KeyguardViewMediator( 2282): setHidden false

I/SurfaceFlinger( 1899): id=435 Removed QopupWindow idx=-2 MapSz=5

I/AudioMixer( 1902): setParameter(TRACK, FORMAT, 0x1)

E/AudioMixer( 1902): MOON > checkSEC_PCM ++ 1

I/InputReader( 2282): Touch event's action is 0x1 (deviceType=0) [pCnt=1, s=]

I/InputDispatcher( 2282): Delivering touch to current input target: action: 0x1

I/InputDispatcher( 2282): Delivering touch to current input target: action: 0x1

I/InputDispatcher( 2282): Delivering touch to current input target: action: 0x1

V/LvOutput( 1902): initCheck: 0

V/LvOutput( 1902): detachEffects: detach processing for output 2, stream 1, session 451

V/LvOutput( 1902): detachEffects: no output processing was attached to this stream

V/AudioPolicyManagerBase( 1902): stopOutput() output 2, stream 1, session 451

V/AudioPolicyManagerBase( 1902): changeRefCount() stream 1, count 0

V/AudioPolicyManagerBase( 1902): getNewDevice() selected device 0

V/AudioPolicyManagerBase( 1902): setOutputDevice() output 2 device 0000 force 0 delayMs 184 

V/AudioPolicyManagerBase( 1902): setOutputDevice() prevDevice 0002

V/AudioPolicyManagerBase( 1902): setOutputDevice() setting same device 0000 or null device for output 2

I/InputReader( 2282): Touch event's action is 0x0 (deviceType=0) [pCnt=1, s=0.618 ]

I/InputDispatcher( 2282): Delivering touch to current input target: action: 0x0

I/InputDispatcher( 2282): Delivering touch to current input target: action: 0x0

I/InputDispatcher( 2282): Delivering touch to current input target: action: 0x0

E/AudioPolicyService( 1902): getOutput() tid 2199 ++

E/AudioPolicyService( 1902): getOutput() tid 2199 --

V/AudioPolicyManagerBase( 1902): getOutput() stream 1, samplingRate 0, format 0, channelMask 3, flags 0

V/AudioPolicyManagerBase( 1902): getOutputsForDevice device 0002 -> 0002

V/AudioPolicyManagerBase( 1902): getOutput() returns output 2

E/AudioPolicyService( 1902): getOutput() tid 1902 ++

E/AudioPolicyService( 1902): getOutput() tid 1902 --

V/AudioPolicyManagerBase( 1902): getOutput() stream 1, samplingRate 0, format 0, channelMask 3, flags 0

V/AudioPolicyManagerBase( 1902): getOutputsForDevice device 0002 -> 0002

V/AudioPolicyManagerBase( 1902): getOutput() returns output 2

E/AudioPolicyService( 1902): getOutput() tid 2218 ++

E/AudioPolicyService( 1902): getOutput() tid 2218 --

V/AudioPolicyManagerBase( 1902): getOutput() stream 1, samplingRate 44100, format 1, channelMask 3, flags 4

V/AudioPolicyManagerBase( 1902): getOutputsForDevice device 0002 -> 0002

V/AudioPolicyManagerBase( 1902): getOutput() returns output 2

V/LvOutput( 1902): initCheck: 0

V/LvOutput( 1902): attachEffects: attach processing to output 2, stream 1, session 452, mode 0

V/LvOutput( 1902): attachEffects: no output processing needs to be attached to this stream

V/LvOutput( 1902): LvOutput::setAllProcessorEnabled(false) mOutputs.size(0)

V/AudioPolicyManagerBase( 1902): startOutput() output 2, stream 1, session 452

V/AudioPolicyManagerBase( 1902): changeRefCount() stream 1, count 1

V/AudioPolicyManagerBase( 1902): getNewDevice() selected device 2

V/AudioPolicyManagerBase( 1902): setOutputDevice() output 2 device 0002 force 0 delayMs 0 

V/AudioPolicyManagerBase( 1902): setOutputDevice() prevDevice 0002

V/AudioPolicyManagerBase( 1902): setOutputDevice() setting same device 0002 or null device for output 2

V/AudioPolicyManagerBase( 1902): releaseOutput() 2

I/AudioMixer( 1902): setParameter(TRACK, FORMAT, 0x1)

E/AudioMixer( 1902): MOON > checkSEC_PCM ++ 1

I/SurfaceFlinger( 1899): id=436(206) createSurf 0x41cee914 (118x172),1 flag=0, QopupWindow

I/SurfaceFlinger( 1899): SurfaceFlinger : eMagnificationFactorChanged.  magnificationFactor=1.0

I/SurfaceFlinger( 1899): SurfaceFlinger : eZoomPositionChanged.  zoomX=0.0 zoomY=0.0

D/KeyguardViewMediator( 2282): setHidden false

I/InputReader( 2282): Touch event's action is 0x1 (deviceType=0) [pCnt=1, s=]

I/InputDispatcher( 2282): Delivering touch to current input target: action: 0x1

I/InputDispatcher( 2282): Delivering touch to current input target: action: 0x1

I/InputDispatcher( 2282): Delivering touch to current input target: action: 0x1

D/KeyguardViewMediator( 2282): setHidden false

V/LvOutput( 1902): initCheck: 0

V/LvOutput( 1902): detachEffects: detach processing for output 2, stream 1, session 452

V/LvOutput( 1902): detachEffects: no output processing was attached to this stream

V/AudioPolicyManagerBase( 1902): stopOutput() output 2, stream 1, session 452

V/AudioPolicyManagerBase( 1902): changeRefCount() stream 1, count 0

V/AudioPolicyManagerBase( 1902): getNewDevice() selected device 0

V/AudioPolicyManagerBase( 1902): setOutputDevice() output 2 device 0000 force 0 delayMs 184 

V/AudioPolicyManagerBase( 1902): setOutputDevice() prevDevice 0002

V/AudioPolicyManagerBase( 1902): setOutputDevice() setting same device 0000 or null device for output 2

I/SurfaceFlinger( 1899): id=436 Removed QopupWindow idx=5 MapSz=5

D/KeyguardViewMediator( 2282): setHidden false

I/SurfaceFlinger( 1899): id=436 Removed QopupWindow idx=-2 MapSz=5

D/PowerManagerService( 2282): lightSensorChangedLocked value=135 immediate=false

D/PowerManagerService( 2282): getAutoBrightnessValue : in bound ( 28 < 135 <= 425 )

D/PowerManagerService( 2282): getAutoBrightnessValue : in bound ( 28 < 135 <= 425 )

D/PowerManagerService( 2282): lcdValue 86

D/PowerManagerService( 2282): buttonValue 86

D/PowerManagerService( 2282): keyboardValue 0

D/PowerManagerService( 2282): lightSensorChangedLocked : mKeyboardLight : 0

D/STATUSBAR-NetworkController( 2577): onDataActivity: direction=3

D/STATUSBAR-NetworkController( 2577): refreshSignalCluster: data=2 bt=false

D/STATUSBAR-SignalClusterView( 2577): mSeparateMobileGroup=0

D/STATUSBAR-SignalClusterView( 2577): mSeparateMobileGroup=0

D/STATUSBAR-SignalClusterView( 2577): mSeparateMobileGroup=0

D/dalvikvm( 9115): GC_CONCURRENT freed 397K, 23% free 13274K/17031K, paused 14ms+8ms, total 66ms

I/InputReader( 2282): Touch event's action is 0x0 (deviceType=0) [pCnt=1, s=0.619 ]

I/InputDispatcher( 2282): Delivering touch to current input target: action: 0x0

I/InputDispatcher( 2282): Delivering touch to current input target: action: 0x0

I/InputDispatcher( 2282): Delivering touch to current input target: action: 0x0

I/InputReader( 2282): Touch event's action is 0x1 (deviceType=0) [pCnt=1, s=]

I/InputDispatcher( 2282): Delivering touch to current input target: action: 0x1

I/InputDispatcher( 2282): Delivering touch to current input target: action: 0x1

I/InputDispatcher( 2282): Delivering touch to current input target: action: 0x1

I/AudioPolicyManagerBase( 1902): getSituationVolume: isBTConnected:0 isHeadConnected:0

V/AudioPolicyManagerBase( 1902): getParamFromPolicy  deviceInt = 0, situationInt = 1, situationVolume = 0.500000

E/AudioPolicyService( 1902): getOutput() tid 2218 ++

E/AudioPolicyService( 1902): getOutput() tid 2218 --

V/AudioPolicyManagerBase( 1902): getOutput() stream 1, samplingRate 0, format 0, channelMask 3, flags 0

V/AudioPolicyManagerBase( 1902): getOutputsForDevice device 0002 -> 0002

V/AudioPolicyManagerBase( 1902): getOutput() returns output 2

E/AudioPolicyService( 1902): getOutput() tid 2199 ++

E/AudioPolicyService( 1902): getOutput() tid 2199 --

V/AudioPolicyManagerBase( 1902): getOutput() stream 1, samplingRate 0, format 0, channelMask 3, flags 0

V/AudioPolicyManagerBase( 1902): getOutputsForDevice device 0002 -> 0002

V/AudioPolicyManagerBase( 1902): getOutput() returns output 2

E/AudioPolicyService( 1902): getOutput() tid 1902 ++

E/AudioPolicyService( 1902): getOutput() tid 1902 --

V/AudioPolicyManagerBase( 1902): getOutput() stream 1, samplingRate 44100, format 1, channelMask 3, flags 4

V/AudioPolicyManagerBase( 1902): getOutputsForDevice device 0002 -> 0002

V/AudioPolicyManagerBase( 1902): getOutput() returns output 2

V/LvOutput( 1902): initCheck: 0

V/LvOutput( 1902): attachEffects: attach processing to output 2, stream 1, session 453, mode 0

V/LvOutput( 1902): attachEffects: no output processing needs to be attached to this stream

V/LvOutput( 1902): LvOutput::setAllProcessorEnabled(false) mOutputs.size(0)

V/AudioPolicyManagerBase( 1902): startOutput() output 2, stream 1, session 453

V/AudioPolicyManagerBase( 1902): changeRefCount() stream 1, count 1

V/AudioPolicyManagerBase( 1902): getNewDevice() selected device 2

V/AudioPolicyManagerBase( 1902): setOutputDevice() output 2 device 0002 force 0 delayMs 0 

V/AudioPolicyManagerBase( 1902): setOutputDevice() prevDevice 0002

V/AudioPolicyManagerBase( 1902): setOutputDevice() setting same device 0002 or null device for output 2

V/AudioPolicyManagerBase( 1902): releaseOutput() 2

I/AudioMixer( 1902): setParameter(TRACK, FORMAT, 0x1)

E/AudioMixer( 1902): MOON > checkSEC_PCM ++ 1

D/ChildProcessLauncher(23755): Allocator allocated a connection, sandbox: true, slot: 2

D/SensorManager(23755): unregisterListener::  Listener= android.view.OrientationEventListener$SensorEventListenerImpl@41ddc440

D/Sensors (23755): Remain listener = Sending .. normal delay 200ms

I/Sensors (23755): sendDelay --- 200000000

I/SensorService( 2282): info.selectDelay() ns=200000000  

D/iNemoSensor( 2282): setDelay(): handle(0), en(200000000)

I/iNemoSensor( 2282): skip update_delay wanted_accel = 200000000 current delay = 200000000

D/SensorService( 2282): SensorDevice::setDelay, Return(true 1, false 0) =  1

D/SensorManager(23755): JNI - sendDelay

I/SensorManager(23755): Set normal delay = true

D/SensorService( 2282): SensorDevice::activating sensor handle=0 ns=200000000 

D/iNemoSensor( 2282): setDelay(): handle(0), en(200000000)

I/iNemoSensor( 2282): skip update_delay wanted_accel = 200000000 current delay = 200000000

D/dalvikvm( 1900): WAIT_FOR_CONCURRENT_GC blocked 0ms

D/ChildProcessLauncher(23755): Setting up connection to process: slot=2

I/ClipboardServiceEx( 2282): Send intent for dismiss clipboard dialog inside hideCurrentInputLocked() !

W/IInputConnectionWrapper(23755): getTextBeforeCursor on inactive InputConnection

W/IInputConnectionWrapper(23755): getCursorCapsMode on inactive InputConnection

D/dalvikvm( 1900): GC_EXPLICIT freed 39K, 8% free 12070K/13059K, paused 4ms+3ms, total 35ms

D/dalvikvm( 1900): WAIT_FOR_CONCURRENT_GC blocked 0ms

W/IInputConnectionWrapper(23755): getCursorCapsMode on inactive InputConnection

D/dalvikvm( 1900): GC_EXPLICIT freed <1K, 8% free 12070K/13059K, paused 2ms+2ms, total 24ms

D/dalvikvm( 1900): WAIT_FOR_CONCURRENT_GC blocked 0ms

W/IInputConnectionWrapper(23755): getSelectedText on inactive InputConnection

D/dalvikvm( 1900): GC_EXPLICIT freed <1K, 8% free 12070K/13059K, paused 1ms+2ms, total 18ms

W/IInputConnectionWrapper(23755): getTextBeforeCursor on inactive InputConnection

W/IInputConnectionWrapper(23755): getTextAfterCursor on inactive InputConnection

D/ApplicationPolicy( 2282): isStatusBarNotificationAllowed: packageName = android

D/PowerManagerService( 2282): mIsSipVisible : true

D/KeyguardViewMediator( 2282): setHidden false

D/dalvikvm(30179): GC_CONCURRENT freed 178K, 7% free 12398K/13319K, paused 5ms+6ms, total 26ms

D/dalvikvm(30179): WAIT_FOR_CONCURRENT_GC blocked 13ms

D/STATUSBAR-NotificationService( 2282): Noti Alert - mSystemReady:true, AlertEnabled:true

D/StatusBar( 2577): expanding top notification at 3entry.userCollapsed() = false

W/IInputConnectionWrapper(23755): getSelectedText on inactive InputConnection

W/IInputConnectionWrapper(23755): setComposingText on inactive InputConnection

W/IInputConnectionWrapper(23755): getExtractedText on inactive InputConnection

I/ChildProcessService(30179): Creating new ChildProcessService pid=30179

D/dalvikvm( 2282): WAIT_FOR_CONCURRENT_GC blocked 0ms

D/dalvikvm(30179): Trying to load lib /data/data/com.android.chrome/lib/libchromium_android_linker.so 0x41dcf420

D/dalvikvm(30179): Added shared lib /data/data/com.android.chrome/lib/libchromium_android_linker.so 0x41dcf420

I/dalvikvm(30179): Could not find method android.app.ActivityManager.isLowRamDevice, referenced from method org.chromium.base.SysUtils.detectLowEndDevice

W/dalvikvm(30179): VFY: unable to resolve virtual method 154: Landroid/app/ActivityManager;.isLowRamDevice ()Z

D/dalvikvm(30179): VFY: replacing opcode 0x6e at 0x0047

W/LibraryLoader(30179): Suppressed load from APK support check on this device

I/LibraryLoader(30179): Loading chrome

V/LvOutput( 1902): initCheck: 0

V/LvOutput( 1902): detachEffects: detach processing for output 2, stream 1, session 453

V/LvOutput( 1902): detachEffects: no output processing was attached to this stream

V/AudioPolicyManagerBase( 1902): stopOutput() output 2, stream 1, session 453

V/AudioPolicyManagerBase( 1902): changeRefCount() stream 1, count 0

V/AudioPolicyManagerBase( 1902): getNewDevice() selected device 0

V/AudioPolicyManagerBase( 1902): setOutputDevice() output 2 device 0000 force 0 delayMs 184 

V/AudioPolicyManagerBase( 1902): setOutputDevice() prevDevice 0002

V/AudioPolicyManagerBase( 1902): setOutputDevice() setting same device 0000 or null device for output 2

D/KJH     ( 2742): [KeyboardView-init] mGuestureTraceKeyboardGapForXt9_9 : 0

D/dalvikvm( 2282): GC_EXPLICIT freed 2388K, 35% free 28424K/43463K, paused 6ms+11ms, total 136ms

D/ChildProcessLauncher(23755): on connect callback, pid=30179 context=1631145600

I/LibraryLoader(30179): Time to load native libraries: 153 ms (timestamps 5738-5891)

I/LibraryLoader(30179): Expected native library version number "43.0.2357.93",actual native library version number "43.0.2357.93"

I/chromium(30179): [INFO:library_loader_hooks.cc(112)] Chromium logging enabled: level = 0, default verbosity = 0

D/ApplicationPolicy( 2282): isStatusBarNotificationAllowed: packageName = android

D/PowerManagerService( 2282): mIsSipVisible : true

D/STATUSBAR-NotificationService( 2282): Noti Alert - mSystemReady:true, AlertEnabled:true

D/STATUSBAR-NotificationService( 2282): updateLightsLocked() : Turn off notification light

D/LightsService( 2282): [SvcLED] setSvcLedStateLocked:: id = 4, color = 0, mode = Off, set = Off

D/StatusBar( 2577): expanding top notification at 3entry.userCollapsed() = false

D/PowerManagerService( 2282): mIsSipVisible : false

D/PowerManagerService( 2282): mIsSipVisible : false

D/StatusBar( 2577): expanding top notification at 2entry.userCollapsed() = false

D/KeyguardViewMediator( 2282): setHidden false

I/ClipboardServiceEx( 2282): Send intent for dismiss clipboard dialog inside hideCurrentInputLocked() !

D/STATUSBAR-NetworkController( 2577): onDataActivity: direction=0

D/STATUSBAR-NetworkController( 2577): refreshSignalCluster: data=2 bt=false

D/STATUSBAR-SignalClusterView( 2577): mSeparateMobileGroup=0

D/STATUSBAR-SignalClusterView( 2577): mSeparateMobileGroup=0

D/STATUSBAR-SignalClusterView( 2577): mSeparateMobileGroup=0

D/KeyguardViewMediator( 2282): setHidden false

I/SurfaceFlinger( 1899): id=433 Removed JnputMethod idx=4 MapSz=4

I/SurfaceFlinger( 1899): id=433 Removed JnputMethod idx=-2 MapSz=4

D/KeyguardViewMediator( 2282): setHidden false

D/KeyguardViewMediator( 2282): setHidden false

D/DelayedSyncController(23755): No delayed sync.

W/AlarmManager( 2282): FACTORY_ON= 0

V/ExponentialBackoffScheduler(23755): now(Tue Jul 28 04:56:12 GMT+05:00 2015) refiringAt(Tue Jul 28 05:47:46 GMT+05:00 2015)

W/AlarmManager( 2282): FACTORY_ON= 0

W/PowerManagerService( 2282): Timer 0x3->0x3|0x0

W/SignalStrength( 2282): getGsmLevel=4

W/SignalStrength( 2282): getLevel=4 (SignalStrength: 13 -1 -1 -1 -1 -1 -1 -1 -1 -1 -1 -1 gsm|lte 4)

W/SignalStrength( 2577): getGsmLevel=4

W/SignalStrength( 2577): getLevel=4 (SignalStrength: 13 -1 -1 -1 -1 -1 -1 -1 -1 -1 -1 -1 gsm|lte 4)

W/SignalStrength( 2577): getGsmLevel=4

W/SignalStrength( 2577): getLevel=4 (SignalStrength: 13 -1 -1 -1 -1 -1 -1 -1 -1 -1 -1 -1 gsm|lte 4)

D/STATUSBAR-NetworkController( 2577): onSignalStrengthsChanged signalStrength=SignalStrength: 13 -1 -1 -1 -1 -1 -1 -1 -1 -1 -1 -1 gsm|lte 4 level=4

W/SignalStrength( 2282): getGsmDbm=-87

W/SignalStrength( 2282): getDbm=-87

W/SignalStrength( 2282): getGsmAsuLevel=13

W/SignalStrength( 2282): getAsuLevel=13

D/STATUSBAR-NetworkController( 2577): onDataActivity: direction=3

D/STATUSBAR-NetworkController( 2577): refreshSignalCluster: data=2 bt=false

D/STATUSBAR-SignalClusterView( 2577): mSeparateMobileGroup=0

D/STATUSBAR-SignalClusterView( 2577): mSeparateMobileGroup=0

D/STATUSBAR-SignalClusterView( 2577): mSeparateMobileGroup=0

D/AudioHardwareTinyALSA( 1902): Entering AudioStreamOutALSA standby mode

I/AudioHardwareTinyALSA( 1902): Close mHandle:420c1298

D/STATUSBAR-NetworkController( 2577): onDataActivity: direction=0

D/STATUSBAR-NetworkController( 2577): refreshSignalCluster: data=2 bt=false

D/STATUSBAR-SignalClusterView( 2577): mSeparateMobileGroup=0

D/STATUSBAR-SignalClusterView( 2577): mSeparateMobileGroup=0

D/STATUSBAR-SignalClusterView( 2577): mSeparateMobileGroup=0

V/AlarmManager( 2282): waitForAlarm result :8

W/AlarmManager( 2282): FACTORY_ON= 0

D/STATUSBAR-NetworkController( 2577): onDataActivity: direction=3

D/STATUSBAR-NetworkController( 2577): refreshSignalCluster: data=2 bt=false

D/STATUSBAR-SignalClusterView( 2577): mSeparateMobileGroup=0

D/STATUSBAR-SignalClusterView( 2577): mSeparateMobileGroup=0

D/STATUSBAR-SignalClusterView( 2577): mSeparateMobileGroup=0

D/STATUSBAR-NetworkController( 2577): onDataActivity: direction=0

D/STATUSBAR-NetworkController( 2577): refreshSignalCluster: data=2 bt=false

D/STATUSBAR-SignalClusterView( 2577): mSeparateMobileGroup=0

D/STATUSBAR-SignalClusterView( 2577): mSeparateMobileGroup=0

D/STATUSBAR-SignalClusterView( 2577): mSeparateMobileGroup=0

W/SignalStrength( 2577): getGsmLevel=4

W/SignalStrength( 2577): getLevel=4 (SignalStrength: 13 -1 -1 -1 -1 -1 -1 -1 -1 -1 -1 -1 gsm|lte 4)

D/STATUSBAR-NetworkController( 2577): onServiceStateChanged state=0

D/STATUSBAR-NetworkController( 2577): updateDataNetType()

D/STATUSBAR-NetworkController( 2577): Nothing, mRoamingIconId = 0

V/Mms/DownloadManager(20532): Service state changed: Bundle[mParcelledData.dataSize=656]

D/ContextualPageReceiver( 2840): mContextualPageReceiver: ACTION_SERVICE_STATE_CHANGED isRoaming : false

V/Mms/DownloadManager(20532): roaming ------> false

V/Mms/DownloadManager(20532): auto download without roaming -> true

V/Mms/DownloadManager(20532): auto download during roaming -> false

V/Mms/DownloadManager(20532): mAutoDownload ------> true

I/WifiService( 2282): Booster FLAG : 1

I/WifiService( 2282): mBoosterFLAG : 1

I/WifiService( 2282): current booster mode : FullMode

D/WifiService( 2282): onDataConnectionStateChanged: state -2, networkType - UMTS

D/STATUSBAR-NetworkController( 2577): onDataConnectionStateChanged: state=2 type=3

D/STATUSBAR-NetworkController( 2577): updateDataNetType()

D/STATUSBAR-NetworkController( 2577): Nothing, mRoamingIconId = 0

D/STATUSBAR-NetworkController( 2577): refreshSignalCluster: data=2 bt=false

D/STATUSBAR-SignalClusterView( 2577): mSeparateMobileGroup=0

D/STATUSBAR-SignalClusterView( 2577): mSeparateMobileGroup=0

D/STATUSBAR-SignalClusterView( 2577): mSeparateMobileGroup=0

D/StatusChecker(21690): onReceive : android.intent.action.SERVICE_STATE

D/StatusChecker(21690): Service state changed : 0

D/PhoneApp( 2768): mReceiver: ACTION_ANY_DATA_CONNECTION_STATE_CHANGED

D/MobileDataStateTracker( 2282): default: Received state=CONNECTED, old=CONNECTED, reason=nwTypeChanged

D/NotificationMgr( 2768): hideDataDisconnectedRoaming()...

W/AlarmManager( 2282): FACTORY_ON= 0

W/AlarmManager( 2282): FACTORY_ON= 0

W/SignalStrength( 2577): getGsmLevel=4

W/SignalStrength( 2577): getLevel=4 (SignalStrength: 13 -1 -1 -1 -1 -1 -1 -1 -1 -1 -1 -1 gsm|lte 4)

D/STATUSBAR-NetworkController( 2577): onServiceStateChanged state=0

D/STATUSBAR-NetworkController( 2577): updateDataNetType()

D/STATUSBAR-NetworkController( 2577): Nothing, mRoamingIconId = 0

V/Mms/DownloadManager(20532): Service state changed: Bundle[mParcelledData.dataSize=656]

D/ContextualPageReceiver( 2840): mContextualPageReceiver: ACTION_SERVICE_STATE_CHANGED isRoaming : false

V/Mms/DownloadManager(20532): roaming ------> false

V/Mms/DownloadManager(20532): auto download without roaming -> true

V/Mms/DownloadManager(20532): auto download during roaming -> false

V/Mms/DownloadManager(20532): mAutoDownload ------> true

I/WifiService( 2282): Booster FLAG : 1

I/WifiService( 2282): mBoosterFLAG : 1

I/WifiService( 2282): current booster mode : FullMode

D/WifiService( 2282): onDataConnectionStateChanged: state -2, networkType - HSDPA

D/STATUSBAR-NetworkController( 2577): onDataConnectionStateChanged: state=2 type=8

D/STATUSBAR-NetworkController( 2577): updateDataNetType()

D/STATUSBAR-NetworkController( 2577): Nothing, mRoamingIconId = 0

D/STATUSBAR-NetworkController( 2577): refreshSignalCluster: data=2 bt=false

D/STATUSBAR-SignalClusterView( 2577): mSeparateMobileGroup=0

D/STATUSBAR-SignalClusterView( 2577): mSeparateMobileGroup=0

D/STATUSBAR-SignalClusterView( 2577): mSeparateMobileGroup=0

D/StatusChecker(21690): onReceive : android.intent.action.SERVICE_STATE

D/StatusChecker(21690): Service state changed : 0

D/PhoneApp( 2768): mReceiver: ACTION_ANY_DATA_CONNECTION_STATE_CHANGED

D/NotificationMgr( 2768): hideDataDisconnectedRoaming()...

D/MobileDataStateTracker( 2282): default: Received state=CONNECTED, old=CONNECTED, reason=nwTypeChanged

W/AlarmManager( 2282): FACTORY_ON= 0

W/AlarmManager( 2282): FACTORY_ON= 0

D/dalvikvm( 9115): GC_CONCURRENT freed 396K, 23% free 13272K/17031K, paused 24ms+6ms, total 71ms

D/dalvikvm(23755): GC_CONCURRENT freed 672K, 26% free 14419K/19463K, paused 20ms+5ms, total 91ms

W/SignalStrength( 2282): getGsmLevel=4

W/SignalStrength( 2577): getGsmLevel=4

W/SignalStrength( 2282): getLevel=4 (SignalStrength: 12 -1 -1 -1 -1 -1 -1 -1 -1 -1 -1 -1 gsm|lte 4)

W/SignalStrength( 2577): getLevel=4 (SignalStrength: 12 -1 -1 -1 -1 -1 -1 -1 -1 -1 -1 -1 gsm|lte 4)

W/SignalStrength( 2577): getGsmLevel=4

W/SignalStrength( 2577): getLevel=4 (SignalStrength: 12 -1 -1 -1 -1 -1 -1 -1 -1 -1 -1 -1 gsm|lte 4)

D/STATUSBAR-NetworkController( 2577): onSignalStrengthsChanged signalStrength=SignalStrength: 12 -1 -1 -1 -1 -1 -1 -1 -1 -1 -1 -1 gsm|lte 4 level=4

W/SignalStrength( 2282): getGsmDbm=-89

W/SignalStrength( 2282): getDbm=-89

W/SignalStrength( 2282): getGsmAsuLevel=12

W/SignalStrength( 2282): getAsuLevel=12

D/PowerManagerService( 2282): lightSensorChangedLocked value=141 immediate=false

D/PowerManagerService( 2282): getAutoBrightnessValue : in bound ( 28 < 141 <= 425 )

D/PowerManagerService( 2282): getAutoBrightnessValue : in bound ( 28 < 141 <= 425 )

D/PowerManagerService( 2282): lcdValue 86

D/PowerManagerService( 2282): buttonValue 86

D/PowerManagerService( 2282): keyboardValue 0

D/PowerManagerService( 2282): lightSensorChangedLocked : mKeyboardLight : 0

E/Watchdog( 2282): !@Sync 386

D/dalvikvm( 2896): WAIT_FOR_CONCURRENT_GC blocked 0ms

D/dalvikvm( 2896): GC_EXPLICIT freed 252K, 11% free 14489K/16199K, paused 11ms+9ms, total 177ms

W/System  (23384): Ignoring HTTP header field 'User-Agent' because its value is null

D/PowerManagerService( 2282): lightSensorChangedLocked value=139 immediate=false

D/PowerManagerService( 2282): getAutoBrightnessValue : in bound ( 28 < 139 <= 425 )

D/PowerManagerService( 2282): getAutoBrightnessValue : in bound ( 28 < 139 <= 425 )

D/PowerManagerService( 2282): lcdValue 86

D/PowerManagerService( 2282): buttonValue 86

D/PowerManagerService( 2282): keyboardValue 0

D/PowerManagerService( 2282): lightSensorChangedLocked : mKeyboardLight : 0

D/STATUSBAR-NetworkController( 2577): onDataActivity: direction=2

D/STATUSBAR-NetworkController( 2577): refreshSignalCluster: data=2 bt=false

D/STATUSBAR-SignalClusterView( 2577): mSeparateMobileGroup=0

D/STATUSBAR-SignalClusterView( 2577): mSeparateMobileGroup=0

D/STATUSBAR-SignalClusterView( 2577): mSeparateMobileGroup=0

D/dalvikvm( 9115): GC_CONCURRENT freed 396K, 23% free 13270K/17031K, paused 5ms+8ms, total 56ms

D/STATUSBAR-NetworkController( 2577): onDataActivity: direction=3

D/STATUSBAR-NetworkController( 2577): refreshSignalCluster: data=2 bt=false

D/STATUSBAR-SignalClusterView( 2577): mSeparateMobileGroup=0

D/STATUSBAR-SignalClusterView( 2577): mSeparateMobileGroup=0

D/STATUSBAR-SignalClusterView( 2577): mSeparateMobileGroup=0

W/SignalStrength( 2577): getGsmLevel=4

W/SignalStrength( 2577): getLevel=4 (SignalStrength: 12 -1 -1 -1 -1 -1 -1 -1 -1 -1 -1 -1 gsm|lte 4)

D/STATUSBAR-NetworkController( 2577): onServiceStateChanged state=0

D/STATUSBAR-NetworkController( 2577): updateDataNetType()

D/STATUSBAR-NetworkController( 2577): Nothing, mRoamingIconId = 0

D/ContextualPageReceiver( 2840): mContextualPageReceiver: ACTION_SERVICE_STATE_CHANGED isRoaming : false

V/Mms/DownloadManager(20532): Service state changed: Bundle[mParcelledData.dataSize=656]

I/WifiService( 2282): Booster FLAG : 1

I/WifiService( 2282): mBoosterFLAG : 1

D/WifiService( 2282): onDataConnectionStateChanged: state -2, networkType - HSPA+

I/WifiService( 2282): current booster mode : FullMode

V/Mms/DownloadManager(20532): roaming ------> false

V/Mms/DownloadManager(20532): auto download without roaming -> true

V/Mms/DownloadManager(20532): auto download during roaming -> false

V/Mms/DownloadManager(20532): mAutoDownload ------> true

D/STATUSBAR-NetworkController( 2577): onDataConnectionStateChanged: state=2 type=15

D/STATUSBAR-NetworkController( 2577): updateDataNetType()

D/STATUSBAR-NetworkController( 2577): Nothing, mRoamingIconId = 0

D/STATUSBAR-NetworkController( 2577): refreshSignalCluster: data=2 bt=false

D/STATUSBAR-SignalClusterView( 2577): mSeparateMobileGroup=0

D/STATUSBAR-SignalClusterView( 2577): mSeparateMobileGroup=0

D/STATUSBAR-SignalClusterView( 2577): mSeparateMobileGroup=0

D/StatusChecker(21690): onReceive : android.intent.action.SERVICE_STATE

D/StatusChecker(21690): Service state changed : 0

D/PhoneApp( 2768): mReceiver: ACTION_ANY_DATA_CONNECTION_STATE_CHANGED

D/NotificationMgr( 2768): hideDataDisconnectedRoaming()...

D/MobileDataStateTracker( 2282): default: Received state=CONNECTED, old=CONNECTED, reason=nwTypeChanged

W/AlarmManager( 2282): FACTORY_ON= 0

W/AlarmManager( 2282): FACTORY_ON= 0

D/PowerManagerService( 2282): lightSensorChangedLocked value=141 immediate=false

D/PowerManagerService( 2282): getAutoBrightnessValue : in bound ( 28 < 141 <= 425 )

D/PowerManagerService( 2282): getAutoBrightnessValue : in bound ( 28 < 141 <= 425 )

D/PowerManagerService( 2282): lcdValue 86

D/PowerManagerService( 2282): buttonValue 86

D/PowerManagerService( 2282): keyboardValue 0

D/PowerManagerService( 2282): lightSensorChangedLocked : mKeyboardLight : 0

D/STATUSBAR-NetworkController( 2577): onDataActivity: direction=0

D/STATUSBAR-NetworkController( 2577): refreshSignalCluster: data=2 bt=false

D/STATUSBAR-SignalClusterView( 2577): mSeparateMobileGroup=0

D/STATUSBAR-SignalClusterView( 2577): mSeparateMobileGroup=0

D/STATUSBAR-SignalClusterView( 2577): mSeparateMobileGroup=0

W/SignalStrength( 2282): getGsmLevel=4

W/SignalStrength( 2577): getGsmLevel=4

W/SignalStrength( 2282): getLevel=4 (SignalStrength: 11 -1 -1 -1 -1 -1 -1 -1 -1 -1 -1 -1 gsm|lte 4)

W/SignalStrength( 2577): getLevel=4 (SignalStrength: 11 -1 -1 -1 -1 -1 -1 -1 -1 -1 -1 -1 gsm|lte 4)

W/SignalStrength( 2577): getGsmLevel=4

W/SignalStrength( 2577): getLevel=4 (SignalStrength: 11 -1 -1 -1 -1 -1 -1 -1 -1 -1 -1 -1 gsm|lte 4)

D/STATUSBAR-NetworkController( 2577): onSignalStrengthsChanged signalStrength=SignalStrength: 11 -1 -1 -1 -1 -1 -1 -1 -1 -1 -1 -1 gsm|lte 4 level=4

W/SignalStrength( 2282): getGsmDbm=-91

W/SignalStrength( 2282): getDbm=-91

W/SignalStrength( 2282): getGsmAsuLevel=11

W/SignalStrength( 2282): getAsuLevel=11

V/AlarmManager( 2282): waitForAlarm result :4

V/AlarmManager( 2282): trigger ELAPSED_REALTIME_WAKEUP or RTC_WAKEUP

D/BatteryService( 2282): update start

D/BatteryService( 2282): level:96 scale:100 status:2 health:2 present:true voltage: 4186 temperature: 371 technology: Li-ion AC powered:false USB powered:true icon:17303231 invalid charger:0

E/MtpService( 9545): In MTPAPP onReceive:android.intent.action.BATTERY_CHANGED

E/MtpService( 9545): battPlugged Type : 2

D/STATUSBAR-BatteryController( 2577): onReceive() - ACTION_BATTERY_CHANGED

D/STATUSBAR-BatteryController( 2577): onReceive() - level:96

D/STATUSBAR-BatteryController( 2577): onReceive() - plugged:2

D/STATUSBAR-BatteryController( 2577): onReceive() - BATTERY_STATUS_CHARGING:

D/STATUSBAR-PhoneStatusBar( 2577): ACTION_BATTERY_CHANGED

D/STATUSBAR-NetworkController( 2577): onDataActivity: direction=3

D/STATUSBAR-NetworkController( 2577): refreshSignalCluster: data=2 bt=false

D/STATUSBAR-SignalClusterView( 2577): mSeparateMobileGroup=0

D/STATUSBAR-SignalClusterView( 2577): mSeparateMobileGroup=0

D/STATUSBAR-SignalClusterView( 2577): mSeparateMobileGroup=0

D/ChildProcessLauncher(23755): stopping child connection: pid=24991

W/chromium(24991): [WARNING:channel.cc(549)] Failed to send message to ack remove remote endpoint (local ID 1, remote ID 1)

W/chromium(24991): [WARNING:channel.cc(549)] Failed to send message to ack remove remote endpoint (local ID 2147483648, remote ID 2)

E/JavaBinder( 2282): !!! FAILED BINDER TRANSACTION !!!

W/ActivityManager( 2282): Exception when unbinding service com.android.chrome/org.chromium.content.app.SandboxedProcessService1

W/ActivityManager( 2282): android.os.TransactionTooLargeException

W/ActivityManager( 2282): 	at android.os.BinderProxy.transact(Native Method)

W/ActivityManager( 2282): 	at android.app.ApplicationThreadProxy.scheduleUnbindService(ApplicationThreadNative.java:846)

W/ActivityManager( 2282): 	at com.android.server.am.ActivityManagerService.removeConnectionLocked(ActivityManagerService.java:12856)

W/ActivityManager( 2282): 	at com.android.server.am.ActivityManagerService.unbindService(ActivityManagerService.java:12884)

W/ActivityManager( 2282): 	at android.app.ActivityManagerNative.onTransact(ActivityManagerNative.java:756)

W/ActivityManager( 2282): 	at com.android.server.am.ActivityManagerService.onTransact(ActivityManagerService.java:1734)

W/ActivityManager( 2282): 	at android.os.Binder.execTransact(Binder.java:367)

W/ActivityManager( 2282): 	at com.android.server.SystemServer.init1(Native Method)

W/ActivityManager( 2282): 	at com.android.server.SystemServer.main(SystemServer.java:2076)

W/ActivityManager( 2282): 	at java.lang.reflect.Method.invokeNative(Native Method)

W/ActivityManager( 2282): 	at java.lang.reflect.Method.invoke(Method.java:511)

W/ActivityManager( 2282): 	at com.android.internal.os.ZygoteInit$MethodAndArgsCaller.run(ZygoteInit.java:1006)

W/ActivityManager( 2282): 	at com.android.internal.os.ZygoteInit.main(ZygoteInit.java:773)

W/ActivityManager( 2282): 	at dalvik.system.NativeStart.main(Native Method)

I/ActivityManager( 2282): Isolated process com.android.chrome:sandboxed_process1 (pid 24991) no longer needed

D/ChildProcessLauncher(23755): Allocator freed a connection, sandbox: true, slot: 1

D/dalvikvm( 9115): GC_CONCURRENT freed 407K, 23% free 13258K/17031K, paused 10ms+5ms, total 43ms

I/chromium(30179): [INFO:SkFontConfigParser_android.cpp(433)] File /system/etc/fonts.xml could not be opened.

I/chromium(30179): 

I/chromium(30179): [INFO:SkFontConfigParser_android.cpp(433)] File /vendor/etc/fallback_fonts.xml could not be opened.

I/chromium(30179): 

D/dalvikvm( 9115): GC_CONCURRENT freed 355K, 22% free 13291K/17031K, paused 3ms+4ms, total 29ms

W/SignalStrength( 2577): getGsmLevel=4

W/SignalStrength( 2577): getLevel=4 (SignalStrength: 11 -1 -1 -1 -1 -1 -1 -1 -1 -1 -1 -1 gsm|lte 4)

D/STATUSBAR-NetworkController( 2577): onServiceStateChanged state=0

D/STATUSBAR-NetworkController( 2577): updateDataNetType()

D/STATUSBAR-NetworkController( 2577): Nothing, mRoamingIconId = 0

D/ContextualPageReceiver( 2840): mContextualPageReceiver: ACTION_SERVICE_STATE_CHANGED isRoaming : false

V/Mms/DownloadManager(20532): Service state changed: Bundle[mParcelledData.dataSize=656]

V/Mms/DownloadManager(20532): roaming ------> false

I/WifiService( 2282): Booster FLAG : 1

I/WifiService( 2282): mBoosterFLAG : 1

I/WifiService( 2282): current booster mode : FullMode

D/WifiService( 2282): onDataConnectionStateChanged: state -2, networkType - UMTS

D/STATUSBAR-NetworkController( 2577): onDataConnectionStateChanged: state=2 type=3

D/STATUSBAR-NetworkController( 2577): updateDataNetType()

D/STATUSBAR-NetworkController( 2577): Nothing, mRoamingIconId = 0

D/STATUSBAR-NetworkController( 2577): refreshSignalCluster: data=2 bt=false

D/STATUSBAR-SignalClusterView( 2577): mSeparateMobileGroup=0

D/STATUSBAR-SignalClusterView( 2577): mSeparateMobileGroup=0

D/STATUSBAR-SignalClusterView( 2577): mSeparateMobileGroup=0

V/Mms/DownloadManager(20532): auto download without roaming -> true

V/Mms/DownloadManager(20532): auto download during roaming -> false

V/Mms/DownloadManager(20532): mAutoDownload ------> true

D/StatusChecker(21690): onReceive : android.intent.action.SERVICE_STATE

D/StatusChecker(21690): Service state changed : 0

W/AlarmManager( 2282): FACTORY_ON= 0

W/AlarmManager( 2282): FACTORY_ON= 0

D/PhoneApp( 2768): mReceiver: ACTION_ANY_DATA_CONNECTION_STATE_CHANGED

D/NotificationMgr( 2768): hideDataDisconnectedRoaming()...

D/MobileDataStateTracker( 2282): default: Received state=CONNECTED, old=CONNECTED, reason=nwTypeChanged

W/SignalStrength( 2577): getGsmLevel=4

W/SignalStrength( 2577): getLevel=4 (SignalStrength: 11 -1 -1 -1 -1 -1 -1 -1 -1 -1 -1 -1 gsm|lte 4)

D/STATUSBAR-NetworkController( 2577): onServiceStateChanged state=0

D/STATUSBAR-NetworkController( 2577): updateDataNetType()

D/STATUSBAR-NetworkController( 2577): Nothing, mRoamingIconId = 0

V/Mms/DownloadManager(20532): Service state changed: Bundle[mParcelledData.dataSize=656]

V/Mms/DownloadManager(20532): roaming ------> false

V/Mms/DownloadManager(20532): auto download without roaming -> true

V/Mms/DownloadManager(20532): auto download during roaming -> false

V/Mms/DownloadManager(20532): mAutoDownload ------> true

D/ContextualPageReceiver( 2840): mContextualPageReceiver: ACTION_SERVICE_STATE_CHANGED isRoaming : false

I/WifiService( 2282): Booster FLAG : 1

I/WifiService( 2282): mBoosterFLAG : 1

I/WifiService( 2282): current booster mode : FullMode

D/WifiService( 2282): onDataConnectionStateChanged: state -2, networkType - HSDPA

D/STATUSBAR-NetworkController( 2577): onDataConnectionStateChanged: state=2 type=8

D/STATUSBAR-NetworkController( 2577): updateDataNetType()

D/STATUSBAR-NetworkController( 2577): Nothing, mRoamingIconId = 0

D/STATUSBAR-NetworkController( 2577): refreshSignalCluster: data=2 bt=false

D/STATUSBAR-SignalClusterView( 2577): mSeparateMobileGroup=0

D/STATUSBAR-SignalClusterView( 2577): mSeparateMobileGroup=0

D/STATUSBAR-SignalClusterView( 2577): mSeparateMobileGroup=0

D/StatusChecker(21690): onReceive : android.intent.action.SERVICE_STATE

D/StatusChecker(21690): Service state changed : 0

D/MobileDataStateTracker( 2282): default: Received state=CONNECTED, old=CONNECTED, reason=nwTypeChanged

W/AlarmManager( 2282): FACTORY_ON= 0

D/PhoneApp( 2768): mReceiver: ACTION_ANY_DATA_CONNECTION_STATE_CHANGED

D/NotificationMgr( 2768): hideDataDisconnectedRoaming()...

W/AlarmManager( 2282): FACTORY_ON= 0

W/SignalStrength( 2577): getGsmLevel=4

W/SignalStrength( 2577): getLevel=4 (SignalStrength: 11 -1 -1 -1 -1 -1 -1 -1 -1 -1 -1 -1 gsm|lte 4)

D/STATUSBAR-NetworkController( 2577): onServiceStateChanged state=0

D/STATUSBAR-NetworkController( 2577): updateDataNetType()

D/STATUSBAR-NetworkController( 2577): Nothing, mRoamingIconId = 0

D/ContextualPageReceiver( 2840): mContextualPageReceiver: ACTION_SERVICE_STATE_CHANGED isRoaming : false

V/Mms/DownloadManager(20532): Service state changed: Bundle[mParcelledData.dataSize=656]

V/Mms/DownloadManager(20532): roaming ------> false

V/Mms/DownloadManager(20532): auto download without roaming -> true

V/Mms/DownloadManager(20532): auto download during roaming -> false

V/Mms/DownloadManager(20532): mAutoDownload ------> true

I/WifiService( 2282): Booster FLAG : 1

I/WifiService( 2282): mBoosterFLAG : 1

I/WifiService( 2282): current booster mode : FullMode

D/WifiService( 2282): onDataConnectionStateChanged: state -2, networkType - HSPA+

D/STATUSBAR-NetworkController( 2577): onDataConnectionStateChanged: state=2 type=15

D/STATUSBAR-NetworkController( 2577): updateDataNetType()

D/STATUSBAR-NetworkController( 2577): Nothing, mRoamingIconId = 0

D/STATUSBAR-NetworkController( 2577): refreshSignalCluster: data=2 bt=false

D/STATUSBAR-SignalClusterView( 2577): mSeparateMobileGroup=0

D/STATUSBAR-SignalClusterView( 2577): mSeparateMobileGroup=0

D/STATUSBAR-SignalClusterView( 2577): mSeparateMobileGroup=0

D/dalvikvm( 2768): GC_CONCURRENT freed 397K, 11% free 13289K/14791K, paused 18ms+4ms, total 56ms

D/StatusChecker(21690): onReceive : android.intent.action.SERVICE_STATE

D/StatusChecker(21690): Service state changed : 0

W/AlarmManager( 2282): FACTORY_ON= 0

D/PhoneApp( 2768): mReceiver: ACTION_ANY_DATA_CONNECTION_STATE_CHANGED

D/NotificationMgr( 2768): hideDataDisconnectedRoaming()...

D/MobileDataStateTracker( 2282): default: Received state=CONNECTED, old=CONNECTED, reason=nwTypeChanged

W/AlarmManager( 2282): FACTORY_ON= 0

D/STATUSBAR-NetworkController( 2577): onDataActivity: direction=1

D/STATUSBAR-NetworkController( 2577): refreshSignalCluster: data=2 bt=false

D/STATUSBAR-SignalClusterView( 2577): mSeparateMobileGroup=0

D/STATUSBAR-SignalClusterView( 2577): mSeparateMobileGroup=0

D/STATUSBAR-SignalClusterView( 2577): mSeparateMobileGroup=0

D/STATUSBAR-NetworkController( 2577): onDataActivity: direction=3

D/STATUSBAR-NetworkController( 2577): refreshSignalCluster: data=2 bt=false

D/STATUSBAR-SignalClusterView( 2577): mSeparateMobileGroup=0

D/STATUSBAR-SignalClusterView( 2577): mSeparateMobileGroup=0

D/STATUSBAR-SignalClusterView( 2577): mSeparateMobileGroup=0

V/AlarmManager( 2282): waitForAlarm result :8

V/AlarmManager( 2282): ClockReceiver onReceive() ACTION_TIME_TICK

W/AlarmManager( 2282): FACTORY_ON= 0

D/STATUSBAR-Clock( 2577): onReceive() - ACTION_TIME_TICK

D/STATUSBAR-Clock( 2577): onReceive() - ACTION_TIME_TICK

D/widget  ( 2840): [MSC_HERO_Accu_JB]>>> SM:1288 [0:0] bTCC WCV = 200

D/widget  ( 2840): [MSC_HERO_Accu_JB]>>> WC:1689 [0:0] drw 2nd Tm dt = 0457

D/ClockAlarmWidgetService( 8287): [ClockAlarmWidgetService] onReceive: action = android.intent.action.TIME_TICK

E/ClockAlarmWidget( 8287): [AlarmWidgetIdManager] getListItem() : itemIndex=0, widgetID:1

E/ClockAlarmWidget( 8287): [AlarmWidgetIdManager] getListItem() : ItemIndex exceed ListItemCount. itemIndex=1

E/ClockAlarmWidget( 8287): [AlarmWidgetIdManager] getListItem() : itemIndex=1, widgetID:1

D/ClockAlarmDataProvider( 8287): getAlarm() - too many same ID alarm data. nCount: 0

D/dalvikvm( 9115): GC_CONCURRENT freed 390K, 22% free 13293K/17031K, paused 3ms+4ms, total 34ms

D/PowerManagerService( 2282): lightSensorChangedLocked value=142 immediate=false

D/PowerManagerService( 2282): getAutoBrightnessValue : in bound ( 28 < 142 <= 425 )

D/PowerManagerService( 2282): getAutoBrightnessValue : in bound ( 28 < 142 <= 425 )

D/PowerManagerService( 2282): lcdValue 86

D/PowerManagerService( 2282): buttonValue 86

D/PowerManagerService( 2282): keyboardValue 0

D/PowerManagerService( 2282): lightSensorChangedLocked : mKeyboardLight : 0

E/Watchdog( 2282): !@Sync 387

W/SignalStrength( 2282): getGsmLevel=4

W/SignalStrength( 2282): getLevel=4 (SignalStrength: 12 -1 -1 -1 -1 -1 -1 -1 -1 -1 -1 -1 gsm|lte 4)

W/SignalStrength( 2577): getGsmLevel=4

W/SignalStrength( 2577): getLevel=4 (SignalStrength: 12 -1 -1 -1 -1 -1 -1 -1 -1 -1 -1 -1 gsm|lte 4)

W/SignalStrength( 2577): getGsmLevel=4

W/SignalStrength( 2577): getLevel=4 (SignalStrength: 12 -1 -1 -1 -1 -1 -1 -1 -1 -1 -1 -1 gsm|lte 4)

W/SignalStrength( 2282): getGsmDbm=-89

W/SignalStrength( 2282): getDbm=-89

W/SignalStrength( 2282): getGsmAsuLevel=12

W/SignalStrength( 2282): getAsuLevel=12

D/STATUSBAR-NetworkController( 2577): onSignalStrengthsChanged signalStrength=SignalStrength: 12 -1 -1 -1 -1 -1 -1 -1 -1 -1 -1 -1 gsm|lte 4 level=4

D/dalvikvm( 9115): GC_CONCURRENT freed 374K, 22% free 13324K/17031K, paused 17ms+6ms, total 60ms

D/PowerManagerService( 2282): lightSensorChangedLocked value=146 immediate=false

D/PowerManagerService( 2282): getAutoBrightnessValue : in bound ( 28 < 146 <= 425 )

D/PowerManagerService( 2282): getAutoBrightnessValue : in bound ( 28 < 146 <= 425 )

D/PowerManagerService( 2282): lcdValue 86

D/PowerManagerService( 2282): buttonValue 86

D/PowerManagerService( 2282): keyboardValue 0

D/PowerManagerService( 2282): lightSensorChangedLocked : mKeyboardLight : 0

D/dalvikvm( 9115): GC_CONCURRENT freed 412K, 22% free 13319K/17031K, paused 27ms+5ms, total 93ms

D/dalvikvm( 9115): GC_CONCURRENT freed 422K, 22% free 13297K/17031K, paused 4ms+6ms, total 52ms

V/AlarmManager( 2282): waitForAlarm result :8

W/AlarmManager( 2282): FACTORY_ON= 0

D/ApplicationPolicy( 2282): isStatusBarNotificationAllowed: packageName = com.infoweise.parentalcontrol.secureteen

D/STATUSBAR-NotificationService( 2282): Noti Alert - mSystemReady:true, AlertEnabled:true

D/ApplicationPolicy( 2282): isStatusBarNotificationAllowed: packageName = com.infoweise.parentalcontrol.secureteen

D/StatusBar( 2577): expanding top notification at 2entry.userCollapsed() = false

D/STATUSBAR-NotificationService( 2282): Noti Alert - mSystemReady:true, AlertEnabled:true

D/StatusBar( 2577): expanding top notification at 2entry.userCollapsed() = false

D/dalvikvm( 9115): GC_CONCURRENT freed 417K, 22% free 13291K/17031K, paused 12ms+13ms, total 43ms

W/CursorWrapperInner( 9115): Cursor finalized without prior close()

V/MmsProvider( 2768): Query uri=content://mms, match=0

D/dalvikvm( 9115): GC_CONCURRENT freed 249K, 22% free 13451K/17031K, paused 12ms+4ms, total 37ms

W/CursorWrapperInner( 9115): Cursor finalized without prior close()

D/dalvikvm( 9115): GC_CONCURRENT freed 347K, 21% free 13522K/17031K, paused 3ms+5ms, total 37ms

D/dalvikvm( 9115): GC_CONCURRENT freed 390K, 21% free 13522K/17031K, paused 16ms+7ms, total 69ms

D/dalvikvm( 9115): GC_CONCURRENT freed 303K, 20% free 13653K/17031K, paused 16ms+8ms, total 76ms

D/STATUSBAR-NetworkController( 2577): onDataActivity: direction=0

